12-17 15:49:33.873  1757  1757 E ClassManager: 	at org.firstinspires.ftc.robotcore.internal.opmode.ClassManager.classNamesToClasses(ClassManager.java:214)
12-17 15:49:33.874  1757  1757 E ClassManager: 	at org.firstinspires.ftc.robotcore.internal.opmode.ClassManager.processAllClasses(ClassManager.java:257)
12-17 15:49:33.875  1757  1757 E ClassManager: 	at com.qualcomm.ftccommon.ClassManagerFactory.processAllClasses(ClassManagerFactory.java:94)
12-17 15:49:33.876  1757  1757 E ClassManager: 	at org.firstinspires.ftc.robotcontroller.internal.FtcRobotControllerActivity.onCreate(FtcRobotControllerActivity.java:356)
12-17 15:49:33.876  1757  1757 E ClassManager: 	at android.app.Activity.performCreate(Activity.java:6709)
12-17 15:49:33.877  1757  1757 E ClassManager: 	at android.app.Instrumentation.callActivityOnCreate(Instrumentation.java:1118)
12-17 15:49:33.878  1757  1757 E ClassManager: 	at android.app.ActivityThread.performLaunchActivity(ActivityThread.java:2619)
12-17 15:49:33.878  1757  1757 E ClassManager: 	at android.app.ActivityThread.handleLaunchActivity(ActivityThread.java:2727)
12-17 15:49:33.879  1757  1757 E ClassManager: 	at android.app.ActivityThread.-wrap12(ActivityThread.java)
12-17 15:49:33.880  1757  1757 E ClassManager: 	at android.app.ActivityThread$H.handleMessage(ActivityThread.java:1478)
12-17 15:49:33.880  1757  1757 E ClassManager: 	at android.os.Handler.dispatchMessage(Handler.java:102)
12-17 15:49:33.880  1757  1757 E ClassManager: 	at android.os.Looper.loop(Looper.java:154)
12-17 15:49:33.881  1757  1757 E ClassManager: 	at android.app.ActivityThread.main(ActivityThread.java:6121)
12-17 15:49:33.881  1757  1757 E ClassManager: 	at java.lang.reflect.Method.invoke(Native Method)
12-17 15:49:33.882  1757  1757 E ClassManager: 	at com.android.internal.os.ZygoteInit$MethodAndArgsCaller.run(ZygoteInit.java:905)
12-17 15:49:33.883  1757  1757 E ClassManager: 	at com.android.internal.os.ZygoteInit.main(ZygoteInit.java:795)
12-17 15:49:33.884  1757  1757 E ClassManager: Caused by: java.lang.ClassNotFoundException: Didn't find class "org.ejml.dense.row.FMatrixComponent" on path: DexPathList[[],nativeLibraryDirectories=[/system/lib, /vendor/lib]]
12-17 15:49:33.885  1757  1757 E ClassManager: 	at dalvik.system.BaseDexClassLoader.findClass(BaseDexClassLoader.java:56)
12-17 15:49:33.885  1757  1757 E ClassManager: 	at java.lang.ClassLoader.loadClass(ClassLoader.java:380)
12-17 15:49:33.886  1757  1757 E ClassManager: 	at java.lang.ClassLoader.loadClass(ClassLoader.java:312)
12-17 15:49:33.886  1757  1757 E ClassManager: 	... 18 more
12-17 15:49:36.104  1757  1757 V UpdateUI: Network: inactive, disconnected
12-17 15:49:36.105  1757  1757 V ServiceStarter: attempting to start service FtcRobotControllerWatchdogService
12-17 15:49:36.107  1757  1757 V ServiceStarter: started service FtcRobotControllerWatchdogService
12-17 15:49:36.115  1757  1757 V RobotCore: BuildConfig: versionCode=42 versionName=7.0 packageName=com.qualcomm.ftcrobotcontroller
12-17 15:49:36.115  1757  1757 V RobotCore: BuildConfig: versionCode=85 versionName=17.0 packageName=com.qualcomm.robotcore
12-17 15:49:36.116  1757  1757 V RobotCore: BuildConfig: versionCode=85 versionName=17.0 packageName=com.qualcomm.hardware
12-17 15:49:36.116  1757  1757 V RobotCore: BuildConfig: versionCode=85 versionName=17.0 packageName=com.qualcomm.ftccommon
12-17 15:49:36.116  1757  1757 V RobotCore: BuildConfig: versionCode=85 versionName=17.0 packageName=com.google.blocks
12-17 15:49:36.117  1757  1757 V RobotCore: BuildConfig: versionCode=85 versionName=17.0 packageName=org.firstinspires.inspection
12-17 15:49:36.117  1757  1757 I RCActivity: Android device serial number: 8e5f2da481cbb250
12-17 15:49:36.117  1757  1757 V AndroidBoard: REV Control Hub contains REV3328
12-17 15:49:36.117  1757  1757 V AndroidBoard: Communicating with embedded REV hub via /dev/ttyS1
12-17 15:49:36.117  1757  1757 I RobotCore: Android Device: maker=REV Robotics model=Control Hub v1.0 sdk=25
12-17 15:49:36.119  1757  1757 V RCActivity: onStart()
12-17 15:49:36.126  1757  1757 V RCActivity: onResume()
12-17 15:49:36.145  1757  1757 V RCActivity: onPause()
12-17 15:49:36.148  1757  1757 V NetDiscover_prefremrc: onSharedPreferenceChanged(name=App Restrictions, value=AAAAAA==
12-17 15:49:36.148  1757  1757 V NetDiscover_prefremrc: )
12-17 15:49:36.162  1757  1757 I PermissionValidatorActivity: Lifecycle onCreate : 1b109b3
12-17 15:49:36.188  1757  1757 I PermissionValidatorActivity: Lifecycle onStart : 1b109b3
12-17 15:49:36.188  1757  1757 I PermissionValidator: Checking permission for android.permission.WRITE_EXTERNAL_STORAGE
12-17 15:49:36.189  1757  1757 I PermissionValidator:     Granted: android.permission.WRITE_EXTERNAL_STORAGE
12-17 15:49:36.189  1757  1757 I PermissionValidator: Checking permission for android.permission.READ_EXTERNAL_STORAGE
12-17 15:49:36.190  1757  1757 I PermissionValidator:     Granted: android.permission.READ_EXTERNAL_STORAGE
12-17 15:49:36.190  1757  1757 I PermissionValidator: Checking permission for android.permission.CAMERA
12-17 15:49:36.191  1757  1757 I PermissionValidator:     Granted: android.permission.CAMERA
12-17 15:49:36.191  1757  1757 I PermissionValidator: Checking permission for android.permission.ACCESS_COARSE_LOCATION
12-17 15:49:36.192  1757  1757 I PermissionValidator:     Granted: android.permission.ACCESS_COARSE_LOCATION
12-17 15:49:36.193  1757  1757 I PermissionValidator: Checking permission for android.permission.ACCESS_FINE_LOCATION
12-17 15:49:36.193  1757  1757 I PermissionValidator:     Granted: android.permission.ACCESS_FINE_LOCATION
12-17 15:49:36.194  1757  1757 I PermissionValidator: Checking permission for android.permission.READ_PHONE_STATE
12-17 15:49:36.195  1757  1757 I PermissionValidator:     Granted: android.permission.READ_PHONE_STATE
12-17 15:49:36.196  1757  1757 V ServiceStarter: attempting to start service MediaTransferProtocolMonitorService
12-17 15:49:36.198  1757  1757 V ServiceStarter: started service MediaTransferProtocolMonitorService
12-17 15:49:36.199  1757  1757 V ServiceStarter: attempting to start service OnBotJavaService
12-17 15:49:36.200  1757  1757 V ServiceStarter: started service OnBotJavaService
12-17 15:49:36.200  1757  1757 I PermissionValidatorActivity: All permissions validated.  Starting RobotController
12-17 15:49:36.213  1757  1757 V FtcRobotControllerWatchdogService: onCreate()
12-17 15:49:36.213  1757  1757 V FtcRobotControllerWatchdogService: onStartCommand() intent=Intent { cmp=com.qualcomm.ftcrobotcontroller/org.firstinspires.ftc.ftccommon.internal.FtcRobotControllerWatchdogService } flags=0x0 startId=1
12-17 15:49:36.214  1757  1757 V FtcRobotControllerWatchdogService: shouldAutoLauchRobotController() result=true
12-17 15:49:36.217  1757  1757 V FTCService: onCreate()
12-17 15:49:36.221  1757  1757 V FTCService: onBind()
12-17 15:49:36.229  1757  1757 V CoreRobotWebServer: creating NanoHTTPD(8080)
12-17 15:49:36.234  1757  1757 V WebSocketManager: Registered broadcast-only namespace progress
12-17 15:49:36.240  1757  1757 V WebSocketManager: Registered handler for namespace ControlHubUpdater
12-17 15:49:36.241  1757  1757 V RobotCore: Getting network assistant of type: RCWIRELESSAP
12-17 15:49:36.243  1757  1757 I RobotControllerAccessPointAssistant: Enabling network services
12-17 15:49:36.245  1757  1757 I RobotControllerAccessPointAssistant: Sending SSID and password to AP service
12-17 15:49:36.246  1757  1757 I RobotCore: WPAkey18613
12-17 15:49:36.246  1757  1757 D RobotControllerAccessPointAssistant: setNetworkProperties(deviceName=18613-RC, password=WPAkey18613, ApChannel=null) sendSettingsIndividually=false
12-17 15:49:36.246  1757  1757 I NetDiscover_ControlHubNameManager: Robot controller name: 18613-RC
12-17 15:49:36.247  1757  1757 I ControlHubPasswordManager: Robot controller password: WPAkey18613
12-17 15:49:36.247  1757  1757 D RobotControllerAccessPointAssistant: Sending bulk settings broadcast intent
12-17 15:49:36.291  1757  1757 V MTPMonitorService: onStartCommand() intent=Intent { cmp=com.qualcomm.ftcrobotcontroller/org.firstinspires.ftc.robotcore.internal.files.MediaTransferProtocolMonitorService } flags=0x0 startId=2
12-17 15:49:36.296  1757  1757 V MTPMonitor: observing: /storage/emulated/0
12-17 15:49:36.324  1757  1757 W FileObserverManager: upgrading mask: path=/storage/emulated/0/FIRST/java/status old=0x00000ffc new=0x00004ffc: might possibly miss event
12-17 15:49:36.326  1757  1757 W FileObserverManager: upgrading mask: path=/storage/emulated/0/FIRST/java/control old=0x00000ffc new=0x00004ffc: might possibly miss event
12-17 15:49:36.341  1757  1757 W FileObserverManager: upgrading mask: path=/storage/emulated/0/FIRST/blocks old=0x00000ffc new=0x00004ffc: might possibly miss event
12-17 15:49:36.353  1757  1757 V OnBotJavaService: onStartCommand() intent=Intent { cmp=com.qualcomm.ftcrobotcontroller/org.firstinspires.ftc.onbotjava.OnBotJavaService } flags=0x0 startId=2
12-17 15:49:36.353  1757  1757 V OnBotJava: ctor()...
12-17 15:49:36.354  1757  1757 W FileObserverManager: upgrading mask: path=/storage/emulated/0/FIRST/java/control/buildRequest.txt old=0x00000ffc new=0x00000ffe: might possibly miss event
12-17 15:49:36.355  1757  1757 V OnBotJava: ...ctor()
12-17 15:49:36.360  1757  1757 V RCActivity: onResume()
12-17 15:49:36.360  1757  1757 V RCActivity: onPause()
12-17 15:49:36.360  1757  1757 I RobotControllerAccessPointAssistant: Wi-Fi state change:, wifiApState: 13
12-17 15:49:36.361  1757  1757 I FTCService: onNetworkConnectionEvent: CONNECTION_INFO_AVAILABLE
12-17 15:49:36.361  1757  1757 I RobotCore: WPAkey18613
12-17 15:49:36.361  1757  1757 I FTCService: Network Connection Passphrase: WPAkey18613
12-17 15:49:36.361  1757  1757 V CoreRobotWebServer: starting port=8080
12-17 15:49:36.373  1757  1757 V RobotCore: Getting network assistant of type: RCWIRELESSAP
12-17 15:49:36.377  1757  1757 V CoreRobotWebServer: started port=8080
12-17 15:49:36.377  1757  1757 V FTCService: RCActivity.controllerService=bound
12-17 15:49:36.378  1757  1757 V UpdateUI: Network: active, disconnected
12-17 15:49:36.379  1757  1757 V RobotCore: Robot Status: stopped
12-17 15:49:36.386  1757  1829 V TooTallWebSocketServer: Started WebSocket server on port 8081
12-17 15:49:36.390  1757  1832 V RobotCore: thread: 'RobotSetupRunnable.run()' starting...
12-17 15:49:36.390  1757  1832 V FTCService: Processing robot setup
12-17 15:49:36.392  1757  1832 V RobotCore: Robot Status: stopped, scanning for USB devices
12-17 15:49:36.392  1757  1832 I AppAliveNotifier: Telling the OS to set the RC alive notification timeout to 10 seconds
12-17 15:49:36.410  1757  1757 V WebSocketManager: Registered handler for namespace ONBOTJAVA
12-17 15:49:36.415  1757  1757 V RCActivity: onResume()
12-17 15:49:36.433  1757  1823 I OpenGLRenderer: Initialized EGL, version 1.4
12-17 15:49:36.433  1757  1823 D OpenGLRenderer: Swap behavior 1
12-17 15:49:36.454  1757  1823 I [Gralloc]:  ion device open success! fd = 92
12-17 15:49:36.934  1757  1757 I PermissionValidatorActivity: Lifecycle onDestroy : 1b109b3
12-17 15:49:36.935  1757  1757 V AppUtil : rootActivity=PermissionValidatorWrapper destroyed
12-17 15:49:36.935  1757  1757 V AppUtil : rootActivity=FtcRobotControllerActivity
12-17 15:49:36.936  1757  1757 I PermissionValidatorActivity: Lifecycle onDestroy : a5546b7
12-17 15:49:41.401  1757  1832 V RobotCore: EventLoopManager state is NOT_STARTED
12-17 15:49:41.401  1757  1832 V FTCService: Waiting for a connection to a Wi-Fi service
12-17 15:49:41.402  1757  1832 V RobotCore: Robot Status: stopped, waiting for network to become active
12-17 15:49:41.406  1757  1832 I RobotControllerAccessPointAssistant: Wi-Fi AP is enabled
12-17 15:49:41.406  1757  1832 V CoreRobotWebServer: Asked an already running WebServer to start
12-17 15:49:41.407  1757  1832 V RobotCore: Robot Status: stopped, starting robot
12-17 15:49:41.407  1757  1832 V Robocol : EventLoopManager.start()
12-17 15:49:41.407  1757  1832 V RobotCore: Getting network assistant of type: RCWIRELESSAP
12-17 15:49:41.408  1757  1832 I RobotControllerAccessPointAssistant: Wi-Fi AP is enabled
12-17 15:49:41.408  1757  1832 V Robocol : Spoofing a Network Connection event...
12-17 15:49:41.408  1757  1832 I EventLoopManager: onNetworkConnectionEvent: CONNECTION_INFO_AVAILABLE
12-17 15:49:41.409  1757  1832 I Robocol : Received network connection event
12-17 15:49:41.410  1757  1832 I RobotControllerAccessPointAssistant: Wi-Fi AP is enabled
12-17 15:49:41.410  1757  1832 I NetworkConnectionHandler: Handling new network connection infomation, connected: true setup needed: true
12-17 15:49:41.411  1757  1832 I RobotControllerAccessPointAssistant: Wi-Fi AP is enabled
12-17 15:49:44.432  1757  1840 V RobotCore: thread: 'SetupRunnable.run()' starting...
12-17 15:49:44.433  1757  1832 V RobotCore: EventLoopManager state is STOPPED
12-17 15:49:44.434  1757  1832 V Robocol : eventLoop=FtcEventLoop
12-17 15:49:44.436  1757  1832 V RobotCore: EventLoopManager state is INIT
12-17 15:49:44.437  1757  1832 V RobotCore: Robot Status: initializing, starting robot
12-17 15:49:44.437  1757  1832 I FtcEventLoop: ======= INIT START =======
12-17 15:49:44.439  1757  1832 V OpmodeRegistration: registered {DefaultOpMode} as {$Stop$Robot$}
12-17 15:49:44.450  1757  1840 D Robocol : RobocolDatagramSocket listening addr=/192.168.43.1:20884 cbRec=65520 cbSend=106496 msRecTO=300
12-17 15:49:44.452  1757  1840 V Robocol : RecvLoopRunnable created
12-17 15:49:44.456  1757  1841 V Robocol : PacketProcessor started
12-17 15:49:44.458  1757  1842 V Robocol : CommandProcessor started
12-17 15:49:44.460  1757  1843 V RobotCore: thread: 'RecvLoopRunnable.run()' starting...
12-17 15:49:44.468  1757  1840 V PeerDiscovery: Starting peer discovery remote: /192.168.43.1 local: /192.168.43.1
12-17 15:49:44.468  1757  1840 V PeerDiscovery: No need for initiating peer discovery, we are the Robot Controller
12-17 15:49:44.468  1757  1840 V RobotCore: Setup complete
12-17 15:49:44.469  1757  1840 V RobotCore: thread: ...terminating 'SetupRunnable.run()'
12-17 15:49:44.583  1757  1832 V OpmodeRegistration: registered instance as {Auto_4}
12-17 15:49:44.584  1757  1832 V OpmodeRegistration: registered instance as {Auto_5}
12-17 15:49:44.584  1757  1832 V OpmodeRegistration: registered instance as {imu}
12-17 15:49:44.584  1757  1832 V OpmodeRegistration: registered instance as {maisumtestedecamera}
12-17 15:49:44.584  1757  1832 V OpmodeRegistration: registered instance as {Mecanum_Robot}
12-17 15:49:44.585  1757  1832 V OpmodeRegistration: registered instance as {PID}
12-17 15:49:44.585  1757  1832 V OpmodeRegistration: registered instance as {Servo}
12-17 15:49:44.586  1757  1832 V OpmodeRegistration: registered instance as {TeleOp_2}
12-17 15:49:44.586  1757  1832 V OpmodeRegistration: registered instance as {teste servo}
12-17 15:49:44.586  1757  1832 V OpmodeRegistration: registered instance as {teste_auto}
12-17 15:49:44.586  1757  1832 V OpmodeRegistration: registered instance as {testes}
12-17 15:49:44.587  1757  1832 V OpmodeRegistration: registered instance as {WebcamDetection}
12-17 15:49:44.587  1757  1832 V OpmodeRegistration: registered instance as {sakdlsa}
12-17 15:49:44.587  1757  1832 V OpmodeRegistration: registered instance as {ooooooooooo}
12-17 15:49:44.592  1757  1832 E OpenFTC-OpenCV-Repackaged-Loader: libOpenCvAndroid453.so was not found, any OpenCV-enabled OpModes will crash. Please copy it to the FIRST folder on the internal storage
12-17 15:49:44.593  1757  1832 E OpenFTC-OpenCV-Repackaged-Loader: org.openftc.opencvrepackaged.OpenCvNativeLibNotFoundException
12-17 15:49:44.595  1757  1832 E OpenFTC-OpenCV-Repackaged-Loader: 	at org.openftc.opencvrepackaged.DynamicOpenCvNativeLibLoader.setupOpenCvFiles(DynamicOpenCvNativeLibLoader.java:248)
12-17 15:49:44.595  1757  1832 E OpenFTC-OpenCV-Repackaged-Loader: 	at org.openftc.opencvrepackaged.DynamicOpenCvNativeLibLoader.setupOpenCVNativeLib(DynamicOpenCvNativeLibLoader.java:140)
12-17 15:49:44.596  1757  1832 E OpenFTC-OpenCV-Repackaged-Loader: 	at org.openftc.opencvrepackaged.DynamicOpenCvNativeLibLoader.loadNativeLibOnStartRobot(DynamicOpenCvNativeLibLoader.java:107)
12-17 15:49:44.597  1757  1832 E OpenFTC-OpenCV-Repackaged-Loader: 	at java.lang.reflect.Method.invoke(Native Method)
12-17 15:49:44.597  1757  1832 E OpenFTC-OpenCV-Repackaged-Loader: 	at org.firstinspires.ftc.robotcore.internal.opmode.AnnotatedOpModeClassFilter.callOpModeRegistrarMethods(AnnotatedOpModeClassFilter.java:516)
12-17 15:49:44.598  1757  1832 E OpenFTC-OpenCV-Repackaged-Loader: 	at org.firstinspires.ftc.robotcore.internal.opmode.AnnotatedOpModeClassFilter.registerAllClasses(AnnotatedOpModeClassFilter.java:120)
12-17 15:49:44.599  1757  1832 E OpenFTC-OpenCV-Repackaged-Loader: 	at org.firstinspires.ftc.robotcore.internal.opmode.RegisteredOpModes$3.run(RegisteredOpModes.java:198)
12-17 15:49:44.600  1757  1832 E OpenFTC-OpenCV-Repackaged-Loader: 	at org.firstinspires.ftc.robotcore.internal.opmode.RegisteredOpModes.lockOpModesWhile(RegisteredOpModes.java:319)
12-17 15:49:44.600  1757  1832 E OpenFTC-OpenCV-Repackaged-Loader: 	at org.firstinspires.ftc.robotcore.internal.opmode.RegisteredOpModes.registerAllOpModes(RegisteredOpModes.java:182)
12-17 15:49:44.601  1757  1832 E OpenFTC-OpenCV-Repackaged-Loader: 	at com.qualcomm.ftccommon.FtcEventLoop.init(FtcEventLoop.java:181)
12-17 15:49:44.601  1757  1832 E OpenFTC-OpenCV-Repackaged-Loader: 	at com.qualcomm.robotcore.eventloop.EventLoopManager.startEventLoop(EventLoopManager.java:563)
12-17 15:49:44.602  1757  1832 E OpenFTC-OpenCV-Repackaged-Loader: 	at com.qualcomm.robotcore.eventloop.EventLoopManager.setEventLoop(EventLoopManager.java:537)
12-17 15:49:44.602  1757  1832 E OpenFTC-OpenCV-Repackaged-Loader: 	at com.qualcomm.robotcore.eventloop.EventLoopManager.start(EventLoopManager.java:479)
12-17 15:49:44.603  1757  1832 E OpenFTC-OpenCV-Repackaged-Loader: 	at com.qualcomm.robotcore.robot.Robot.start(Robot.java:59)
12-17 15:49:44.604  1757  1832 E OpenFTC-OpenCV-Repackaged-Loader: 	at com.qualcomm.ftccommon.FtcRobotControllerService$RobotSetupRunnable.startRobot(FtcRobotControllerService.java:281)
12-17 15:49:44.604  1757  1832 E OpenFTC-OpenCV-Repackaged-Loader: 	at com.qualcomm.ftccommon.FtcRobotControllerService$RobotSetupRunnable$1.run(FtcRobotControllerService.java:300)
12-17 15:49:44.606  1757  1832 E OpenFTC-OpenCV-Repackaged-Loader: 	at com.qualcomm.robotcore.util.ThreadPool.logThreadLifeCycle(ThreadPool.java:737)
12-17 15:49:44.606  1757  1832 E OpenFTC-OpenCV-Repackaged-Loader: 	at com.qualcomm.ftccommon.FtcRobotControllerService$RobotSetupRunnable.run(FtcRobotControllerService.java:291)
12-17 15:49:44.607  1757  1832 E OpenFTC-OpenCV-Repackaged-Loader: 	at java.util.concurrent.Executors$RunnableAdapter.call(Executors.java:428)
12-17 15:49:44.608  1757  1832 E OpenFTC-OpenCV-Repackaged-Loader: 	at java.util.concurrent.FutureTask.run(FutureTask.java:237)
12-17 15:49:44.608  1757  1832 E OpenFTC-OpenCV-Repackaged-Loader: 	at java.util.concurrent.ThreadPoolExecutor.runWorker(ThreadPoolExecutor.java:1133)
12-17 15:49:44.609  1757  1832 E OpenFTC-OpenCV-Repackaged-Loader: 	at java.util.concurrent.ThreadPoolExecutor$Worker.run(ThreadPoolExecutor.java:607)
12-17 15:49:44.609  1757  1832 E OpenFTC-OpenCV-Repackaged-Loader: 	at com.qualcomm.robotcore.util.ThreadPool$ThreadFactoryImpl$1.run(ThreadPool.java:793)
12-17 15:49:44.610  1757  1832 E OpenFTC-OpenCV-Repackaged-Loader: 	at java.lang.Thread.run(Thread.java:761)
12-17 15:49:44.613  1757  1832 V OpmodeRegistration: registered {Red2} as {Red-2-WarehouseGrab}
12-17 15:49:44.614  1757  1832 V OpmodeRegistration: registered {GenericRecognitionTest} as {Rec test Thread}
12-17 15:49:44.615  1757  1832 V OpmodeRegistration: registered {Blue2} as {Blue-2-WarehouseGrab}
12-17 15:49:44.615  1757  1832 V OpmodeRegistration: registered {Blue1} as {Blue-1-Storage}
12-17 15:49:44.616  1757  1832 V OpmodeRegistration: registered {MasterCalibCam} as {MasterCalib Cam}
12-17 15:49:44.616  1757  1832 V OpmodeRegistration: registered {Red1} as {Red-1-Storage}
12-17 15:49:44.617  1757  1832 V OpmodeRegistration: registered {MasterOdoCam} as {Master Odo Cam}
12-17 15:49:44.683  1757  1832 V FtcEventLoop: Ensuring that the embedded Control Hub module is set up correctly
12-17 15:49:44.689  1757  1832 V RobotCore: Creating REV Robotics USB Expansion Hub Portal [(embedded)]
12-17 15:49:44.690  1757  1832 V LynxUsb : creating new [(embedded)]: 0x0ce1adb2
12-17 15:49:44.693  1757  1832 V FtDeviceManager: createDeviceInfoList(): 0 USB devices
12-17 15:49:44.694  1757  1832 V RobotUsbManagerCombining: FTDI driver failed to open USB device with serial number (embedded) (returned null device)
12-17 15:49:44.691  1757  1757 I pRunnable.run(): type=1400 audit(0.0:231): avc: denied { read } for name="ttyS1" dev="tmpfs" ino=8216 scontext=u:r:untrusted_app:s0:c512,c768 tcontext=u:object_r:serial_device:s0 tclass=chr_file permissive=1
12-17 15:49:44.695  1757  1832 V SerialPortNative: [SerialPort.cpp:150] opened(/dev/ttyS1): fd=94
12-17 15:49:44.691  1757  1757 I pRunnable.run(): type=1400 audit(0.0:232): avc: denied { write } for name="ttyS1" dev="tmpfs" ino=8216 scontext=u:r:untrusted_app:s0:c512,c768 tcontext=u:object_r:serial_device:s0 tclass=chr_file permissive=1
12-17 15:49:44.694  1757  1757 I pRunnable.run(): type=1400 audit(0.0:233): avc: denied { open } for path="/dev/ttyS1" dev="tmpfs" ino=8216 scontext=u:r:untrusted_app:s0:c512,c768 tcontext=u:object_r:serial_device:s0 tclass=chr_file permissive=1
12-17 15:49:44.696  1757  1832 V RobotUsbDeviceTTY: opening serial=(embedded) file=/dev/ttyS1
12-17 15:49:44.696  1757  1832 V LynxUsb : armDevice() serial=(embedded)...
12-17 15:49:44.694  1757  1757 I pRunnable.run(): type=1400 audit(0.0:234): avc: denied { ioctl } for path="/dev/ttyS1" dev="tmpfs" ino=8216 ioctlcmd=5401 scontext=u:r:untrusted_app:s0:c512,c768 tcontext=u:object_r:serial_device:s0 tclass=chr_file permissive=1
12-17 15:49:44.696  1757  1832 V LynxUsb : resetDevice() serial=(embedded)
12-17 15:49:44.698  1757  1832 V LynxModule: resetting embedded usb device: isPresent: was=true
12-17 15:49:44.699  1757  1832 V LynxModuleResetPin: writing aspect=/sys/class/gpio/gpio87/value value=0
12-17 15:49:44.763  1757  1843 E Robocol : exception SocketTimeoutException(Receive timed out): no packet received [java.net.PlainDatagramSocketImpl.receive0(Native Method)]
12-17 15:49:44.776  1757  1832 V LynxModuleResetPin: writing aspect=/sys/class/gpio/gpio87/value value=1
12-17 15:49:45.055  1757  1832 V LynxUsb : ...done armDevice()
12-17 15:49:45.056  1757  1832 V LynxUsb : 0x0e0caeb9 on 0x0ce1adb2: new delegate to [(embedded)]
12-17 15:49:45.056  1757  1845 V RobotCore: thread: 'lynx incoming datagrams' starting...
12-17 15:49:45.064  1757  1832 V LynxUsb : addConfiguredModule() module#=173
12-17 15:49:45.065  1757  1832 V LynxModule: pingAndQueryKnownInterfaces mod=173
12-17 15:49:45.068  1757  1845 V LynxUsb : synchronization gained: serial=(embedded)
12-17 15:49:45.088  1757  1832 V LynxModule: mod#=173 queryInterface(DEKA)=54 commands starting at 4096
12-17 15:49:45.102  1757  1832 V LynxModule: sending LynxFtdiResetControlCommand(true) wasInterrupted=false
12-17 15:49:45.108  1757  1832 V LynxModule: sendLEDPatternSteps(): steps=[Step(color=65280, msDuration=1000)]
12-17 15:49:45.113  1757  1832 V LynxModule: setAsControlHubEmbeddedModule(mod=173)
12-17 15:49:45.114  1757  1832 V EmbeddedControlHubModule: setting embedded module
12-17 15:49:45.114  1757  1832 V LynxModule: close(#173)
12-17 15:49:45.114  1757  1832 V LynxModule: sending LynxFtdiResetControlCommand(false) wasInterrupted=false
12-17 15:49:45.216  1757  1832 V LynxModule: retransmitting: mod=173 cmd=0x1031 msg#=7 ref#=0 
12-17 15:49:45.318  1757  1832 V LynxModule: retransmitting: mod=173 cmd=0x1031 msg#=7 ref#=0 
12-17 15:49:45.365  1757  1832 V LynxModule: retransmitting: mod=173 cmd=0x1031 msg#=7 ref#=0 
12-17 15:49:45.372  1757  1832 V LynxUsb : Verified that the embedded Control Hub module has the correct address
12-17 15:49:45.372  1757  1832 V HardwareFactory: createHardwareMap()
12-17 15:49:45.372  1757  1832 V EmbeddedControlHubModule: clearing embedded module
12-17 15:49:45.394  1757  1841 D RobotCore: system telemetry: key=$System$Warning$ msg="libOpenCvAndroid453.so was not found, any OpenCV-enabled OpModes will crash. Please copy it to the FIRST folder on the internal storage"
12-17 15:49:45.395  1757  1841 V PeerDiscovery: new remote peer discovered: 192.168.43.6
12-17 15:49:45.395  1757  1841 V NetworkConnectionHandler: starting sending loop
12-17 15:49:45.397  1757  1847 V Robocol : sending CMD_NOTIFY_ROBOT_STATE(7), attempt: 0
12-17 15:49:45.399  1757  1847 V Robocol : sending CMD_NOTIFY_ROBOT_STATE(8), attempt: 0
12-17 15:49:45.400  1757  1832 V ReadXMLFileHandler: embedded lynx USB device is already present
12-17 15:49:45.401  1757  1832 V RobotCore: Creating REV Robotics USB Expansion Hub Portal [(embedded)]
12-17 15:49:45.402  1757  1832 V LynxUsb : using existing [(embedded)]: 0x0ce1adb2
12-17 15:49:45.402  1757  1832 V LynxUsb : 0x0b55c65d on 0x0ce1adb2: new delegate to [(embedded)]
12-17 15:49:45.403  1757  1832 V RobotCore: Creating Lynx Module - mod=173 parent=true
12-17 15:49:45.407  1757  1847 V Robocol : sending CMD_NOTIFY_ROBOT_STATE(9), attempt: 0
12-17 15:49:45.408  1757  1832 V RobotCore: Creating Lynx Module - mod=2 parent=false
12-17 15:49:45.409  1757  1847 V Robocol : sending CMD_NOTIFY_ACTIVE_CONFIGURATION(11), attempt: 0
12-17 15:49:45.410  1757  1832 V LynxUsb : addConfiguredModule() module#=173
12-17 15:49:45.410  1757  1847 V Robocol : sending CMD_NOTIFY_USER_DEVICE_LIST(12), attempt: 0
12-17 15:49:45.410  1757  1832 V LynxModule: pingAndQueryKnownInterfaces mod=173
12-17 15:49:45.417  1757  1847 V Robocol : sending CMD_NOTIFY_OP_MODE_LIST(13), attempt: 0
12-17 15:49:45.432  1757  1832 V LynxModule: mod#=173 queryInterface(DEKA)=54 commands starting at 4096
12-17 15:49:45.433  1757  1841 V UpdateUI: Network: active, connected
12-17 15:49:45.433  1757  1841 D FTCService: Sending user device types and preferences to driver station
12-17 15:49:45.447  1757  1832 V LynxModule: sending LynxFtdiResetControlCommand(true) wasInterrupted=false
12-17 15:49:45.454  1757  1832 V LynxModule: sendLEDPatternSteps(): steps=[Step(color=65280, msDuration=1000)]
12-17 15:49:45.457  1757  1848 V LynxModule: received status: LynxGetModuleStatusResponse(status=0x02 alerts=0x00: Reset)
12-17 15:49:45.458  1757  1848 W HubPowerCycle: Expansion Hub 173 regained power after a complete power loss. No user Op Mode was running.
12-17 15:49:45.458  1757  1848 V LynxModule: resendCurrentPattern()
12-17 15:49:45.458  1757  1848 V LynxModule: sendLEDPatternSteps(): steps=[Step(color=65280, msDuration=1000)]
12-17 15:49:45.465  1757  1832 V LynxModule: setAsControlHubEmbeddedModule(mod=173)
12-17 15:49:45.465  1757  1832 V EmbeddedControlHubModule: setting embedded module
12-17 15:49:45.465  1757  1832 V LynxUsb : addConfiguredModule() module#=2
12-17 15:49:45.465  1757  1832 V LynxModule: pingAndQueryKnownInterfaces mod=2
12-17 15:49:45.481  1757  1832 V LynxModule: mod#=2 queryInterface(DEKA)=54 commands starting at 4096
12-17 15:49:45.483  1757  1841 V NetDiscover_prefremrc: sendAllPreferences()
12-17 15:49:45.484  1757  1841 V NetDiscover_prefremrc: sending RC pref name=pref_wifip2p_remote_channel_change_works value=false
12-17 15:49:45.488  1757  1841 V NetDiscover_prefremrc: sending RC pref name=pref_device_name value=18613-RC
12-17 15:49:45.489  1757  1841 V NetDiscover_prefremrc: sending RC pref name=pref_warn_about_incorrect_clocks value=true
12-17 15:49:45.489  1757  1841 V NetDiscover_prefremrc: sending RC pref name=pref_warn_about_obsolete_software value=true
12-17 15:49:45.490  1757  1841 V NetDiscover_prefremrc: sending RC pref name=pref_has_speaker value=false
12-17 15:49:45.490  1757  1832 V LynxModule: sending LynxFtdiResetControlCommand(true) wasInterrupted=false
12-17 15:49:45.491  1757  1841 V NetDiscover_prefremrc: sending RC pref name=pref_warn_about_2_4_ghz_band value=true
12-17 15:49:45.491  1757  1841 V NetDiscover_prefremrc: sending RC pref name=pref_has_independent_phone_battery value=false
12-17 15:49:45.492  1757  1841 V NetDiscover_prefremrc: sending RC pref name=pref_app_theme value=red
12-17 15:49:45.492  1757  1841 V NetDiscover_prefremrc: sending RC pref name=pref_warn_about_mismatched_app_versions value=true
12-17 15:49:45.493  1757  1841 V NetDiscover_prefremrc: sending RC pref name=pref_sound_on_off value=false
12-17 15:49:45.496  1757  1856 V LynxModule: received status: LynxGetModuleStatusResponse(status=0x05 alerts=0x00: KeepAliveTimeout|FailSafe)
12-17 15:49:45.496  1757  1856 V LynxModule: resendCurrentPattern()
12-17 15:49:45.497  1757  1856 V LynxModule: sendLEDPatternSteps(): steps=[]
12-17 15:49:45.503  1757  1832 V LynxModule: sendLEDPatternSteps(): steps=[Step(color=65280, msDuration=4500), Step(color=0, msDuration=500), Step(color=255, msDuration=500), Step(color=0, msDuration=500), Step(color=255, msDuration=500), Step(color=0, msDuration=500)]
12-17 15:49:45.509  1757  1851 V SoundInfo: construct(0x015bbc93)
12-17 15:49:45.516  1757  1847 V Robocol : sending CMD_NOTIFY_USER_DEVICE_LIST(17), attempt: 0
12-17 15:49:45.519  1757  1847 V Robocol : sending CMD_ROBOT_CONTROLLER_PREFERENCE(18), attempt: 0
12-17 15:49:45.522  1757  1847 V Robocol : sending CMD_ROBOT_CONTROLLER_PREFERENCE(19), attempt: 0
12-17 15:49:45.523  1757  1847 V Robocol : sending CMD_ROBOT_CONTROLLER_PREFERENCE(20), attempt: 0
12-17 15:49:45.524  1757  1847 V Robocol : sending CMD_ROBOT_CONTROLLER_PREFERENCE(21), attempt: 0
12-17 15:49:45.525  1757  1847 V Robocol : sending CMD_ROBOT_CONTROLLER_PREFERENCE(22), attempt: 0
12-17 15:49:45.526  1757  1850 E WVMExtractor: Failed to open libwvm.so: dlopen failed: library "libwvm.so" not found
12-17 15:49:45.526  1757  1832 V LynxMotor: initializeHardware() mod#=173
12-17 15:49:45.526  1757  1847 V Robocol : sending CMD_ROBOT_CONTROLLER_PREFERENCE(23), attempt: 0
12-17 15:49:45.528  1757  1847 V Robocol : sending CMD_ROBOT_CONTROLLER_PREFERENCE(24), attempt: 0
12-17 15:49:45.530  1757  1847 V Robocol : sending CMD_ROBOT_CONTROLLER_PREFERENCE(25), attempt: 0
12-17 15:49:45.531  1757  1847 V Robocol : sending CMD_ROBOT_CONTROLLER_PREFERENCE(26), attempt: 0
12-17 15:49:45.532  1757  1847 V Robocol : sending CMD_ROBOT_CONTROLLER_PREFERENCE(27), attempt: 0
12-17 15:49:45.550  1757  1841 V NetworkConnectionHandler: Peer connection established
12-17 15:49:45.553  1757  1841 V Robocol : packet processing took 159.9ms: type=PEER_DISCOVERY
12-17 15:49:45.556  1757  1847 V Robocol : sending CMD_SHOW_DIALOG(28), attempt: 0
12-17 15:49:45.556  1757  1850 I MediaCodec: callingProcessName:com.qualcomm.ftcrobotcontroller
12-17 15:49:45.566  1757  1858 I ACodec  : onAllocateComponent:6752 mSoftCodecPref:0 componentName:
12-17 15:49:45.567  1757  1858 I ACodec  : onAllocateComponent:6783 mSoftCodecPref:0 componentName:OMX.google.raw.decoder
12-17 15:49:45.570  1757  1843 V EventLoopManager: Setting authoritative wall clock based on connected DS.
12-17 15:49:45.570  1757  1843 D Uvc     : [time.cpp:64] Java_org_firstinspires_ftc_robotcore_internal_system_AppUtil_nativeSetCurrentTimeMillis()...
12-17 15:49:45.571  1757  1843 I JniTime : [time.cpp:83] settimeofday() succeeded
12-17 15:49:45.571  1757  1843 D Uvc     : [time.cpp:64] ...Java_org_firstinspires_ftc_robotcore_internal_system_AppUtil_nativeSetCurrentTimeMillis()
12-17 15:49:45.573  1757  1843 V AppUtil : attempted to set timezone: before=America/Belem after=America/Belem
12-17 15:49:45.581  1757  1832 V RobotCore: DcMotorImpl(type=RevRobotics20HDHexMotor)
12-17 15:49:45.581  1757  1832 V RobotCore: DcMotorImpl(type=RevRobotics20HDHexMotor)
12-17 15:49:45.582  1757  1832 V RobotCore: DcMotorImpl(type=RevRobotics20HDHexMotor)
12-17 15:49:45.582  1757  1832 V RobotCore: DcMotorImpl(type=RevRobotics20HDHexMotor)
12-17 15:49:45.583  1757  1832 V LynxServoController: initializeHardware() mod#=173
12-17 15:49:45.610  1757  1792 D SoundPlayer: onLoadComplete(samp=1|ms=757, samp=1)=0
12-17 15:49:45.611  1757  1841 V Robocol : received command: CMD_REQUEST_UI_STATE(10002) 
12-17 15:49:45.613  1757  1851 W AudioTrack: AUDIO_OUTPUT_FLAG_FAST denied by client; transfer 4, track 48000 Hz, output 44100 Hz
12-17 15:49:45.613  1757  1841 V Robocol : received command: CMD_ROBOT_CONTROLLER_PREFERENCE(10003) {"booleanValue":false,"prefName":"pref_ds_supports_5_ghz"}
12-17 15:49:45.616  1757  1757 V AppUtil : dialog shown: uuid=d5ae789d-01cf-4ec2-8cd8-851ea5a3754f
12-17 15:49:45.618  1757  1851 D SoundPlayer: playing volume=0.000000 samp=1|ms=757
12-17 15:49:45.622  1757  1832 V LynxVoltageSensor: initializeHardware() mod#=173
12-17 15:49:45.623  1757  1832 V LynxAnalogInputController: initializeHardware() mod#=173
12-17 15:49:45.624  1757  1832 V LynxDigitalChannelController: initializeHardware() mod#=173
12-17 15:49:45.636  1757  1847 V Robocol : sending CMD_NOTIFY_ROBOT_STATE(7), attempt: 1
12-17 15:49:45.637  1757  1847 V Robocol : sending CMD_NOTIFY_ROBOT_STATE(8), attempt: 1
12-17 15:49:45.638  1757  1847 V Robocol : sending CMD_NOTIFY_ROBOT_STATE(9), attempt: 1
12-17 15:49:45.639  1757  1847 V Robocol : sending CMD_NOTIFY_ACTIVE_CONFIGURATION(11), attempt: 1
12-17 15:49:45.640  1757  1847 V Robocol : sending CMD_NOTIFY_USER_DEVICE_LIST(12), attempt: 1
12-17 15:49:45.646  1757  1847 V Robocol : sending CMD_NOTIFY_OP_MODE_LIST(13), attempt: 1
12-17 15:49:45.648  1757  1847 V Robocol : sending CMD_PLAY_SOUND(33), attempt: 0
12-17 15:49:45.654  1757  1832 V RobotCore: Creating user sensor REV Expansion Hub IMU - on Lynx module=173 bus=0
12-17 15:49:45.654  1757  1832 V RobotCore: Creating I2cDeviceSynch (Lynx) - mod=173 bus=0
12-17 15:49:45.655  1757  1832 I RobotCore: LynxFirmwareVersionManager: LynxI2cDeviceSynchV2
12-17 15:49:45.655  1757  1832 V LynxI2cDeviceSynch: initializeHardware() mod#=173
12-17 15:49:45.659  1757  1832 V LynxMotor: initializeHardware() mod#=2
12-17 15:49:45.719  1757  1832 V RobotCore: DcMotorImpl(type=RevRobotics40HDHexMotor)
12-17 15:49:45.719  1757  1832 V RobotCore: DcMotorImpl(type=Motor)
12-17 15:49:45.720  1757  1832 V LynxServoController: initializeHardware() mod#=2
12-17 15:49:45.756  1757  1847 V Robocol : sending CMD_NOTIFY_USER_DEVICE_LIST(17), attempt: 1
12-17 15:49:45.759  1757  1847 V Robocol : sending CMD_ROBOT_CONTROLLER_PREFERENCE(18), attempt: 1
12-17 15:49:45.759  1757  1832 V LynxVoltageSensor: initializeHardware() mod#=2
12-17 15:49:45.760  1757  1832 V LynxAnalogInputController: initializeHardware() mod#=2
12-17 15:49:45.760  1757  1847 V Robocol : sending CMD_ROBOT_CONTROLLER_PREFERENCE(19), attempt: 1
12-17 15:49:45.760  1757  1832 V LynxDigitalChannelController: initializeHardware() mod#=2
12-17 15:49:45.760  1757  1847 V Robocol : sending CMD_ROBOT_CONTROLLER_PREFERENCE(20), attempt: 1
12-17 15:49:45.761  1757  1847 V Robocol : sending CMD_ROBOT_CONTROLLER_PREFERENCE(21), attempt: 1
12-17 15:49:45.762  1757  1847 V Robocol : sending CMD_ROBOT_CONTROLLER_PREFERENCE(22), attempt: 1
12-17 15:49:45.763  1757  1847 V Robocol : sending CMD_ROBOT_CONTROLLER_PREFERENCE(23), attempt: 1
12-17 15:49:45.764  1757  1847 V Robocol : sending CMD_ROBOT_CONTROLLER_PREFERENCE(24), attempt: 1
12-17 15:49:45.766  1757  1847 V Robocol : sending CMD_ROBOT_CONTROLLER_PREFERENCE(25), attempt: 1
12-17 15:49:45.768  1757  1847 V Robocol : sending CMD_ROBOT_CONTROLLER_PREFERENCE(26), attempt: 1
12-17 15:49:45.769  1757  1847 V Robocol : sending CMD_ROBOT_CONTROLLER_PREFERENCE(27), attempt: 1
12-17 15:49:45.786  1757  1832 V RobotCore: Creating Webcam [C4896350]
12-17 15:49:45.787  1757  1832 V CameraManager: construct(hash=0x02ea73a9|inst#=0)
12-17 15:49:45.789  1757  1832 D libusb  : [ 0.000461] [00000728] libusb: debug [op_init] sysfs(/sys/bus/usb/devices) available
12-17 15:49:45.789  1757  1832 D libusb  : [ 0.000568] [00000728] libusb: debug [op_init] sysfs can relate devices
12-17 15:49:45.789  1757  1832 D libusb  : [ 0.000594] [00000728] libusb: debug [op_init] sysfs has complete descriptors
12-17 15:49:45.789  1757  1832 D libusb  : [ 0.000619] [00000728] libusb: debug [op_init] sysfs has serial numbers
12-17 15:49:45.784  1757  1757 I pRunnable.run(): type=1400 audit(0.0:248): avc: denied { read } for name="devices" dev="sysfs" ino=7258 scontext=u:r:untrusted_app:s0:c512,c768 tcontext=u:object_r:sysfs:s0 tclass=dir permissive=1
12-17 15:49:45.784  1757  1757 I pRunnable.run(): type=1400 audit(0.0:249): avc: denied { open } for path="/sys/bus/usb/devices" dev="sysfs" ino=7258 scontext=u:r:untrusted_app:s0:c512,c768 tcontext=u:object_r:sysfs:s0 tclass=dir permissive=1
12-17 15:49:45.790  1757  1832 V UvcContext: construct(pointer=0xc71ff8e0|inst#=0)
12-17 15:49:45.796  1757  1832 I RobotCore: ========= Device Information ===================================================
12-17 15:49:45.797  1757  1832 I RobotCore: Type                                               Name                           Connection
12-17 15:49:45.797  1757  1832 I RobotCore: Expansion Hub DC Motor Controller                  Expansion Hub 2                USB (embedded); module 2
12-17 15:49:45.798  1757  1832 I RobotCore: Expansion Hub Servo Controller                     Expansion Hub 2                USB (embedded); module 2
12-17 15:49:45.798  1757  1832 I RobotCore: Expansion Hub Voltage Sensor                       Expansion Hub 2                USB (embedded); module 2
12-17 15:49:45.798  1757  1832 I RobotCore: Expansion Hub Analog Input Controller              Expansion Hub 2                USB (embedded); module 2
12-17 15:49:45.799  1757  1832 I RobotCore: Expansion Hub Digital Channel Controller           Expansion Hub 2                USB (embedded); module 2
12-17 15:49:45.804  1757  1832 I RobotCore: Expansion Hub (HW: 20, Maj: 1, Min: 8, Eng: 2)     Expansion Hub 2                USB (embedded); module 2
12-17 15:49:45.806  1757  1832 I RobotCore: Motor                                              TracaoFrenteE                  USB (embedded); module 173; port 0
12-17 15:49:45.807  1757  1832 I RobotCore: Motor                                              Carrossel                      USB (embedded); module 2; port 1
12-17 15:49:45.807  1757  1832 I RobotCore: Motor                                              TracaoTrasD                    USB (embedded); module 173; port 3
12-17 15:49:45.808  1757  1832 I RobotCore: REV Expansion Hub IMU                              imu                            USB (embedded); module 173; bus 0; addr7=0x00
12-17 15:49:45.816  1757  1832 I RobotCore: Logitech Webcam                                    Webcam 1                       USB (C4896350)
12-17 15:49:45.817  1757  1832 I RobotCore: Expansion Hub DC Motor Controller                  Control Hub                    USB (embedded); module 173
12-17 15:49:45.817  1757  1832 I RobotCore: Expansion Hub Servo Controller                     Control Hub                    USB (embedded); module 173
12-17 15:49:45.818  1757  1832 I RobotCore: Expansion Hub Voltage Sensor                       Control Hub                    USB (embedded); module 173
12-17 15:49:45.818  1757  1832 I RobotCore: Expansion Hub Analog Input Controller              Control Hub                    USB (embedded); module 173
12-17 15:49:45.818  1757  1832 I RobotCore: Expansion Hub Digital Channel Controller           Control Hub                    USB (embedded); module 173
12-17 15:49:45.822  1757  1832 I RobotCore: Expansion Hub (HW: 20, Maj: 1, Min: 8, Eng: 2)     Control Hub                    USB (embedded); module 173
12-17 15:49:45.823  1757  1832 I RobotCore: Servo                                              Garra                          USB (embedded); module 2; port 0
12-17 15:49:45.823  1757  1832 I RobotCore: Motor                                              Braço                          USB (embedded); module 2; port 0
12-17 15:49:45.824  1757  1832 I RobotCore: Motor                                              TracaoTrasE                    USB (embedded); module 173; port 2
12-17 15:49:45.824  1757  1832 I RobotCore: REV Robotics USB Expansion Hub Portal              Control Hub Portal             USB (embedded)
12-17 15:49:45.826  1757  1832 I RobotCore: Motor                                              TracaoFrenteD                  USB (embedded); module 173; port 1
12-17 15:49:45.844  1757  1832 V LynxUsb : 0x0e0caeb9 on 0x0ce1adb2: releasing delegate to [(embedded)]
12-17 15:49:45.846  1757  1832 I FtcEventLoop: ======= INIT FINISH =======
12-17 15:49:45.846  1757  1832 V RobotCore: EventLoopManager state is RUNNING
12-17 15:49:45.848  1757  1832 V RobotCore: Robot Status: running, starting robot
12-17 15:49:45.849  1757  1832 V RobotCore: Robot Status: running
12-17 15:49:45.854  1757  1832 D FTCService: Detecting Wi-Fi reset
12-17 15:49:45.856  1757  1832 D RobotControllerAccessPointAssistant: detectWifiReset button=false
12-17 15:49:45.856  1757  1868 V RobotCore: thread: 'opmode loop()' starting...
12-17 15:49:45.858  1757  1832 V RobotCore: thread: ...terminating 'RobotSetupRunnable.run()'
12-17 15:49:45.876  1757  1847 V Robocol : sending CMD_NOTIFY_ROBOT_STATE(55), attempt: 0
12-17 15:49:45.877  1757  1847 V Robocol : sending CMD_SHOW_TOAST(56), attempt: 0
12-17 15:49:45.878  1757  1847 V Robocol : sending CMD_NOTIFY_ACTIVE_CONFIGURATION(58), attempt: 0
12-17 15:49:45.918  1757  1847 V Robocol : sending CMD_NOTIFY_USER_DEVICE_LIST(62), attempt: 0
12-17 15:49:45.928  1757  1847 V Robocol : sending CMD_NOTIFY_OP_MODE_LIST(63), attempt: 0
12-17 15:49:45.946  1757  1851 V SoundInfo: construct(0x0662ca92)
12-17 15:49:46.004  1757  1850 I MediaCodec: callingProcessName:com.qualcomm.ftcrobotcontroller
12-17 15:49:46.007  1757  1873 I ACodec  : onAllocateComponent:6752 mSoftCodecPref:0 componentName:
12-17 15:49:46.008  1757  1873 I ACodec  : onAllocateComponent:6783 mSoftCodecPref:0 componentName:OMX.google.raw.decoder
12-17 15:49:46.057  1757  1792 D SoundPlayer: onLoadComplete(samp=2|ms=4506, samp=2)=0
12-17 15:49:46.373  1757  1876 W AudioTrack: AUDIO_OUTPUT_FLAG_FAST denied by client; transfer 4, track 48000 Hz, output 44100 Hz
12-17 15:49:46.379  1757  1868 I RobotCore: Attempting to switch to op mode $Stop$Robot$
12-17 15:49:46.380  1757  1876 D SoundPlayer: playing volume=0.000000 samp=2|ms=4506
12-17 15:49:46.397  1757  1847 V Robocol : sending CMD_PLAY_SOUND(75), attempt: 0
12-17 15:49:46.437  1757  1847 V Robocol : sending CMD_NOTIFY_INIT_OP_MODE(79), attempt: 0
12-17 15:49:52.130  1757  1841 V Robocol : received command: CMD_DISMISS_DIALOG(10121) {"uuidString":"d5ae789d-01cf-4ec2-8cd8-851ea5a3754f"}
12-17 15:49:52.166  1757  1757 V AppUtil : dialog dismissed: uuid=d5ae789d-01cf-4ec2-8cd8-851ea5a3754f
12-17 15:49:53.533  1757  1841 V Robocol : received command: CMD_INIT_OP_MODE(10144) $Stop$Robot$
12-17 15:49:53.553  1757  1868 I RobotCore: Attempting to switch to op mode $Stop$Robot$
12-17 15:49:53.597  1757  1847 V Robocol : sending CMD_NOTIFY_INIT_OP_MODE(185), attempt: 0
12-17 15:50:02.491  1757  1841 V Robocol : received command: CMD_SET_MATCH_NUMBER(10269) 0
12-17 15:50:02.493  1757  1841 V Robocol : received command: CMD_INIT_OP_MODE(10270) Rec test Thread
12-17 15:50:02.545  1757  1842 I RobotCore: ******************** START - OPMODE Rec test Thread ********************
12-17 15:50:02.548  1757  1868 I RobotCore: Attempting to switch to op mode Rec test Thread
12-17 15:50:02.606  1757  1843 D RobotCore: system telemetry: key=$System$None$ msg=""
12-17 15:50:02.739  1757  1885 V RobotCore: thread: 'LinearOpMode main' starting...
12-17 15:50:02.742  1757  1885 D Detector: Classifier. Starting Init method
12-17 15:50:02.744  1757  1885 D Detector: Updated model FLOAT_EFFICIENTNET
12-17 15:50:02.744  1757  1885 D Detector: Classifier. Init method complete
12-17 15:50:02.750  1757  1885 I CameraManagerGlobal: Connecting to camera service
12-17 15:50:02.758  1757  1847 V Robocol : sending CMD_NOTIFY_INIT_OP_MODE(320), attempt: 0
12-17 15:50:03.016  1757  1885 D Detector: Activation. Cam ID: 0
12-17 15:50:03.017  1757  1885 D Detector: Activation. Facing: 1
12-17 15:50:03.017  1757  1885 D Detector: Activation. Orientation: 0
12-17 15:50:03.018  1757  1885 D Detector: Activation. Camera API lv2?: false
12-17 15:50:03.018  1757  1885 D Detector: Activation. Selected Camera: 0
12-17 15:50:03.019  1757  1885 D Detector: SetFragment. Complete
12-17 15:50:03.019  1757  1885 D Detector: Activation. Complete
12-17 15:50:03.022  1757  1757 D Fragment: Starting texture preview
12-17 15:50:03.022  1757  1757 D Fragment: Texture not available yet. Starting the listener...
12-17 15:50:03.029  1757  1757 D Listener: Starting texture listener
12-17 15:50:03.032  1757  1757 D cameraIndex: 0
12-17 15:50:03.204  1757  1757 D Listener: Camera preview started by texture listener
12-17 15:50:05.353  1757  1757 I tflite  : Initialized TensorFlow Lite runtime.
12-17 15:50:05.363  1757  1757 D Classifier: Classifier. Labels loaded
12-17 15:50:05.377  1757  1757 D Classifier: Created a Tensorflow Lite Image Classifier.
12-17 15:50:05.377  1757  1757 D Detector: Created classifier (model=FLOAT_EFFICIENTNET, device=CPU, numThreads=1)
12-17 15:50:05.377  1757  1757 D Detector: Classifier done
12-17 15:50:05.379  1757  1757 D Detector: onPreviewSizeChosen. Camera orientation relative to screen canvas: 90
12-17 15:50:05.379  1757  1757 D Detector: onPreviewSizeChosen. Initializing at size 640x480s:
12-17 15:50:05.596  1757  1886 V Classifier: Time to load the image: 129
12-17 15:50:05.622  1757  1886 E cpuinfo : failed to parse file /sys/devices/system/cpu/kernel_max: "-1
12-17 15:50:05.622  1757  1886 E cpuinfo : " is not an unsigned number
12-17 15:50:05.623  1757  1886 E cpuinfo : failed to parse file /sys/devices/system/cpu/kernel_max: "-1
12-17 15:50:05.623  1757  1886 E cpuinfo : " is not an unsigned number
12-17 15:50:05.624  1757  1886 E cpuinfo : failed to parse file /sys/devices/system/cpu/kernel_max: "-1
12-17 15:50:05.624  1757  1886 E cpuinfo : " is not an unsigned number
12-17 15:50:05.624  1757  1886 E cpuinfo : failed to parse file /sys/devices/system/cpu/kernel_max: "-1
12-17 15:50:05.624  1757  1886 E cpuinfo : " is not an unsigned number
12-17 15:50:05.851  1757  1886 V Classifier: Time to run model inference: 254
12-17 15:50:06.040  1757  1886 V Classifier: Time to load the image: 47
12-17 15:50:06.281  1757  1886 V Classifier: Time to run model inference: 241
12-17 15:50:06.434  1757  1886 V Classifier: Time to load the image: 47
12-17 15:50:06.677  1757  1886 V Classifier: Time to run model inference: 243
12-17 15:50:06.816  1757  1886 V Classifier: Time to load the image: 43
12-17 15:50:07.031  1757  1886 V Classifier: Time to run model inference: 215
12-17 15:50:07.225  1757  1886 V Classifier: Time to load the image: 44
12-17 15:50:07.482  1757  1886 V Classifier: Time to run model inference: 257
12-17 15:50:07.619  1757  1886 V Classifier: Time to load the image: 48
12-17 15:50:07.858  1757  1886 V Classifier: Time to run model inference: 238
12-17 15:50:08.008  1757  1886 V Classifier: Time to load the image: 42
12-17 15:50:08.224  1757  1886 V Classifier: Time to run model inference: 216
12-17 15:50:08.410  1757  1886 V Classifier: Time to load the image: 43
12-17 15:50:08.640  1757  1886 V Classifier: Time to run model inference: 230
12-17 15:50:08.807  1757  1886 V Classifier: Time to load the image: 40
12-17 15:50:09.023  1757  1886 V Classifier: Time to run model inference: 216
12-17 15:50:09.208  1757  1886 V Classifier: Time to load the image: 42
12-17 15:50:09.442  1757  1886 V Classifier: Time to run model inference: 233
12-17 15:50:09.626  1757  1886 V Classifier: Time to load the image: 60
12-17 15:50:09.862  1757  1886 V Classifier: Time to run model inference: 236
12-17 15:50:10.017  1757  1886 V Classifier: Time to load the image: 46
12-17 15:50:10.242  1757  1886 V Classifier: Time to run model inference: 225
12-17 15:50:10.420  1757  1886 V Classifier: Time to load the image: 43
12-17 15:50:10.663  1757  1886 V Classifier: Time to run model inference: 243
12-17 15:50:10.790  1757  1886 V Classifier: Time to load the image: 40
12-17 15:50:11.005  1757  1886 V Classifier: Time to run model inference: 215
12-17 15:50:11.136  1757  1886 V Classifier: Time to load the image: 43
12-17 15:50:11.354  1757  1886 V Classifier: Time to run model inference: 218
12-17 15:50:11.534  1757  1886 V Classifier: Time to load the image: 47
12-17 15:50:11.775  1757  1886 V Classifier: Time to run model inference: 241
12-17 15:50:11.927  1757  1886 V Classifier: Time to load the image: 40
12-17 15:50:12.147  1757  1886 V Classifier: Time to run model inference: 219
12-17 15:50:12.325  1757  1886 V Classifier: Time to load the image: 39
12-17 15:50:12.538  1757  1886 V Classifier: Time to run model inference: 213
12-17 15:50:12.715  1757  1886 V Classifier: Time to load the image: 49
12-17 15:50:12.958  1757  1886 V Classifier: Time to run model inference: 243
12-17 15:50:13.120  1757  1886 V Classifier: Time to load the image: 39
12-17 15:50:13.333  1757  1886 V Classifier: Time to run model inference: 213
12-17 15:50:13.453  1757  1886 V Classifier: Time to load the image: 55
12-17 15:50:13.704  1757  1886 V Classifier: Time to run model inference: 251
12-17 15:50:13.850  1757  1886 V Classifier: Time to load the image: 47
12-17 15:50:14.078  1757  1886 V Classifier: Time to run model inference: 228
12-17 15:50:14.220  1757  1886 V Classifier: Time to load the image: 41
12-17 15:50:14.445  1757  1886 V Classifier: Time to run model inference: 223
