12-17 15:56:22.490  2110  2217 I ACodec  : onAllocateComponent:6783 mSoftCodecPref:0 componentName:OMX.google.raw.decoder
12-17 15:56:22.539  2110  2142 D SoundPlayer: onLoadComplete(samp=2|ms=4506, samp=2)=0
12-17 15:56:22.540  2110  2192 W AudioTrack: AUDIO_OUTPUT_FLAG_FAST denied by client; transfer 4, track 48000 Hz, output 44100 Hz
12-17 15:56:22.543  2110  2192 D SoundPlayer: playing volume=0.000000 samp=2|ms=4506
12-17 15:56:22.554  2110  2189 V Robocol : sending CMD_PLAY_SOUND(83), attempt: 0
12-17 15:56:22.843  2110  2211 I RobotCore: Attempting to switch to op mode $Stop$Robot$
12-17 15:56:22.914  2110  2189 V Robocol : sending CMD_NOTIFY_INIT_OP_MODE(90), attempt: 0
12-17 15:56:24.205  2110  2185 V Robocol : received command: CMD_DISMISS_DIALOG(10072) {"uuidString":"15299cd3-c835-4a9e-8044-797c0007d715"}
12-17 15:56:24.245  2110  2110 V AppUtil : dialog dismissed: uuid=15299cd3-c835-4a9e-8044-797c0007d715
12-17 15:56:27.726  2110  2185 V Robocol : received command: CMD_INIT_OP_MODE(10125) $Stop$Robot$
12-17 15:56:27.739  2110  2211 I RobotCore: Attempting to switch to op mode $Stop$Robot$
12-17 15:56:27.794  2110  2189 V Robocol : sending CMD_NOTIFY_INIT_OP_MODE(166), attempt: 0
12-17 15:56:32.526  2110  2185 V Robocol : received command: CMD_SET_MATCH_NUMBER(10195) 0
12-17 15:56:32.528  2110  2185 V Robocol : received command: CMD_INIT_OP_MODE(10196) Rec test Thread
12-17 15:56:32.580  2110  2186 I RobotCore: ******************** START - OPMODE Rec test Thread ********************
12-17 15:56:32.583  2110  2211 I RobotCore: Attempting to switch to op mode Rec test Thread
12-17 15:56:32.603  2110  2187 D RobotCore: system telemetry: key=$System$None$ msg=""
12-17 15:56:32.785  2110  2225 V RobotCore: thread: 'LinearOpMode main' starting...
12-17 15:56:32.788  2110  2225 D Detector: Classifier. Starting Init method
12-17 15:56:32.789  2110  2225 D Detector: Updated model FLOAT_EFFICIENTNET
12-17 15:56:32.789  2110  2225 D Detector: Classifier. Init method complete
12-17 15:56:32.794  2110  2189 V Robocol : sending CMD_NOTIFY_INIT_OP_MODE(244), attempt: 0
12-17 15:56:32.794  2110  2225 I CameraManagerGlobal: Connecting to camera service
12-17 15:56:32.835  2110  2225 D Detector: Activation. Cam ID: 0
12-17 15:56:32.835  2110  2225 D Detector: Activation. Facing: 1
12-17 15:56:32.836  2110  2225 D Detector: Activation. Orientation: 0
12-17 15:56:32.838  2110  2225 D Detector: Activation. Camera API lv2?: false
12-17 15:56:32.838  2110  2225 D Detector: Activation. Selected Camera: 0
12-17 15:56:32.841  2110  2225 D Detector: SetFragment. Complete
12-17 15:56:32.841  2110  2225 D Detector: Activation. Complete
12-17 15:56:32.845  2110  2110 D Fragment: Starting texture preview
12-17 15:56:32.845  2110  2110 D Fragment: Texture not available yet. Starting the listener...
12-17 15:56:32.866  2110  2110 D Listener: Starting texture listener
12-17 15:56:32.869  2110  2110 D cameraIndex: 0
12-17 15:56:33.054  2110  2110 D Listener: Camera preview started by texture listener
12-17 15:56:34.261  2110  2110 I tflite  : Initialized TensorFlow Lite runtime.
12-17 15:56:34.268  2110  2110 D Classifier: Classifier. Labels loaded
12-17 15:56:34.275  2110  2110 D Classifier: Created a Tensorflow Lite Image Classifier.
12-17 15:56:34.275  2110  2110 D Detector: Created classifier (model=FLOAT_EFFICIENTNET, device=CPU, numThreads=1)
12-17 15:56:34.275  2110  2110 D Detector: Classifier done
12-17 15:56:34.276  2110  2110 D Detector: onPreviewSizeChosen. Camera orientation relative to screen canvas: 90
12-17 15:56:34.277  2110  2110 D Detector: onPreviewSizeChosen. Initializing at size 640x480s:
12-17 15:56:34.385  2110  2226 V Classifier: Time to load the image: 61
12-17 15:56:34.399  2110  2226 E cpuinfo : failed to parse file /sys/devices/system/cpu/kernel_max: "-1
12-17 15:56:34.399  2110  2226 E cpuinfo : " is not an unsigned number
12-17 15:56:34.399  2110  2226 E cpuinfo : failed to parse file /sys/devices/system/cpu/kernel_max: "-1
12-17 15:56:34.399  2110  2226 E cpuinfo : " is not an unsigned number
12-17 15:56:34.399  2110  2226 E cpuinfo : failed to parse file /sys/devices/system/cpu/kernel_max: "-1
12-17 15:56:34.399  2110  2226 E cpuinfo : " is not an unsigned number
12-17 15:56:34.399  2110  2226 E cpuinfo : failed to parse file /sys/devices/system/cpu/kernel_max: "-1
12-17 15:56:34.399  2110  2226 E cpuinfo : " is not an unsigned number
12-17 15:56:34.519  2110  2226 V Classifier: Time to run model inference: 134
12-17 15:56:34.599  2110  2226 V Classifier: Time to load the image: 28
12-17 15:56:34.710  2110  2226 V Classifier: Time to run model inference: 111
12-17 15:56:34.797  2110  2226 V Classifier: Time to load the image: 26
12-17 15:56:34.908  2110  2226 V Classifier: Time to run model inference: 112
12-17 15:56:34.997  2110  2226 V Classifier: Time to load the image: 25
12-17 15:56:35.120  2110  2226 V Classifier: Time to run model inference: 124
12-17 15:56:35.216  2110  2226 V Classifier: Time to load the image: 23
12-17 15:56:35.322  2110  2226 V Classifier: Time to run model inference: 106
12-17 15:56:35.424  2110  2226 V Classifier: Time to load the image: 31
12-17 15:56:35.545  2110  2226 V Classifier: Time to run model inference: 120
12-17 15:56:35.620  2110  2226 V Classifier: Time to load the image: 26
12-17 15:56:35.733  2110  2226 V Classifier: Time to run model inference: 113
12-17 15:56:35.818  2110  2226 V Classifier: Time to load the image: 25
12-17 15:56:35.934  2110  2226 V Classifier: Time to run model inference: 116
12-17 15:56:36.016  2110  2226 V Classifier: Time to load the image: 24
12-17 15:56:36.141  2110  2226 V Classifier: Time to run model inference: 125
12-17 15:56:36.213  2110  2226 V Classifier: Time to load the image: 21
12-17 15:56:36.322  2110  2226 V Classifier: Time to run model inference: 109
12-17 15:56:36.418  2110  2226 V Classifier: Time to load the image: 25
12-17 15:56:36.486  2110  2185 V Robocol : received command: CMD_RUN_OP_MODE(10244) Rec test Thread
12-17 15:56:36.515  2110  2189 V Robocol : sending CMD_NOTIFY_RUN_OP_MODE(286), attempt: 0
12-17 15:56:36.554  2110  2226 V Classifier: Time to run model inference: 136
12-17 15:56:36.614  2110  2226 V Classifier: Time to load the image: 26
12-17 15:56:36.728  2110  2226 V Classifier: Time to run model inference: 114
12-17 15:56:36.834  2110  2226 V Classifier: Time to load the image: 23
12-17 15:56:36.940  2110  2226 V Classifier: Time to run model inference: 105
12-17 15:56:37.034  2110  2226 V Classifier: Time to load the image: 23
12-17 15:56:37.144  2110  2226 V Classifier: Time to run model inference: 109
12-17 15:56:37.240  2110  2226 V Classifier: Time to load the image: 24
12-17 15:56:37.362  2110  2226 V Classifier: Time to run model inference: 121
12-17 15:56:37.435  2110  2226 V Classifier: Time to load the image: 23
12-17 15:56:37.546  2110  2226 V Classifier: Time to run model inference: 111
12-17 15:56:37.633  2110  2226 V Classifier: Time to load the image: 21
12-17 15:56:37.741  2110  2226 V Classifier: Time to run model inference: 109
12-17 15:56:37.815  2110  2226 V Classifier: Time to load the image: 25
12-17 15:56:37.923  2110  2226 V Classifier: Time to run model inference: 107
12-17 15:56:38.002  2110  2226 V Classifier: Time to load the image: 24
12-17 15:56:38.111  2110  2226 V Classifier: Time to run model inference: 109
12-17 15:56:38.218  2110  2226 V Classifier: Time to load the image: 27
12-17 15:56:38.339  2110  2226 V Classifier: Time to run model inference: 121
12-17 15:56:38.414  2110  2226 V Classifier: Time to load the image: 23
12-17 15:56:38.526  2110  2226 V Classifier: Time to run model inference: 111
12-17 15:56:38.634  2110  2226 V Classifier: Time to load the image: 23
12-17 15:56:38.754  2110  2226 V Classifier: Time to run model inference: 119
12-17 15:56:38.834  2110  2226 V Classifier: Time to load the image: 24
12-17 15:56:38.944  2110  2226 V Classifier: Time to run model inference: 109
12-17 15:56:39.034  2110  2226 V Classifier: Time to load the image: 22
12-17 15:56:39.142  2110  2226 V Classifier: Time to run model inference: 107
12-17 15:56:39.217  2110  2226 V Classifier: Time to load the image: 25
12-17 15:56:39.325  2110  2226 V Classifier: Time to run model inference: 105
12-17 15:56:39.429  2110  2226 V Classifier: Time to load the image: 36
12-17 15:56:39.546  2110  2226 V Classifier: Time to run model inference: 117
12-17 15:56:39.639  2110  2226 V Classifier: Time to load the image: 27
12-17 15:56:39.767  2110  2226 V Classifier: Time to run model inference: 128
12-17 15:56:39.886  2110  2226 V Classifier: Time to load the image: 27
12-17 15:56:39.996  2110  2226 V Classifier: Time to run model inference: 110
12-17 15:56:40.095  2110  2226 V Classifier: Time to load the image: 22
12-17 15:56:40.206  2110  2226 V Classifier: Time to run model inference: 111
12-17 15:56:40.296  2110  2226 V Classifier: Time to load the image: 25
12-17 15:56:40.420  2110  2226 V Classifier: Time to run model inference: 124
12-17 15:56:40.496  2110  2226 V Classifier: Time to load the image: 25
12-17 15:56:40.616  2110  2226 V Classifier: Time to run model inference: 119
12-17 15:56:40.700  2110  2226 V Classifier: Time to load the image: 24
12-17 15:56:40.817  2110  2226 V Classifier: Time to run model inference: 116
12-17 15:56:40.918  2110  2226 V Classifier: Time to load the image: 27
12-17 15:56:41.024  2110  2226 V Classifier: Time to run model inference: 106
12-17 15:56:41.116  2110  2226 V Classifier: Time to load the image: 26
12-17 15:56:41.238  2110  2226 V Classifier: Time to run model inference: 121
12-17 15:56:41.334  2110  2226 V Classifier: Time to load the image: 24
12-17 15:56:41.449  2110  2226 V Classifier: Time to run model inference: 114
12-17 15:56:41.557  2110  2226 V Classifier: Time to load the image: 25
12-17 15:56:41.673  2110  2226 V Classifier: Time to run model inference: 116
12-17 15:56:41.758  2110  2226 V Classifier: Time to load the image: 23
12-17 15:56:41.873  2110  2226 V Classifier: Time to run model inference: 114
12-17 15:56:41.952  2110  2226 V Classifier: Time to load the image: 22
12-17 15:56:42.058  2110  2226 V Classifier: Time to run model inference: 105
12-17 15:56:42.153  2110  2226 V Classifier: Time to load the image: 21
12-17 15:56:42.260  2110  2226 V Classifier: Time to run model inference: 107
12-17 15:56:42.352  2110  2226 V Classifier: Time to load the image: 22
12-17 15:56:42.460  2110  2226 V Classifier: Time to run model inference: 107
12-17 15:56:42.553  2110  2226 V Classifier: Time to load the image: 22
12-17 15:56:42.660  2110  2226 V Classifier: Time to run model inference: 107
12-17 15:56:42.756  2110  2226 V Classifier: Time to load the image: 26
12-17 15:56:42.865  2110  2226 V Classifier: Time to run model inference: 108
12-17 15:56:42.953  2110  2226 V Classifier: Time to load the image: 22
12-17 15:56:43.062  2110  2226 V Classifier: Time to run model inference: 108
12-17 15:56:43.153  2110  2226 V Classifier: Time to load the image: 22
12-17 15:56:43.261  2110  2226 V Classifier: Time to run model inference: 108
12-17 15:56:43.356  2110  2226 V Classifier: Time to load the image: 22
12-17 15:56:43.466  2110  2226 V Classifier: Time to run model inference: 109
12-17 15:56:43.559  2110  2226 V Classifier: Time to load the image: 22
12-17 15:56:43.669  2110  2226 V Classifier: Time to run model inference: 110
12-17 15:56:43.765  2110  2226 V Classifier: Time to load the image: 28
12-17 15:56:43.893  2110  2226 V Classifier: Time to run model inference: 127
12-17 15:56:43.985  2110  2226 V Classifier: Time to load the image: 32
12-17 15:56:44.116  2110  2226 V Classifier: Time to run model inference: 132
12-17 15:56:44.199  2110  2226 V Classifier: Time to load the image: 27
12-17 15:56:44.328  2110  2226 V Classifier: Time to run model inference: 130
12-17 15:56:44.397  2110  2226 V Classifier: Time to load the image: 25
12-17 15:56:44.527  2110  2226 V Classifier: Time to run model inference: 130
12-17 15:56:44.595  2110  2226 V Classifier: Time to load the image: 23
12-17 15:56:44.705  2110  2226 V Classifier: Time to run model inference: 109
12-17 15:56:44.798  2110  2226 V Classifier: Time to load the image: 23
12-17 15:56:44.906  2110  2226 V Classifier: Time to run model inference: 108
12-17 15:56:44.987  2110  2226 V Classifier: Time to load the image: 32
12-17 15:56:45.103  2110  2226 V Classifier: Time to run model inference: 116
12-17 15:56:45.176  2110  2226 V Classifier: Time to load the image: 23
12-17 15:56:45.285  2110  2226 V Classifier: Time to run model inference: 109
12-17 15:56:45.367  2110  2226 V Classifier: Time to load the image: 26
12-17 15:56:45.487  2110  2226 V Classifier: Time to run model inference: 121
12-17 15:56:45.557  2110  2226 V Classifier: Time to load the image: 26
12-17 15:56:45.685  2110  2226 V Classifier: Time to run model inference: 127
12-17 15:56:45.760  2110  2226 V Classifier: Time to load the image: 26
12-17 15:56:45.887  2110  2226 V Classifier: Time to run model inference: 127
12-17 15:56:45.966  2110  2226 V Classifier: Time to load the image: 30
12-17 15:56:46.090  2110  2226 V Classifier: Time to run model inference: 125
12-17 15:56:46.163  2110  2226 V Classifier: Time to load the image: 26
12-17 15:56:46.293  2110  2226 V Classifier: Time to run model inference: 130
12-17 15:56:46.382  2110  2226 V Classifier: Time to load the image: 28
12-17 15:56:46.519  2110  2226 V Classifier: Time to run model inference: 137
12-17 15:56:46.596  2110  2226 V Classifier: Time to load the image: 25
12-17 15:56:46.727  2110  2226 V Classifier: Time to run model inference: 131
12-17 15:56:46.824  2110  2226 V Classifier: Time to load the image: 29
12-17 15:56:46.949  2110  2226 V Classifier: Time to run model inference: 125
12-17 15:56:47.016  2110  2226 V Classifier: Time to load the image: 23
12-17 15:56:47.128  2110  2226 V Classifier: Time to run model inference: 112
12-17 15:56:47.215  2110  2226 V Classifier: Time to load the image: 24
12-17 15:56:47.324  2110  2226 V Classifier: Time to run model inference: 109
12-17 15:56:47.421  2110  2226 V Classifier: Time to load the image: 22
12-17 15:56:47.529  2110  2226 V Classifier: Time to run model inference: 109
12-17 15:56:47.617  2110  2226 V Classifier: Time to load the image: 24
12-17 15:56:47.744  2110  2226 V Classifier: Time to run model inference: 128
12-17 15:56:47.817  2110  2226 V Classifier: Time to load the image: 26
12-17 15:56:47.935  2110  2226 V Classifier: Time to run model inference: 118
12-17 15:56:48.018  2110  2226 V Classifier: Time to load the image: 23
12-17 15:56:48.132  2110  2226 V Classifier: Time to run model inference: 115
12-17 15:56:48.235  2110  2226 V Classifier: Time to load the image: 25
12-17 15:56:48.352  2110  2226 V Classifier: Time to run model inference: 116
12-17 15:56:48.453  2110  2226 V Classifier: Time to load the image: 40
12-17 15:56:48.564  2110  2226 V Classifier: Time to run model inference: 112
12-17 15:56:48.655  2110  2226 V Classifier: Time to load the image: 24
12-17 15:56:48.766  2110  2226 V Classifier: Time to run model inference: 110
12-17 15:56:48.876  2110  2226 V Classifier: Time to load the image: 25
12-17 15:56:48.993  2110  2226 V Classifier: Time to run model inference: 116
12-17 15:56:49.076  2110  2226 V Classifier: Time to load the image: 26
12-17 15:56:49.187  2110  2226 V Classifier: Time to run model inference: 110
12-17 15:56:49.278  2110  2226 V Classifier: Time to load the image: 25
12-17 15:56:49.396  2110  2226 V Classifier: Time to run model inference: 118
12-17 15:56:49.479  2110  2226 V Classifier: Time to load the image: 28
12-17 15:56:49.604  2110  2226 V Classifier: Time to run model inference: 123
12-17 15:56:49.693  2110  2226 V Classifier: Time to load the image: 22
12-17 15:56:49.801  2110  2226 V Classifier: Time to run model inference: 107
12-17 15:56:49.875  2110  2226 V Classifier: Time to load the image: 24
12-17 15:56:50.009  2110  2226 V Classifier: Time to run model inference: 134
12-17 15:56:50.116  2110  2226 V Classifier: Time to load the image: 25
12-17 15:56:50.225  2110  2226 V Classifier: Time to run model inference: 108
12-17 15:56:50.320  2110  2226 V Classifier: Time to load the image: 29
12-17 15:56:50.429  2110  2226 V Classifier: Time to run model inference: 110
12-17 15:56:50.515  2110  2226 V Classifier: Time to load the image: 22
12-17 15:56:50.624  2110  2226 V Classifier: Time to run model inference: 109
12-17 15:56:50.716  2110  2226 V Classifier: Time to load the image: 23
12-17 15:56:50.835  2110  2226 V Classifier: Time to run model inference: 118
12-17 15:56:50.921  2110  2226 V Classifier: Time to load the image: 27
12-17 15:56:51.036  2110  2226 V Classifier: Time to run model inference: 116
12-17 15:56:51.102  2110  2226 V Classifier: Time to load the image: 23
12-17 15:56:51.210  2110  2226 V Classifier: Time to run model inference: 107
12-17 15:56:51.279  2110  2226 V Classifier: Time to load the image: 26
12-17 15:56:51.396  2110  2226 V Classifier: Time to run model inference: 117
12-17 15:56:51.478  2110  2226 V Classifier: Time to load the image: 23
12-17 15:56:51.590  2110  2226 V Classifier: Time to run model inference: 111
12-17 15:56:51.677  2110  2226 V Classifier: Time to load the image: 22
12-17 15:56:51.790  2110  2226 V Classifier: Time to run model inference: 112
12-17 15:56:51.894  2110  2226 V Classifier: Time to load the image: 22
12-17 15:56:52.002  2110  2226 V Classifier: Time to run model inference: 108
12-17 15:56:52.085  2110  2226 V Classifier: Time to load the image: 33
12-17 15:56:52.205  2110  2226 V Classifier: Time to run model inference: 119
12-17 15:56:52.318  2110  2226 V Classifier: Time to load the image: 25
12-17 15:56:52.437  2110  2226 V Classifier: Time to run model inference: 119
12-17 15:56:52.519  2110  2226 V Classifier: Time to load the image: 28
12-17 15:56:52.647  2110  2226 V Classifier: Time to run model inference: 128
12-17 15:56:52.735  2110  2226 V Classifier: Time to load the image: 23
12-17 15:56:52.854  2110  2226 V Classifier: Time to run model inference: 120
12-17 15:56:52.936  2110  2226 V Classifier: Time to load the image: 23
12-17 15:56:53.053  2110  2226 V Classifier: Time to run model inference: 118
12-17 15:56:53.137  2110  2226 V Classifier: Time to load the image: 23
12-17 15:56:53.257  2110  2226 V Classifier: Time to run model inference: 119
12-17 15:56:53.335  2110  2226 V Classifier: Time to load the image: 24
12-17 15:56:53.447  2110  2226 V Classifier: Time to run model inference: 111
12-17 15:56:53.538  2110  2226 V Classifier: Time to load the image: 24
12-17 15:56:53.655  2110  2226 V Classifier: Time to run model inference: 117
12-17 15:56:53.725  2110  2226 V Classifier: Time to load the image: 30
12-17 15:56:53.838  2110  2226 V Classifier: Time to run model inference: 112
12-17 15:56:53.935  2110  2226 V Classifier: Time to load the image: 23
12-17 15:56:54.049  2110  2226 V Classifier: Time to run model inference: 115
12-17 15:56:54.140  2110  2226 V Classifier: Time to load the image: 29
12-17 15:56:54.256  2110  2226 V Classifier: Time to run model inference: 116
12-17 15:56:54.332  2110  2226 V Classifier: Time to load the image: 22
12-17 15:56:54.467  2110  2226 V Classifier: Time to run model inference: 134
12-17 15:56:54.549  2110  2226 V Classifier: Time to load the image: 31
12-17 15:56:54.685  2110  2226 V Classifier: Time to run model inference: 136
12-17 15:56:54.778  2110  2226 V Classifier: Time to load the image: 25
12-17 15:56:54.894  2110  2226 V Classifier: Time to run model inference: 116
12-17 15:56:54.986  2110  2226 V Classifier: Time to load the image: 35
12-17 15:56:55.120  2110  2226 V Classifier: Time to run model inference: 133
12-17 15:56:55.232  2110  2226 V Classifier: Time to load the image: 22
12-17 15:56:55.340  2110  2226 V Classifier: Time to run model inference: 107
12-17 15:56:55.434  2110  2226 V Classifier: Time to load the image: 22
12-17 15:56:55.539  2110  2226 V Classifier: Time to run model inference: 105
12-17 15:56:55.639  2110  2226 V Classifier: Time to load the image: 23
12-17 15:56:55.747  2110  2226 V Classifier: Time to run model inference: 107
12-17 15:56:55.834  2110  2226 V Classifier: Time to load the image: 22
12-17 15:56:55.940  2110  2226 V Classifier: Time to run model inference: 106
12-17 15:56:56.042  2110  2226 V Classifier: Time to load the image: 26
12-17 15:56:56.186  2110  2226 V Classifier: Time to run model inference: 145
12-17 15:56:56.283  2110  2226 V Classifier: Time to load the image: 30
12-17 15:56:56.401  2110  2226 V Classifier: Time to run model inference: 117
12-17 15:56:56.482  2110  2226 V Classifier: Time to load the image: 25
12-17 15:56:56.600  2110  2226 V Classifier: Time to run model inference: 117
12-17 15:56:56.693  2110  2226 V Classifier: Time to load the image: 23
12-17 15:56:56.801  2110  2226 V Classifier: Time to run model inference: 107
12-17 15:56:56.901  2110  2226 V Classifier: Time to load the image: 30
12-17 15:56:57.011  2110  2226 V Classifier: Time to run model inference: 110
12-17 15:56:57.092  2110  2226 V Classifier: Time to load the image: 21
12-17 15:56:57.198  2110  2226 V Classifier: Time to run model inference: 105
12-17 15:56:57.299  2110  2226 V Classifier: Time to load the image: 22
12-17 15:56:57.407  2110  2226 V Classifier: Time to run model inference: 109
12-17 15:56:57.487  2110  2226 V Classifier: Time to load the image: 24
12-17 15:56:57.618  2110  2226 V Classifier: Time to run model inference: 131
12-17 15:56:57.707  2110  2226 V Classifier: Time to load the image: 29
12-17 15:56:57.822  2110  2226 V Classifier: Time to run model inference: 114
12-17 15:56:57.895  2110  2226 V Classifier: Time to load the image: 22
12-17 15:56:58.007  2110  2226 V Classifier: Time to run model inference: 112
12-17 15:56:58.098  2110  2226 V Classifier: Time to load the image: 25
12-17 15:56:58.215  2110  2226 V Classifier: Time to run model inference: 118
12-17 15:56:58.317  2110  2226 V Classifier: Time to load the image: 24
12-17 15:56:58.431  2110  2226 V Classifier: Time to run model inference: 114
12-17 15:56:58.514  2110  2226 V Classifier: Time to load the image: 22
12-17 15:56:58.628  2110  2226 V Classifier: Time to run model inference: 114
12-17 15:56:58.712  2110  2226 V Classifier: Time to load the image: 21
12-17 15:56:58.819  2110  2226 V Classifier: Time to run model inference: 107
12-17 15:56:58.915  2110  2226 V Classifier: Time to load the image: 25
12-17 15:56:59.039  2110  2226 V Classifier: Time to run model inference: 123
12-17 15:56:59.114  2110  2226 V Classifier: Time to load the image: 24
12-17 15:56:59.241  2110  2226 V Classifier: Time to run model inference: 127
12-17 15:56:59.342  2110  2226 V Classifier: Time to load the image: 30
12-17 15:56:59.489  2110  2226 V Classifier: Time to run model inference: 146
12-17 15:56:59.580  2110  2226 V Classifier: Time to load the image: 28
12-17 15:56:59.705  2110  2226 V Classifier: Time to run model inference: 124
12-17 15:56:59.826  2110  2226 V Classifier: Time to load the image: 35
12-17 15:56:59.951  2110  2226 V Classifier: Time to run model inference: 125
12-17 15:57:00.034  2110  2226 V Classifier: Time to load the image: 24
12-17 15:57:00.144  2110  2226 V Classifier: Time to run model inference: 110
12-17 15:57:00.232  2110  2226 V Classifier: Time to load the image: 21
12-17 15:57:00.341  2110  2226 V Classifier: Time to run model inference: 108
12-17 15:57:00.413  2110  2226 V Classifier: Time to load the image: 22
12-17 15:57:00.531  2110  2226 V Classifier: Time to run model inference: 117
12-17 15:57:00.634  2110  2226 V Classifier: Time to load the image: 43
12-17 15:57:00.751  2110  2226 V Classifier: Time to run model inference: 117
12-17 15:57:00.859  2110  2226 V Classifier: Time to load the image: 24
12-17 15:57:00.967  2110  2226 V Classifier: Time to run model inference: 107
12-17 15:57:01.047  2110  2226 V Classifier: Time to load the image: 32
12-17 15:57:01.175  2110  2226 V Classifier: Time to run model inference: 128
12-17 15:57:01.255  2110  2226 V Classifier: Time to load the image: 23
12-17 15:57:01.368  2110  2226 V Classifier: Time to run model inference: 113
12-17 15:57:01.458  2110  2226 V Classifier: Time to load the image: 26
12-17 15:57:01.577  2110  2226 V Classifier: Time to run model inference: 119
12-17 15:57:01.655  2110  2226 V Classifier: Time to load the image: 22
12-17 15:57:01.783  2110  2226 V Classifier: Time to run model inference: 128
12-17 15:57:01.871  2110  2226 V Classifier: Time to load the image: 34
12-17 15:57:02.006  2110  2226 V Classifier: Time to run model inference: 135
12-17 15:57:02.080  2110  2226 V Classifier: Time to load the image: 28
12-17 15:57:02.196  2110  2226 V Classifier: Time to run model inference: 117
12-17 15:57:02.305  2110  2226 V Classifier: Time to load the image: 30
12-17 15:57:02.420  2110  2226 V Classifier: Time to run model inference: 115
12-17 15:57:02.499  2110  2226 V Classifier: Time to load the image: 22
12-17 15:57:02.605  2110  2226 V Classifier: Time to run model inference: 106
12-17 15:57:02.697  2110  2226 V Classifier: Time to load the image: 23
12-17 15:57:02.805  2110  2226 V Classifier: Time to run model inference: 107
12-17 15:57:02.898  2110  2226 V Classifier: Time to load the image: 25
12-17 15:57:03.011  2110  2226 V Classifier: Time to run model inference: 113
12-17 15:57:03.092  2110  2226 V Classifier: Time to load the image: 20
12-17 15:57:03.201  2110  2226 V Classifier: Time to run model inference: 109
12-17 15:57:03.292  2110  2226 V Classifier: Time to load the image: 21
12-17 15:57:03.398  2110  2226 V Classifier: Time to run model inference: 107
12-17 15:57:03.495  2110  2226 V Classifier: Time to load the image: 35
12-17 15:57:03.626  2110  2226 V Classifier: Time to run model inference: 130
12-17 15:57:03.694  2110  2226 V Classifier: Time to load the image: 22
12-17 15:57:03.815  2110  2226 V Classifier: Time to run model inference: 120
12-17 15:57:03.898  2110  2226 V Classifier: Time to load the image: 27
12-17 15:57:04.028  2110  2226 V Classifier: Time to run model inference: 129
12-17 15:57:04.093  2110  2226 V Classifier: Time to load the image: 21
12-17 15:57:04.208  2110  2226 V Classifier: Time to run model inference: 115
12-17 15:57:04.299  2110  2226 V Classifier: Time to load the image: 25
12-17 15:57:04.414  2110  2226 V Classifier: Time to run model inference: 115
12-17 15:57:04.494  2110  2226 V Classifier: Time to load the image: 22
12-17 15:57:04.606  2110  2226 V Classifier: Time to run model inference: 112
12-17 15:57:04.714  2110  2226 V Classifier: Time to load the image: 23
12-17 15:57:04.825  2110  2226 V Classifier: Time to run model inference: 110
12-17 15:57:04.926  2110  2226 V Classifier: Time to load the image: 27
12-17 15:57:05.042  2110  2226 V Classifier: Time to run model inference: 116
12-17 15:57:05.113  2110  2226 V Classifier: Time to load the image: 21
12-17 15:57:05.237  2110  2226 V Classifier: Time to run model inference: 124
12-17 15:57:05.323  2110  2226 V Classifier: Time to load the image: 26
12-17 15:57:05.446  2110  2226 V Classifier: Time to run model inference: 124
12-17 15:57:05.517  2110  2226 V Classifier: Time to load the image: 24
12-17 15:57:05.636  2110  2226 V Classifier: Time to run model inference: 119
12-17 15:57:05.711  2110  2226 V Classifier: Time to load the image: 21
12-17 15:57:05.835  2110  2226 V Classifier: Time to run model inference: 124
12-17 15:57:05.920  2110  2226 V Classifier: Time to load the image: 25
12-17 15:57:06.042  2110  2226 V Classifier: Time to run model inference: 121
12-17 15:57:06.112  2110  2226 V Classifier: Time to load the image: 20
12-17 15:57:06.219  2110  2226 V Classifier: Time to run model inference: 108
12-17 15:57:06.294  2110  2226 V Classifier: Time to load the image: 21
12-17 15:57:06.412  2110  2226 V Classifier: Time to run model inference: 118
12-17 15:57:06.496  2110  2226 V Classifier: Time to load the image: 24
12-17 15:57:06.603  2110  2226 V Classifier: Time to run model inference: 108
12-17 15:57:06.692  2110  2226 V Classifier: Time to load the image: 22
12-17 15:57:06.803  2110  2226 V Classifier: Time to run model inference: 110
12-17 15:57:06.893  2110  2226 V Classifier: Time to load the image: 22
12-17 15:57:07.003  2110  2226 V Classifier: Time to run model inference: 110
12-17 15:57:07.103  2110  2226 V Classifier: Time to load the image: 26
12-17 15:57:07.231  2110  2226 V Classifier: Time to run model inference: 127
12-17 15:57:07.305  2110  2226 V Classifier: Time to load the image: 27
12-17 15:57:07.424  2110  2226 V Classifier: Time to run model inference: 119
12-17 15:57:07.513  2110  2226 V Classifier: Time to load the image: 21
12-17 15:57:07.638  2110  2226 V Classifier: Time to run model inference: 124
12-17 15:57:07.724  2110  2226 V Classifier: Time to load the image: 27
12-17 15:57:07.844  2110  2226 V Classifier: Time to run model inference: 120
12-17 15:57:07.934  2110  2226 V Classifier: Time to load the image: 23
12-17 15:57:08.055  2110  2226 V Classifier: Time to run model inference: 121
12-17 15:57:08.117  2110  2226 V Classifier: Time to load the image: 23
12-17 15:57:08.239  2110  2226 V Classifier: Time to run model inference: 121
12-17 15:57:08.347  2110  2226 V Classifier: Time to load the image: 32
12-17 15:57:08.480  2110  2226 V Classifier: Time to run model inference: 134
12-17 15:57:08.562  2110  2226 V Classifier: Time to load the image: 25
12-17 15:57:08.681  2110  2226 V Classifier: Time to run model inference: 118
12-17 15:57:08.773  2110  2226 V Classifier: Time to load the image: 23
12-17 15:57:08.879  2110  2226 V Classifier: Time to run model inference: 105
12-17 15:57:08.976  2110  2226 V Classifier: Time to load the image: 24
12-17 15:57:09.094  2110  2226 V Classifier: Time to run model inference: 118
12-17 15:57:09.173  2110  2226 V Classifier: Time to load the image: 23
12-17 15:57:09.282  2110  2226 V Classifier: Time to run model inference: 108
12-17 15:57:09.384  2110  2226 V Classifier: Time to load the image: 26
12-17 15:57:09.509  2110  2226 V Classifier: Time to run model inference: 125
12-17 15:57:09.599  2110  2226 V Classifier: Time to load the image: 23
12-17 15:57:09.708  2110  2226 V Classifier: Time to run model inference: 108
12-17 15:57:09.793  2110  2226 V Classifier: Time to load the image: 22
12-17 15:57:09.904  2110  2226 V Classifier: Time to run model inference: 110
12-17 15:57:10.021  2110  2226 V Classifier: Time to load the image: 23
12-17 15:57:10.140  2110  2226 V Classifier: Time to run model inference: 119
12-17 15:57:10.231  2110  2226 V Classifier: Time to load the image: 21
12-17 15:57:10.337  2110  2226 V Classifier: Time to run model inference: 105
12-17 15:57:10.405  2110  2226 V Classifier: Time to load the image: 30
12-17 15:57:10.528  2110  2226 V Classifier: Time to run model inference: 123
12-17 15:57:10.616  2110  2226 V Classifier: Time to load the image: 26
12-17 15:57:10.733  2110  2226 V Classifier: Time to run model inference: 116
12-17 15:57:10.818  2110  2226 V Classifier: Time to load the image: 27
12-17 15:57:10.931  2110  2226 V Classifier: Time to run model inference: 113
12-17 15:57:11.016  2110  2226 V Classifier: Time to load the image: 25
12-17 15:57:11.124  2110  2226 V Classifier: Time to run model inference: 108
12-17 15:57:11.214  2110  2226 V Classifier: Time to load the image: 24
12-17 15:57:11.326  2110  2226 V Classifier: Time to run model inference: 112
12-17 15:57:11.419  2110  2226 V Classifier: Time to load the image: 28
12-17 15:57:11.534  2110  2226 V Classifier: Time to run model inference: 114
12-17 15:57:11.608  2110  2226 V Classifier: Time to load the image: 25
12-17 15:57:11.727  2110  2226 V Classifier: Time to run model inference: 120
12-17 15:57:11.812  2110  2226 V Classifier: Time to load the image: 22
12-17 15:57:11.920  2110  2226 V Classifier: Time to run model inference: 107
12-17 15:57:12.019  2110  2226 V Classifier: Time to load the image: 27
12-17 15:57:12.129  2110  2226 V Classifier: Time to run model inference: 109
12-17 15:57:12.216  2110  2226 V Classifier: Time to load the image: 25
12-17 15:57:12.338  2110  2226 V Classifier: Time to run model inference: 121
12-17 15:57:12.415  2110  2226 V Classifier: Time to load the image: 23
12-17 15:57:12.534  2110  2226 V Classifier: Time to run model inference: 118
12-17 15:57:12.615  2110  2226 V Classifier: Time to load the image: 23
12-17 15:57:12.727  2110  2226 V Classifier: Time to run model inference: 112
12-17 15:57:12.817  2110  2226 V Classifier: Time to load the image: 25
12-17 15:57:12.944  2110  2226 V Classifier: Time to run model inference: 126
12-17 15:57:13.041  2110  2226 V Classifier: Time to load the image: 27
12-17 15:57:13.170  2110  2226 V Classifier: Time to run model inference: 128
12-17 15:57:13.259  2110  2226 V Classifier: Time to load the image: 24
12-17 15:57:13.383  2110  2226 V Classifier: Time to run model inference: 124
12-17 15:57:13.463  2110  2226 V Classifier: Time to load the image: 26
12-17 15:57:13.583  2110  2226 V Classifier: Time to run model inference: 120
12-17 15:57:13.665  2110  2226 V Classifier: Time to load the image: 30
12-17 15:57:13.782  2110  2226 V Classifier: Time to run model inference: 116
12-17 15:57:13.854  2110  2226 V Classifier: Time to load the image: 22
12-17 15:57:13.966  2110  2226 V Classifier: Time to run model inference: 112
12-17 15:57:14.048  2110  2226 V Classifier: Time to load the image: 37
12-17 15:57:14.156  2110  2226 V Classifier: Time to run model inference: 107
12-17 15:57:14.233  2110  2226 V Classifier: Time to load the image: 22
12-17 15:57:14.341  2110  2226 V Classifier: Time to run model inference: 108
12-17 15:57:14.440  2110  2226 V Classifier: Time to load the image: 29
12-17 15:57:14.550  2110  2226 V Classifier: Time to run model inference: 110
12-17 15:57:14.635  2110  2226 V Classifier: Time to load the image: 25
12-17 15:57:14.758  2110  2226 V Classifier: Time to run model inference: 123
12-17 15:57:14.839  2110  2226 V Classifier: Time to load the image: 28
12-17 15:57:14.959  2110  2226 V Classifier: Time to run model inference: 119
12-17 15:57:15.037  2110  2226 V Classifier: Time to load the image: 25
12-17 15:57:15.144  2110  2226 V Classifier: Time to run model inference: 107
12-17 15:57:15.236  2110  2226 V Classifier: Time to load the image: 21
12-17 15:57:15.348  2110  2226 V Classifier: Time to run model inference: 112
12-17 15:57:15.437  2110  2226 V Classifier: Time to load the image: 21
12-17 15:57:15.550  2110  2226 V Classifier: Time to run model inference: 114
12-17 15:57:15.649  2110  2226 V Classifier: Time to load the image: 35
12-17 15:57:15.779  2110  2226 V Classifier: Time to run model inference: 130
12-17 15:57:15.846  2110  2226 V Classifier: Time to load the image: 32
12-17 15:57:15.975  2110  2226 V Classifier: Time to run model inference: 128
12-17 15:57:16.060  2110  2226 V Classifier: Time to load the image: 28
12-17 15:57:16.195  2110  2226 V Classifier: Time to run model inference: 134
12-17 15:57:16.271  2110  2226 V Classifier: Time to load the image: 21
12-17 15:57:16.386  2110  2226 V Classifier: Time to run model inference: 114
12-17 15:57:16.474  2110  2226 V Classifier: Time to load the image: 24
12-17 15:57:16.583  2110  2226 V Classifier: Time to run model inference: 108
12-17 15:57:16.662  2110  2226 V Classifier: Time to load the image: 26
12-17 15:57:16.782  2110  2226 V Classifier: Time to run model inference: 120
12-17 15:57:16.859  2110  2226 V Classifier: Time to load the image: 27
12-17 15:57:16.971  2110  2226 V Classifier: Time to run model inference: 113
12-17 15:57:17.055  2110  2226 V Classifier: Time to load the image: 23
12-17 15:57:17.162  2110  2226 V Classifier: Time to run model inference: 107
12-17 15:57:17.254  2110  2226 V Classifier: Time to load the image: 22
12-17 15:57:17.362  2110  2226 V Classifier: Time to run model inference: 109
12-17 15:57:17.453  2110  2226 V Classifier: Time to load the image: 23
12-17 15:57:17.570  2110  2226 V Classifier: Time to run model inference: 116
12-17 15:57:17.669  2110  2226 V Classifier: Time to load the image: 33
12-17 15:57:17.782  2110  2226 V Classifier: Time to run model inference: 113
12-17 15:57:17.896  2110  2226 V Classifier: Time to load the image: 24
12-17 15:57:18.008  2110  2226 V Classifier: Time to run model inference: 112
12-17 15:57:18.082  2110  2226 V Classifier: Time to load the image: 26
12-17 15:57:18.208  2110  2226 V Classifier: Time to run model inference: 126
12-17 15:57:18.277  2110  2226 V Classifier: Time to load the image: 23
12-17 15:57:18.393  2110  2226 V Classifier: Time to run model inference: 116
12-17 15:57:18.495  2110  2226 V Classifier: Time to load the image: 22
12-17 15:57:18.617  2110  2226 V Classifier: Time to run model inference: 123
12-17 15:57:18.699  2110  2226 V Classifier: Time to load the image: 24
12-17 15:57:18.816  2110  2226 V Classifier: Time to run model inference: 116
12-17 15:57:18.901  2110  2226 V Classifier: Time to load the image: 28
12-17 15:57:19.026  2110  2226 V Classifier: Time to run model inference: 124
12-17 15:57:19.092  2110  2226 V Classifier: Time to load the image: 21
12-17 15:57:19.199  2110  2226 V Classifier: Time to run model inference: 106
12-17 15:57:19.293  2110  2226 V Classifier: Time to load the image: 21
12-17 15:57:19.406  2110  2226 V Classifier: Time to run model inference: 112
12-17 15:57:19.499  2110  2226 V Classifier: Time to load the image: 23
12-17 15:57:19.614  2110  2226 V Classifier: Time to run model inference: 115
12-17 15:57:19.687  2110  2226 V Classifier: Time to load the image: 24
12-17 15:57:19.809  2110  2226 V Classifier: Time to run model inference: 121
12-17 15:57:19.897  2110  2226 V Classifier: Time to load the image: 22
12-17 15:57:20.015  2110  2226 V Classifier: Time to run model inference: 117
12-17 15:57:20.105  2110  2226 V Classifier: Time to load the image: 25
12-17 15:57:20.224  2110  2226 V Classifier: Time to run model inference: 120
12-17 15:57:20.293  2110  2226 V Classifier: Time to load the image: 22
12-17 15:57:20.418  2110  2226 V Classifier: Time to run model inference: 124
12-17 15:57:20.497  2110  2226 V Classifier: Time to load the image: 26
12-17 15:57:20.620  2110  2226 V Classifier: Time to run model inference: 122
12-17 15:57:20.696  2110  2226 V Classifier: Time to load the image: 21
12-17 15:57:20.803  2110  2226 V Classifier: Time to run model inference: 108
12-17 15:57:20.896  2110  2226 V Classifier: Time to load the image: 23
12-17 15:57:21.019  2110  2226 V Classifier: Time to run model inference: 122
12-17 15:57:21.119  2110  2226 V Classifier: Time to load the image: 26
12-17 15:57:21.233  2110  2226 V Classifier: Time to run model inference: 114
12-17 15:57:21.318  2110  2226 V Classifier: Time to load the image: 23
12-17 15:57:21.438  2110  2226 V Classifier: Time to run model inference: 119
12-17 15:57:21.516  2110  2226 V Classifier: Time to load the image: 24
12-17 15:57:21.631  2110  2226 V Classifier: Time to run model inference: 114
12-17 15:57:21.712  2110  2226 V Classifier: Time to load the image: 22
12-17 15:57:21.835  2110  2226 V Classifier: Time to run model inference: 122
12-17 15:57:21.913  2110  2226 V Classifier: Time to load the image: 22
12-17 15:57:22.025  2110  2226 V Classifier: Time to run model inference: 112
12-17 15:57:22.113  2110  2226 V Classifier: Time to load the image: 21
12-17 15:57:22.229  2110  2226 V Classifier: Time to run model inference: 115
12-17 15:57:22.312  2110  2226 V Classifier: Time to load the image: 21
12-17 15:57:22.422  2110  2226 V Classifier: Time to run model inference: 109
12-17 15:57:22.520  2110  2226 V Classifier: Time to load the image: 22
12-17 15:57:22.629  2110  2226 V Classifier: Time to run model inference: 110
12-17 15:57:22.721  2110  2226 V Classifier: Time to load the image: 22
12-17 15:57:22.830  2110  2226 V Classifier: Time to run model inference: 109
12-17 15:57:22.936  2110  2226 V Classifier: Time to load the image: 43
12-17 15:57:23.055  2110  2226 V Classifier: Time to run model inference: 119
12-17 15:57:23.157  2110  2226 V Classifier: Time to load the image: 25
12-17 15:57:23.274  2110  2226 V Classifier: Time to run model inference: 117
12-17 15:57:23.370  2110  2226 V Classifier: Time to load the image: 40
12-17 15:57:23.485  2110  2226 V Classifier: Time to run model inference: 113
12-17 15:57:23.552  2110  2226 V Classifier: Time to load the image: 21
12-17 15:57:23.668  2110  2226 V Classifier: Time to run model inference: 116
12-17 15:57:23.744  2110  2226 V Classifier: Time to load the image: 21
12-17 15:57:23.852  2110  2226 V Classifier: Time to run model inference: 108
12-17 15:57:23.916  2110  2226 V Classifier: Time to load the image: 22
12-17 15:57:24.025  2110  2226 V Classifier: Time to run model inference: 110
12-17 15:57:24.095  2110  2226 V Classifier: Time to load the image: 22
12-17 15:57:24.218  2110  2226 V Classifier: Time to run model inference: 123
12-17 15:57:24.297  2110  2226 V Classifier: Time to load the image: 24
12-17 15:57:24.413  2110  2226 V Classifier: Time to run model inference: 116
12-17 15:57:24.493  2110  2226 V Classifier: Time to load the image: 22
12-17 15:57:24.621  2110  2226 V Classifier: Time to run model inference: 128
12-17 15:57:24.695  2110  2226 V Classifier: Time to load the image: 23
12-17 15:57:24.812  2110  2226 V Classifier: Time to run model inference: 116
12-17 15:57:24.904  2110  2226 V Classifier: Time to load the image: 22
12-17 15:57:25.010  2110  2226 V Classifier: Time to run model inference: 105
12-17 15:57:25.108  2110  2226 V Classifier: Time to load the image: 31
12-17 15:57:25.229  2110  2226 V Classifier: Time to run model inference: 120
12-17 15:57:25.293  2110  2226 V Classifier: Time to load the image: 22
12-17 15:57:25.411  2110  2226 V Classifier: Time to run model inference: 117
12-17 15:57:25.514  2110  2226 V Classifier: Time to load the image: 22
12-17 15:57:25.626  2110  2226 V Classifier: Time to run model inference: 111
12-17 15:57:25.696  2110  2226 V Classifier: Time to load the image: 22
12-17 15:57:25.810  2110  2226 V Classifier: Time to run model inference: 113
12-17 15:57:25.916  2110  2226 V Classifier: Time to load the image: 24
12-17 15:57:26.023  2110  2226 V Classifier: Time to run model inference: 107
12-17 15:57:26.113  2110  2226 V Classifier: Time to load the image: 21
12-17 15:57:26.228  2110  2226 V Classifier: Time to run model inference: 116
12-17 15:57:26.321  2110  2226 V Classifier: Time to load the image: 24
12-17 15:57:26.455  2110  2226 V Classifier: Time to run model inference: 133
12-17 15:57:26.540  2110  2226 V Classifier: Time to load the image: 23
12-17 15:57:26.652  2110  2226 V Classifier: Time to run model inference: 111
12-17 15:57:26.737  2110  2226 V Classifier: Time to load the image: 21
12-17 15:57:26.844  2110  2226 V Classifier: Time to run model inference: 106
12-17 15:57:26.925  2110  2226 V Classifier: Time to load the image: 25
12-17 15:57:27.043  2110  2226 V Classifier: Time to run model inference: 118
12-17 15:57:27.114  2110  2226 V Classifier: Time to load the image: 23
12-17 15:57:27.222  2110  2226 V Classifier: Time to run model inference: 109
12-17 15:57:27.313  2110  2226 V Classifier: Time to load the image: 23
12-17 15:57:27.440  2110  2226 V Classifier: Time to run model inference: 126
12-17 15:57:27.514  2110  2226 V Classifier: Time to load the image: 23
12-17 15:57:27.624  2110  2226 V Classifier: Time to run model inference: 109
12-17 15:57:27.719  2110  2226 V Classifier: Time to load the image: 27
12-17 15:57:27.840  2110  2226 V Classifier: Time to run model inference: 121
12-17 15:57:27.913  2110  2226 V Classifier: Time to load the image: 22
12-17 15:57:28.021  2110  2226 V Classifier: Time to run model inference: 107
12-17 15:57:28.098  2110  2226 V Classifier: Time to load the image: 23
12-17 15:57:28.209  2110  2226 V Classifier: Time to run model inference: 111
12-17 15:57:28.292  2110  2226 V Classifier: Time to load the image: 22
12-17 15:57:28.408  2110  2226 V Classifier: Time to run model inference: 115
12-17 15:57:28.493  2110  2226 V Classifier: Time to load the image: 22
12-17 15:57:28.602  2110  2226 V Classifier: Time to run model inference: 110
12-17 15:57:28.705  2110  2226 V Classifier: Time to load the image: 28
12-17 15:57:28.824  2110  2226 V Classifier: Time to run model inference: 120
12-17 15:57:28.894  2110  2226 V Classifier: Time to load the image: 24
12-17 15:57:29.005  2110  2226 V Classifier: Time to run model inference: 111
12-17 15:57:29.096  2110  2226 V Classifier: Time to load the image: 22
12-17 15:57:29.217  2110  2226 V Classifier: Time to run model inference: 120
12-17 15:57:29.294  2110  2226 V Classifier: Time to load the image: 24
12-17 15:57:29.405  2110  2226 V Classifier: Time to run model inference: 110
12-17 15:57:29.493  2110  2226 V Classifier: Time to load the image: 21
12-17 15:57:29.605  2110  2226 V Classifier: Time to run model inference: 111
12-17 15:57:29.697  2110  2226 V Classifier: Time to load the image: 25
12-17 15:57:29.807  2110  2226 V Classifier: Time to run model inference: 110
12-17 15:57:29.896  2110  2226 V Classifier: Time to load the image: 22
12-17 15:57:30.011  2110  2226 V Classifier: Time to run model inference: 115
12-17 15:57:30.100  2110  2226 V Classifier: Time to load the image: 24
12-17 15:57:30.220  2110  2226 V Classifier: Time to run model inference: 120
12-17 15:57:30.322  2110  2226 V Classifier: Time to load the image: 25
12-17 15:57:30.430  2110  2226 V Classifier: Time to run model inference: 108
12-17 15:57:30.499  2110  2226 V Classifier: Time to load the image: 27
12-17 15:57:30.612  2110  2226 V Classifier: Time to run model inference: 113
12-17 15:57:30.712  2110  2226 V Classifier: Time to load the image: 21
12-17 15:57:30.822  2110  2226 V Classifier: Time to run model inference: 109
12-17 15:57:30.922  2110  2226 V Classifier: Time to load the image: 32
12-17 15:57:31.052  2110  2226 V Classifier: Time to run model inference: 129
12-17 15:57:31.157  2110  2226 V Classifier: Time to load the image: 25
12-17 15:57:31.280  2110  2226 V Classifier: Time to run model inference: 123
12-17 15:57:31.378  2110  2226 V Classifier: Time to load the image: 26
12-17 15:57:31.506  2110  2226 V Classifier: Time to run model inference: 128
12-17 15:57:31.616  2110  2226 V Classifier: Time to load the image: 24
12-17 15:57:31.739  2110  2226 V Classifier: Time to run model inference: 123
12-17 15:57:31.812  2110  2226 V Classifier: Time to load the image: 20
12-17 15:57:31.918  2110  2226 V Classifier: Time to run model inference: 106
12-17 15:57:32.015  2110  2226 V Classifier: Time to load the image: 22
12-17 15:57:32.123  2110  2226 V Classifier: Time to run model inference: 108
12-17 15:57:32.217  2110  2226 V Classifier: Time to load the image: 22
12-17 15:57:32.327  2110  2226 V Classifier: Time to run model inference: 109
12-17 15:57:32.438  2110  2226 V Classifier: Time to load the image: 21
12-17 15:57:32.549  2110  2226 V Classifier: Time to run model inference: 110
12-17 15:57:32.641  2110  2226 V Classifier: Time to load the image: 24
12-17 15:57:32.762  2110  2226 V Classifier: Time to run model inference: 122
12-17 15:57:32.835  2110  2226 V Classifier: Time to load the image: 23
12-17 15:57:32.948  2110  2226 V Classifier: Time to run model inference: 114
12-17 15:57:33.036  2110  2226 V Classifier: Time to load the image: 24
12-17 15:57:33.155  2110  2226 V Classifier: Time to run model inference: 118
12-17 15:57:33.238  2110  2226 V Classifier: Time to load the image: 26
12-17 15:57:33.368  2110  2226 V Classifier: Time to run model inference: 131
12-17 15:57:33.436  2110  2226 V Classifier: Time to load the image: 25
12-17 15:57:33.556  2110  2226 V Classifier: Time to run model inference: 121
12-17 15:57:33.634  2110  2226 V Classifier: Time to load the image: 23
12-17 15:57:33.759  2110  2226 V Classifier: Time to run model inference: 124
12-17 15:57:33.838  2110  2226 V Classifier: Time to load the image: 27
12-17 15:57:33.949  2110  2226 V Classifier: Time to run model inference: 112
12-17 15:57:34.032  2110  2226 V Classifier: Time to load the image: 21
12-17 15:57:34.139  2110  2226 V Classifier: Time to run model inference: 106
12-17 15:57:34.214  2110  2226 V Classifier: Time to load the image: 21
12-17 15:57:34.329  2110  2226 V Classifier: Time to run model inference: 115
12-17 15:57:34.419  2110  2226 V Classifier: Time to load the image: 21
12-17 15:57:34.533  2110  2226 V Classifier: Time to run model inference: 113
12-17 15:57:34.612  2110  2226 V Classifier: Time to load the image: 20
12-17 15:57:34.719  2110  2226 V Classifier: Time to run model inference: 107
12-17 15:57:34.816  2110  2226 V Classifier: Time to load the image: 22
12-17 15:57:34.930  2110  2226 V Classifier: Time to run model inference: 113
12-17 15:57:35.018  2110  2226 V Classifier: Time to load the image: 25
12-17 15:57:35.138  2110  2226 V Classifier: Time to run model inference: 121
12-17 15:57:35.209  2110  2226 V Classifier: Time to load the image: 25
12-17 15:57:35.318  2110  2226 V Classifier: Time to run model inference: 108
12-17 15:57:35.398  2110  2226 V Classifier: Time to load the image: 27
12-17 15:57:35.522  2110  2226 V Classifier: Time to run model inference: 124
12-17 15:57:35.612  2110  2226 V Classifier: Time to load the image: 21
12-17 15:57:35.729  2110  2226 V Classifier: Time to run model inference: 117
12-17 15:57:35.820  2110  2226 V Classifier: Time to load the image: 28
12-17 15:57:35.943  2110  2226 V Classifier: Time to run model inference: 123
