12-17 16:03:47.127  2359  2359 D Uvc     : [JniEnv.h:32] ScopedJniEnv::onJniLoad()...
12-17 16:03:47.127  2359  2359 D Uvc     : [JniEnv.h:32] ...ScopedJniEnv::onJniLoad()
12-17 16:03:47.127  2359  2359 D Uvc     : [jni.cpp:72] ...JNI_OnLoad()
12-17 16:03:47.133  2359  2359 V AppUtil : initializing: getExternalStorageDirectory()=/storage/emulated/0
12-17 16:03:47.139  2359  2359 I AppUtil : found usbFileSystemRoot: /dev/bus/usb
12-17 16:03:47.147  2359  2359 I AppAliveNotifier: Telling the OS to set the RC alive notification timeout to 20 seconds
12-17 16:03:47.155  2359  2382 V RobotCore: saving logcat to /storage/emulated/0/robotControllerLog.txt
12-17 16:03:47.155  2359  2382 V RobotCore: logging command line: exec logcat -f /storage/emulated/0/robotControllerLog.txt -r4096 -n4 -v threadtime UsbRequestJNI:S UsbRequest:S art:W ThreadPool:W System:W ExtendedExtractor:W OMXClient:W MediaPlayer:W dalvikvm:W  *:V
12-17 16:03:47.170  2359  2359 V AppUtil : rootActivity=PermissionValidatorWrapper
12-17 16:03:47.170  2359  2359 I PermissionValidatorActivity: Lifecycle onCreate : a5546b7
12-17 16:03:47.184  2378  2378 I ps      : type=1400 audit(0.0:312): avc: denied { getattr } for path="/proc/1" dev="proc" ino=7215 scontext=u:r:untrusted_app:s0:c512,c768 tcontext=u:r:init:s0 tclass=dir permissive=1
12-17 16:03:47.202  2359  2382 I RobotCore: Done running ps
12-17 16:03:47.184  2378  2378 I ps      : type=1400 audit(0.0:313): avc: denied { search } for name="1" dev="proc" ino=7215 scontext=u:r:untrusted_app:s0:c512,c768 tcontext=u:r:init:s0 tclass=dir permissive=1
12-17 16:03:47.184  2378  2378 I ps      : type=1400 audit(0.0:314): avc: denied { read } for name="cmdline" dev="proc" ino=8662 scontext=u:r:untrusted_app:s0:c512,c768 tcontext=u:r:init:s0 tclass=file permissive=1
12-17 16:03:47.184  2378  2378 I ps      : type=1400 audit(0.0:315): avc: denied { open } for path="/proc/1/cmdline" dev="proc" ino=8662 scontext=u:r:untrusted_app:s0:c512,c768 tcontext=u:r:init:s0 tclass=file permissive=1
12-17 16:03:47.184  2378  2378 I ps      : type=1400 audit(0.0:316): avc: denied { getattr } for path="/proc/2" dev="proc" ino=9639 scontext=u:r:untrusted_app:s0:c512,c768 tcontext=u:r:kernel:s0 tclass=dir permissive=1
12-17 16:03:47.184  2378  2378 I ps      : type=1400 audit(0.0:317): avc: denied { search } for name="2" dev="proc" ino=9639 scontext=u:r:untrusted_app:s0:c512,c768 tcontext=u:r:kernel:s0 tclass=dir permissive=1
12-17 16:03:47.184  2378  2378 I ps      : type=1400 audit(0.0:318): avc: denied { read } for name="cmdline" dev="proc" ino=9738 scontext=u:r:untrusted_app:s0:c512,c768 tcontext=u:r:kernel:s0 tclass=file permissive=1
12-17 16:03:47.184  2378  2378 I ps      : type=1400 audit(0.0:319): avc: denied { open } for path="/proc/2/cmdline" dev="proc" ino=9738 scontext=u:r:untrusted_app:s0:c512,c768 tcontext=u:r:kernel:s0 tclass=file permissive=1
12-17 16:03:47.216  2359  2359 I PermissionValidatorActivity: Lifecycle onStart : a5546b7
12-17 16:03:47.217  2359  2359 I PermissionValidator: Checking permission for android.permission.WRITE_EXTERNAL_STORAGE
12-17 16:03:47.222  2359  2359 I PermissionValidator:     Granted: android.permission.WRITE_EXTERNAL_STORAGE
12-17 16:03:47.222  2359  2359 I PermissionValidator: Checking permission for android.permission.READ_EXTERNAL_STORAGE
12-17 16:03:47.225  2359  2359 I PermissionValidator:     Granted: android.permission.READ_EXTERNAL_STORAGE
12-17 16:03:47.225  2359  2359 I PermissionValidator: Checking permission for android.permission.CAMERA
12-17 16:03:47.226  2359  2359 I PermissionValidator:     Granted: android.permission.CAMERA
12-17 16:03:47.226  2359  2359 I PermissionValidator: Checking permission for android.permission.ACCESS_COARSE_LOCATION
12-17 16:03:47.227  2359  2359 I PermissionValidator:     Granted: android.permission.ACCESS_COARSE_LOCATION
12-17 16:03:47.228  2359  2359 I PermissionValidator: Checking permission for android.permission.ACCESS_FINE_LOCATION
12-17 16:03:47.229  2359  2359 I PermissionValidator:     Granted: android.permission.ACCESS_FINE_LOCATION
12-17 16:03:47.229  2359  2359 I PermissionValidator: Checking permission for android.permission.READ_PHONE_STATE
12-17 16:03:47.230  2359  2359 I PermissionValidator:     Granted: android.permission.READ_PHONE_STATE
12-17 16:03:47.233  2359  2359 V ServiceStarter: attempting to start service MediaTransferProtocolMonitorService
12-17 16:03:47.236  2359  2359 V ServiceStarter: started service MediaTransferProtocolMonitorService
12-17 16:03:47.237  2359  2359 V ServiceStarter: attempting to start service OnBotJavaService
12-17 16:03:47.239  2359  2359 V ServiceStarter: started service OnBotJavaService
12-17 16:03:47.239  2359  2359 I PermissionValidatorActivity: All permissions validated.  Starting RobotController
12-17 16:03:47.256  2359  2359 V MTPMonitorService: onCreate()
12-17 16:03:47.256  2359  2359 V MTPMonitorService: onStartCommand() intent=Intent { cmp=com.qualcomm.ftcrobotcontroller/org.firstinspires.ftc.robotcore.internal.files.MediaTransferProtocolMonitorService } flags=0x0 startId=1
12-17 16:03:47.260  2359  2359 V MTPMonitor: observing: /storage/emulated/0
12-17 16:03:47.217  2385  2385 I sh      : type=1400 audit(0.0:320): avc: denied { read } for name="/" dev="rootfs" ino=1 scontext=u:r:untrusted_app:s0:c512,c768 tcontext=u:object_r:rootfs:s0 tclass=dir permissive=1
12-17 16:03:47.221  2385  2385 I sh      : type=1400 audit(0.0:321): avc: denied { open } for path="/" dev="rootfs" ino=1 scontext=u:r:untrusted_app:s0:c512,c768 tcontext=u:object_r:rootfs:s0 tclass=dir permissive=1
12-17 16:03:47.362  2359  2359 V OnBotJavaService: onCreate()
12-17 16:03:47.362  2359  2359 V OnBotJavaService: onStartCommand() intent=Intent { cmp=com.qualcomm.ftcrobotcontroller/org.firstinspires.ftc.onbotjava.OnBotJavaService } flags=0x0 startId=1
12-17 16:03:47.364  2359  2359 V OnBotJava: OnBotJavaManager::static
12-17 16:03:47.883  2359  2359 V OnBotJava: ctor()...
12-17 16:03:47.885  2359  2359 V OnBotJava: ...ctor()
12-17 16:03:47.890  2359  2359 I PermissionValidatorActivity: Lifecycle onCreate : 78c0277
12-17 16:03:47.896  2359  2359 I PermissionValidatorActivity: Lifecycle onStart : 78c0277
12-17 16:03:47.896  2359  2359 I PermissionValidator: Checking permission for android.permission.WRITE_EXTERNAL_STORAGE
12-17 16:03:47.897  2359  2359 I PermissionValidator:     Granted: android.permission.WRITE_EXTERNAL_STORAGE
12-17 16:03:47.897  2359  2359 I PermissionValidator: Checking permission for android.permission.READ_EXTERNAL_STORAGE
12-17 16:03:47.898  2359  2359 I PermissionValidator:     Granted: android.permission.READ_EXTERNAL_STORAGE
12-17 16:03:47.898  2359  2359 I PermissionValidator: Checking permission for android.permission.CAMERA
12-17 16:03:47.899  2359  2359 I PermissionValidator:     Granted: android.permission.CAMERA
12-17 16:03:47.899  2359  2359 I PermissionValidator: Checking permission for android.permission.ACCESS_COARSE_LOCATION
12-17 16:03:47.900  2359  2359 I PermissionValidator:     Granted: android.permission.ACCESS_COARSE_LOCATION
12-17 16:03:47.901  2359  2359 I PermissionValidator: Checking permission for android.permission.ACCESS_FINE_LOCATION
12-17 16:03:47.902  2359  2359 I PermissionValidator:     Granted: android.permission.ACCESS_FINE_LOCATION
12-17 16:03:47.902  2359  2359 I PermissionValidator: Checking permission for android.permission.READ_PHONE_STATE
12-17 16:03:47.903  2359  2359 I PermissionValidator:     Granted: android.permission.READ_PHONE_STATE
12-17 16:03:47.905  2359  2359 V ServiceStarter: attempting to start service MediaTransferProtocolMonitorService
12-17 16:03:47.906  2359  2359 V ServiceStarter: started service MediaTransferProtocolMonitorService
12-17 16:03:47.906  2359  2359 V ServiceStarter: attempting to start service OnBotJavaService
12-17 16:03:47.908  2359  2359 V ServiceStarter: started service OnBotJavaService
12-17 16:03:47.908  2359  2359 I PermissionValidatorActivity: All permissions validated.  Starting RobotController
12-17 16:03:47.917  2359  2359 V MTPMonitorService: onStartCommand() intent=Intent { cmp=com.qualcomm.ftcrobotcontroller/org.firstinspires.ftc.robotcore.internal.files.MediaTransferProtocolMonitorService } flags=0x0 startId=2
12-17 16:03:47.920  2359  2359 V MTPMonitor: observing: /storage/emulated/0
12-17 16:03:47.949  2359  2359 W FileObserverManager: upgrading mask: path=/storage/emulated/0/FIRST/java/control old=0x00000ffc new=0x00004ffc: might possibly miss event
12-17 16:03:47.973  2359  2359 V OnBotJavaService: onStartCommand() intent=Intent { cmp=com.qualcomm.ftcrobotcontroller/org.firstinspires.ftc.onbotjava.OnBotJavaService } flags=0x0 startId=2
12-17 16:03:47.973  2359  2359 V OnBotJava: ctor()...
12-17 16:03:47.974  2359  2359 W FileObserverManager: upgrading mask: path=/storage/emulated/0/FIRST/java/control/buildRequest.txt old=0x00000ffc new=0x00000ffe: might possibly miss event
12-17 16:03:47.975  2359  2359 V OnBotJava: ...ctor()
12-17 16:03:47.983  2359  2359 V RCActivity: Permissions validated already
12-17 16:03:47.983  2359  2359 V RCActivity: onCreate()
12-17 16:03:47.985  2359  2359 V RCActivity: rootActivity is of class PermissionValidatorWrapper
12-17 16:03:47.988  2359  2359 V RCActivity: launchActivity is of class class org.firstinspires.ftc.robotcontroller.internal.PermissionValidatorWrapper
12-17 16:03:47.984  2359  2359 I robotcontroller: type=1400 audit(0.0:322): avc: denied { read } for name="direction" dev="sysfs" ino=16601 scontext=u:r:untrusted_app:s0:c512,c768 tcontext=u:object_r:sysfs:s0 tclass=file permissive=1
12-17 16:03:47.984  2359  2359 I robotcontroller: type=1400 audit(0.0:323): avc: denied { open } for path="/sys/devices/pinctrl.26/gpio/gpio50/direction" dev="sysfs" ino=16601 scontext=u:r:untrusted_app:s0:c512,c768 tcontext=u:object_r:sysfs:s0 tclass=file permissive=1
12-17 16:03:47.984  2359  2359 I robotcontroller: type=1400 audit(0.0:324): avc: denied { getattr } for path="/sys/devices/pinctrl.26/gpio/gpio50/direction" dev="sysfs" ino=16601 scontext=u:r:untrusted_app:s0:c512,c768 tcontext=u:object_r:sysfs:s0 tclass=file permissive=1
12-17 16:03:47.984  2359  2359 I robotcontroller: type=1400 audit(0.0:325): avc: denied { write } for name="value" dev="sysfs" ino=13327 scontext=u:r:untrusted_app:s0:c512,c768 tcontext=u:object_r:sysfs:s0 tclass=file permissive=1
12-17 16:03:47.991  2359  2359 V AndroidBoardIsPresentPin: writing aspect=/sys/class/gpio/gpio50/value value=0
12-17 16:03:47.997  2359  2401 V CallbackLooper: thread=49
12-17 16:03:48.001  2359  2359 V NetDiscover_wifiDirectAgent: doStart()...
12-17 16:03:48.006  2359  2359 V NetDiscover_wifiDirectAgent: ...doStart()
12-17 16:03:48.006  2359  2359 V NetDiscover_prefremrc: ----- all preferences -----
12-17 16:03:48.006  2359  2359 V NetDiscover_prefremrc: name='android.permission.READ_PHONE_STATE' value=false
12-17 16:03:48.007  2359  2359 V NetDiscover_prefremrc: name='pref_app_version' value=unavailable
12-17 16:03:48.007  2359  2359 V NetDiscover_prefremrc: name='pref_autostarted_robot_controller' value=true
12-17 16:03:48.007  2359  2359 V NetDiscover_prefremrc: name='pref_warn_about_obsolete_software' value=true
12-17 16:03:48.007  2359  2359 V NetDiscover_prefremrc: name='pref_network_protocol_version' value=unavailable
12-17 16:03:48.007  2359  2359 V NetDiscover_prefremrc: name='pref_ds_version_code' value=38
12-17 16:03:48.007  2359  2359 V NetDiscover_prefremrc: name='pref_has_independent_phone_battery' value=false
12-17 16:03:48.008  2359  2359 V NetDiscover_prefremrc: name='android.permission.CAMERA' value=false
12-17 16:03:48.008  2359  2359 V NetDiscover_prefremrc: name='pref_wifip2p_remote_channel_change_works' value=false
12-17 16:03:48.008  2359  2359 V NetDiscover_prefremrc: name='pref_hardware_config_filename' value={"isDirty":false,"location":"LOCAL_STORAGE","name":"Mecanum Robot","resourceId":0}
12-17 16:03:48.008  2359  2359 V NetDiscover_prefremrc: name='pref_build_time' value=unavailable
12-17 16:03:48.008  2359  2359 V NetDiscover_prefremrc: name='pref_warn_about_mismatched_app_versions' value=true
12-17 16:03:48.009  2359  2359 V NetDiscover_prefremrc: name='pref_sound_on_off' value=false
12-17 16:03:48.009  2359  2359 V NetDiscover_prefremrc: name='App Restrictions' value=AAAAAA==
12-17 16:03:48.009  2359  2359 V NetDiscover_prefremrc:     
12-17 16:03:48.009  2359  2359 V NetDiscover_prefremrc: name='pref_warn_about_incorrect_clocks' value=true
12-17 16:03:48.009  2359  2359 V NetDiscover_prefremrc: name='pref_ftc_season_year_of_current_rc' value=2021
12-17 16:03:48.009  2359  2359 V NetDiscover_prefremrc: name='android.permission.ACCESS_COARSE_LOCATION' value=false
12-17 16:03:48.009  2359  2359 V NetDiscover_prefremrc: name='pref_has_speaker' value=false
12-17 16:03:48.009  2359  2359 V NetDiscover_prefremrc: name='android.permission.WRITE_EXTERNAL_STORAGE' value=false
12-17 16:03:48.009  2359  2359 V NetDiscover_prefremrc: name='pref_connection_owner_password' value=WPAkey18613
12-17 16:03:48.009  2359  2359 V NetDiscover_prefremrc: name='pref_pairing_kind' value=RCWIRELESSAP
12-17 16:03:48.009  2359  2359 V NetDiscover_prefremrc: name='pref_device_name_internal' value=18613-RC
12-17 16:03:48.010  2359  2359 V NetDiscover_prefremrc: name='pref_app_theme' value=red
12-17 16:03:48.010  2359  2359 V NetDiscover_prefremrc: name='android.permission.ACCESS_FINE_LOCATION' value=false
12-17 16:03:48.010  2359  2359 V NetDiscover_prefremrc: name='pref_device_name' value=18613-RC
12-17 16:03:48.010  2359  2359 V NetDiscover_prefremrc: name='pref_network_connection_info' value=unavailable
12-17 16:03:48.010  2359  2359 V NetDiscover_prefremrc: name='pref_warn_about_2_4_ghz_band' value=true
12-17 16:03:48.010  2359  2359 V NetDiscover_prefremrc: name='pref_device_name_tracking' value=WIFIAP
12-17 16:03:48.010  2359  2359 V NetDiscover_prefremrc: name='android.permission.READ_EXTERNAL_STORAGE' value=false
12-17 16:03:48.010  2359  2359 V NetDiscover_prefremrc: name='pref_lib_version' value=unavailable
12-17 16:03:48.010  2359  2359 V NetDiscover_prefremrc: name='pref_rc_connected' value=true
12-17 16:03:48.016  2359  2359 V Robocol : SendOnceRunnable created
12-17 16:03:48.018  2359  2359 V NetDiscover_prefremrc: doStart()...
12-17 16:03:48.018  2359  2359 V NetDiscover_prefremrc: ...doStart()
12-17 16:03:48.046  2359  2359 W System  : ClassLoader referenced unknown path: /system/app/webview/lib/arm
12-17 16:03:48.047  2359  2359 D ApplicationLoaders: ignored Vulkan layer search path /system/app/webview/lib/arm:/system/app/webview/webview.apk!/lib/armeabi-v7a:/system/lib:/vendor/lib for namespace 0xea4b9090
12-17 16:03:48.050  2359  2359 I WebViewFactory: Loading com.android.webview version 52.0.2743.100 (code 275610050)
12-17 16:03:48.079  2359  2359 I cr_LibraryLoader: Time to load native libraries: 2 ms (timestamps 2079-2081)
12-17 16:03:48.080  2359  2359 I cr_LibraryLoader: Expected native library version number "52.0.2743.100", actual native library version number "52.0.2743.100"
12-17 16:03:48.095  2359  2359 V WebViewChromiumFactoryProvider: Binding Chromium to main looper Looper (main, tid 1) {2704f3c}
12-17 16:03:48.095  2359  2359 I cr_LibraryLoader: Expected native library version number "52.0.2743.100", actual native library version number "52.0.2743.100"
12-17 16:03:48.095  2359  2359 I chromium: [INFO:library_loader_hooks.cc(143)] Chromium logging enabled: level = 0, default verbosity = 0
12-17 16:03:48.113  2359  2359 I cr_BrowserStartup: Initializing chromium process, singleProcess=true
12-17 16:03:48.137  2359  2359 I mali_so : [File] : hardware/rockchip/driver/./src/base/arch/arch_011_udd/base_arch_main.c; [Line] : 565; [Func] : deal_with_version_affairs_rk_ext;
12-17 16:03:48.137  2359  2359 I mali_so : arm_release_ver of this mali_so is 'r7p0-00rel1', rk_so_ver is '1@2' for 3328h_android_7.1, built at '15:47:49', on 'Jun 28 2017'.
12-17 16:03:48.137  2359  2359 I mali_so : [File] : hardware/rockchip/driver/./src/base/arch/arch_011_udd/base_arch_main.c; [Line] : 578; [Func] : deal_with_version_affairs_rk_ext;
12-17 16:03:48.137  2359  2359 I mali_so : mali_ver_property has been set to 'r7p0-00rel1-5-1@2', to return.
12-17 16:03:48.213  2359  2359 I cr_DRP  : No DRP key due to exception:java.lang.ClassNotFoundException: com.android.webview.chromium.Drp
12-17 16:03:48.259  2359  2359 W cr_AwContents: onDetachedFromWindow called when already detached. Ignoring
12-17 16:03:48.307  2359  2359 W art     : Before Android 4.1, method double java.util.concurrent.ThreadLocalRandom.internalNextDouble(double, double) would have incorrectly overridden the package-private method in java.util.Random
12-17 16:03:48.307  2359  2359 W art     : Before Android 4.1, method int java.util.concurrent.ThreadLocalRandom.internalNextInt(int, int) would have incorrectly overridden the package-private method in java.util.Random
12-17 16:03:48.307  2359  2359 W art     : Before Android 4.1, method long java.util.concurrent.ThreadLocalRandom.internalNextLong(long, long) would have incorrectly overridden the package-private method in java.util.Random
12-17 16:03:48.558  2359  2359 W System  : ClassLoader referenced unknown path: 
12-17 16:03:48.784  2359  2359 W ClassManager: com.qualcomm.robotcore.wifi.WifiDirectAssistant$1 java.lang.ClassNotFoundException: com.qualcomm.robotcore.wifi.WifiDirectAssistant$1
12-17 16:03:48.789  2359  2359 E ClassManager: java.lang.ClassNotFoundException: com.qualcomm.robotcore.wifi.WifiDirectAssistant$1
12-17 16:03:48.791  2359  2359 E ClassManager: 	at java.lang.Class.classForName(Native Method)
12-17 16:03:48.792  2359  2359 E ClassManager: 	at java.lang.Class.forName(Class.java:400)
12-17 16:03:48.796  2359  2359 E ClassManager: 	at org.firstinspires.ftc.robotcore.internal.opmode.ClassManager.classNamesToClasses(ClassManager.java:214)
12-17 16:03:48.798  2359  2359 E ClassManager: 	at org.firstinspires.ftc.robotcore.internal.opmode.ClassManager.processAllClasses(ClassManager.java:257)
12-17 16:03:48.798  2359  2359 E ClassManager: 	at com.qualcomm.ftccommon.ClassManagerFactory.processAllClasses(ClassManagerFactory.java:94)
12-17 16:03:48.799  2359  2359 E ClassManager: 	at org.firstinspires.ftc.robotcontroller.internal.FtcRobotControllerActivity.onCreate(FtcRobotControllerActivity.java:356)
12-17 16:03:48.800  2359  2359 E ClassManager: 	at android.app.Activity.performCreate(Activity.java:6709)
12-17 16:03:48.800  2359  2359 E ClassManager: 	at android.app.Instrumentation.callActivityOnCreate(Instrumentation.java:1118)
12-17 16:03:48.801  2359  2359 E ClassManager: 	at android.app.ActivityThread.performLaunchActivity(ActivityThread.java:2619)
12-17 16:03:48.802  2359  2359 E ClassManager: 	at android.app.ActivityThread.handleLaunchActivity(ActivityThread.java:2727)
12-17 16:03:48.802  2359  2359 E ClassManager: 	at android.app.ActivityThread.-wrap12(ActivityThread.java)
12-17 16:03:48.803  2359  2359 E ClassManager: 	at android.app.ActivityThread$H.handleMessage(ActivityThread.java:1478)
12-17 16:03:48.803  2359  2359 E ClassManager: 	at android.os.Handler.dispatchMessage(Handler.java:102)
12-17 16:03:48.803  2359  2359 E ClassManager: 	at android.os.Looper.loop(Looper.java:154)
12-17 16:03:48.804  2359  2359 E ClassManager: 	at android.app.ActivityThread.main(ActivityThread.java:6121)
12-17 16:03:48.806  2359  2359 E ClassManager: 	at java.lang.reflect.Method.invoke(Native Method)
12-17 16:03:48.807  2359  2359 E ClassManager: 	at com.android.internal.os.ZygoteInit$MethodAndArgsCaller.run(ZygoteInit.java:905)
12-17 16:03:48.808  2359  2359 E ClassManager: 	at com.android.internal.os.ZygoteInit.main(ZygoteInit.java:795)
12-17 16:03:48.810  2359  2359 E ClassManager: Caused by: java.lang.ClassNotFoundException: Didn't find class "com.qualcomm.robotcore.wifi.WifiDirectAssistant$1" on path: DexPathList[[],nativeLibraryDirectories=[/system/lib, /vendor/lib]]
12-17 16:03:48.811  2359  2359 E ClassManager: 	at dalvik.system.BaseDexClassLoader.findClass(BaseDexClassLoader.java:56)
12-17 16:03:48.811  2359  2359 E ClassManager: 	at java.lang.ClassLoader.loadClass(ClassLoader.java:380)
12-17 16:03:48.812  2359  2359 E ClassManager: 	at java.lang.ClassLoader.loadClass(ClassLoader.java:312)
12-17 16:03:48.812  2359  2359 E ClassManager: 	... 18 more
12-17 16:03:48.977  2359  2359 W ClassManager: org.ejml.dense.row.DMatrixComponent java.lang.ClassNotFoundException: org.ejml.dense.row.DMatrixComponent
12-17 16:03:48.979  2359  2359 E ClassManager: java.lang.ClassNotFoundException: org.ejml.dense.row.DMatrixComponent
12-17 16:03:48.980  2359  2359 E ClassManager: 	at java.lang.Class.classForName(Native Method)
12-17 16:03:48.981  2359  2359 E ClassManager: 	at java.lang.Class.forName(Class.java:400)
12-17 16:03:48.982  2359  2359 E ClassManager: 	at org.firstinspires.ftc.robotcore.internal.opmode.ClassManager.classNamesToClasses(ClassManager.java:214)
12-17 16:03:48.982  2359  2359 E ClassManager: 	at org.firstinspires.ftc.robotcore.internal.opmode.ClassManager.processAllClasses(ClassManager.java:257)
12-17 16:03:48.983  2359  2359 E ClassManager: 	at com.qualcomm.ftccommon.ClassManagerFactory.processAllClasses(ClassManagerFactory.java:94)
12-17 16:03:48.984  2359  2359 E ClassManager: 	at org.firstinspires.ftc.robotcontroller.internal.FtcRobotControllerActivity.onCreate(FtcRobotControllerActivity.java:356)
12-17 16:03:48.985  2359  2359 E ClassManager: 	at android.app.Activity.performCreate(Activity.java:6709)
12-17 16:03:48.985  2359  2359 E ClassManager: 	at android.app.Instrumentation.callActivityOnCreate(Instrumentation.java:1118)
12-17 16:03:48.986  2359  2359 E ClassManager: 	at android.app.ActivityThread.performLaunchActivity(ActivityThread.java:2619)
12-17 16:03:48.986  2359  2359 E ClassManager: 	at android.app.ActivityThread.handleLaunchActivity(ActivityThread.java:2727)
12-17 16:03:48.987  2359  2359 E ClassManager: 	at android.app.ActivityThread.-wrap12(ActivityThread.java)
12-17 16:03:48.987  2359  2359 E ClassManager: 	at android.app.ActivityThread$H.handleMessage(ActivityThread.java:1478)
12-17 16:03:48.988  2359  2359 E ClassManager: 	at android.os.Handler.dispatchMessage(Handler.java:102)
12-17 16:03:48.988  2359  2359 E ClassManager: 	at android.os.Looper.loop(Looper.java:154)
12-17 16:03:48.989  2359  2359 E ClassManager: 	at android.app.ActivityThread.main(ActivityThread.java:6121)
12-17 16:03:48.990  2359  2359 E ClassManager: 	at java.lang.reflect.Method.invoke(Native Method)
12-17 16:03:48.990  2359  2359 E ClassManager: 	at com.android.internal.os.ZygoteInit$MethodAndArgsCaller.run(ZygoteInit.java:905)
12-17 16:03:48.991  2359  2359 E ClassManager: 	at com.android.internal.os.ZygoteInit.main(ZygoteInit.java:795)
12-17 16:03:48.992  2359  2359 E ClassManager: Caused by: java.lang.ClassNotFoundException: Didn't find class "org.ejml.dense.row.DMatrixComponent" on path: DexPathList[[],nativeLibraryDirectories=[/system/lib, /vendor/lib]]
12-17 16:03:48.992  2359  2359 E ClassManager: 	at dalvik.system.BaseDexClassLoader.findClass(BaseDexClassLoader.java:56)
12-17 16:03:48.992  2359  2359 E ClassManager: 	at java.lang.ClassLoader.loadClass(ClassLoader.java:380)
12-17 16:03:48.993  2359  2359 E ClassManager: 	at java.lang.ClassLoader.loadClass(ClassLoader.java:312)
12-17 16:03:48.993  2359  2359 E ClassManager: 	... 18 more
12-17 16:03:48.998  2359  2359 W ClassManager: org.ejml.dense.row.FMatrixComponent java.lang.ClassNotFoundException: org.ejml.dense.row.FMatrixComponent
12-17 16:03:48.999  2359  2359 E ClassManager: java.lang.ClassNotFoundException: org.ejml.dense.row.FMatrixComponent
12-17 16:03:49.000  2359  2359 E ClassManager: 	at java.lang.Class.classForName(Native Method)
12-17 16:03:49.000  2359  2359 E ClassManager: 	at java.lang.Class.forName(Class.java:400)
12-17 16:03:49.001  2359  2359 E ClassManager: 	at org.firstinspires.ftc.robotcore.internal.opmode.ClassManager.classNamesToClasses(ClassManager.java:214)
12-17 16:03:49.002  2359  2359 E ClassManager: 	at org.firstinspires.ftc.robotcore.internal.opmode.ClassManager.processAllClasses(ClassManager.java:257)
12-17 16:03:49.003  2359  2359 E ClassManager: 	at com.qualcomm.ftccommon.ClassManagerFactory.processAllClasses(ClassManagerFactory.java:94)
12-17 16:03:49.003  2359  2359 E ClassManager: 	at org.firstinspires.ftc.robotcontroller.internal.FtcRobotControllerActivity.onCreate(FtcRobotControllerActivity.java:356)
12-17 16:03:49.004  2359  2359 E ClassManager: 	at android.app.Activity.performCreate(Activity.java:6709)
12-17 16:03:49.005  2359  2359 E ClassManager: 	at android.app.Instrumentation.callActivityOnCreate(Instrumentation.java:1118)
12-17 16:03:49.005  2359  2359 E ClassManager: 	at android.app.ActivityThread.performLaunchActivity(ActivityThread.java:2619)
12-17 16:03:49.006  2359  2359 E ClassManager: 	at android.app.ActivityThread.handleLaunchActivity(ActivityThread.java:2727)
12-17 16:03:49.006  2359  2359 E ClassManager: 	at android.app.ActivityThread.-wrap12(ActivityThread.java)
12-17 16:03:49.006  2359  2359 E ClassManager: 	at android.app.ActivityThread$H.handleMessage(ActivityThread.java:1478)
12-17 16:03:49.007  2359  2359 E ClassManager: 	at android.os.Handler.dispatchMessage(Handler.java:102)
12-17 16:03:49.007  2359  2359 E ClassManager: 	at android.os.Looper.loop(Looper.java:154)
12-17 16:03:49.008  2359  2359 E ClassManager: 	at android.app.ActivityThread.main(ActivityThread.java:6121)
12-17 16:03:49.009  2359  2359 E ClassManager: 	at java.lang.reflect.Method.invoke(Native Method)
12-17 16:03:49.009  2359  2359 E ClassManager: 	at com.android.internal.os.ZygoteInit$MethodAndArgsCaller.run(ZygoteInit.java:905)
12-17 16:03:49.010  2359  2359 E ClassManager: 	at com.android.internal.os.ZygoteInit.main(ZygoteInit.java:795)
12-17 16:03:49.011  2359  2359 E ClassManager: Caused by: java.lang.ClassNotFoundException: Didn't find class "org.ejml.dense.row.FMatrixComponent" on path: DexPathList[[],nativeLibraryDirectories=[/system/lib, /vendor/lib]]
12-17 16:03:49.012  2359  2359 E ClassManager: 	at dalvik.system.BaseDexClassLoader.findClass(BaseDexClassLoader.java:56)
12-17 16:03:49.012  2359  2359 E ClassManager: 	at java.lang.ClassLoader.loadClass(ClassLoader.java:380)
12-17 16:03:49.012  2359  2359 E ClassManager: 	at java.lang.ClassLoader.loadClass(ClassLoader.java:312)
12-17 16:03:49.013  2359  2359 E ClassManager: 	... 18 more
12-17 16:03:51.285  2359  2359 V UpdateUI: Network: inactive, disconnected
12-17 16:03:51.285  2359  2359 V ServiceStarter: attempting to start service FtcRobotControllerWatchdogService
12-17 16:03:51.287  2359  2359 V ServiceStarter: started service FtcRobotControllerWatchdogService
12-17 16:03:51.292  2359  2359 V RobotCore: BuildConfig: versionCode=42 versionName=7.0 packageName=com.qualcomm.ftcrobotcontroller
12-17 16:03:51.292  2359  2359 V RobotCore: BuildConfig: versionCode=85 versionName=17.0 packageName=com.qualcomm.robotcore
12-17 16:03:51.293  2359  2359 V RobotCore: BuildConfig: versionCode=85 versionName=17.0 packageName=com.qualcomm.hardware
12-17 16:03:51.293  2359  2359 V RobotCore: BuildConfig: versionCode=85 versionName=17.0 packageName=com.qualcomm.ftccommon
12-17 16:03:51.293  2359  2359 V RobotCore: BuildConfig: versionCode=85 versionName=17.0 packageName=com.google.blocks
12-17 16:03:51.294  2359  2359 V RobotCore: BuildConfig: versionCode=85 versionName=17.0 packageName=org.firstinspires.inspection
12-17 16:03:51.294  2359  2359 I RCActivity: Android device serial number: 8e5f2da481cbb250
12-17 16:03:51.294  2359  2359 V AndroidBoard: REV Control Hub contains REV3328
12-17 16:03:51.294  2359  2359 V AndroidBoard: Communicating with embedded REV hub via /dev/ttyS1
12-17 16:03:51.294  2359  2359 I RobotCore: Android Device: maker=REV Robotics model=Control Hub v1.0 sdk=25
12-17 16:03:51.297  2359  2359 V RCActivity: onStart()
12-17 16:03:51.301  2359  2359 V RCActivity: onResume()
12-17 16:03:51.322  2359  2359 V NetDiscover_prefremrc: onSharedPreferenceChanged(name=App Restrictions, value=AAAAAA==
12-17 16:03:51.322  2359  2359 V NetDiscover_prefremrc: )
12-17 16:03:51.333  2359  2359 V FtcRobotControllerWatchdogService: onCreate()
12-17 16:03:51.335  2359  2359 V FtcRobotControllerWatchdogService: onStartCommand() intent=Intent { cmp=com.qualcomm.ftcrobotcontroller/org.firstinspires.ftc.ftccommon.internal.FtcRobotControllerWatchdogService } flags=0x0 startId=1
12-17 16:03:51.342  2359  2359 V FtcRobotControllerWatchdogService: shouldAutoLauchRobotController() result=true
12-17 16:03:51.343  2359  2359 V FTCService: onCreate()
12-17 16:03:51.348  2359  2359 V FTCService: onBind()
12-17 16:03:51.354  2359  2359 V CoreRobotWebServer: creating NanoHTTPD(8080)
12-17 16:03:51.359  2359  2359 V WebSocketManager: Registered broadcast-only namespace progress
12-17 16:03:51.366  2359  2359 V WebSocketManager: Registered handler for namespace ControlHubUpdater
12-17 16:03:51.367  2359  2359 V RobotCore: Getting network assistant of type: RCWIRELESSAP
12-17 16:03:51.369  2359  2359 I RobotControllerAccessPointAssistant: Enabling network services
12-17 16:03:51.370  2359  2359 I RobotControllerAccessPointAssistant: Sending SSID and password to AP service
12-17 16:03:51.371  2359  2359 I RobotCore: WPAkey18613
12-17 16:03:51.372  2359  2359 D RobotControllerAccessPointAssistant: setNetworkProperties(deviceName=18613-RC, password=WPAkey18613, ApChannel=null) sendSettingsIndividually=false
12-17 16:03:51.372  2359  2359 I NetDiscover_ControlHubNameManager: Robot controller name: 18613-RC
12-17 16:03:51.372  2359  2359 I ControlHubPasswordManager: Robot controller password: WPAkey18613
12-17 16:03:51.372  2359  2359 D RobotControllerAccessPointAssistant: Sending bulk settings broadcast intent
12-17 16:03:51.424  2359  2424 I OpenGLRenderer: Initialized EGL, version 1.4
12-17 16:03:51.425  2359  2424 D OpenGLRenderer: Swap behavior 1
12-17 16:03:51.431  2359  2359 I RobotControllerAccessPointAssistant: Wi-Fi state change:, wifiApState: 13
12-17 16:03:51.431  2359  2359 I FTCService: onNetworkConnectionEvent: CONNECTION_INFO_AVAILABLE
12-17 16:03:51.432  2359  2359 I RobotCore: WPAkey18613
12-17 16:03:51.432  2359  2359 I FTCService: Network Connection Passphrase: WPAkey18613
12-17 16:03:51.432  2359  2359 V CoreRobotWebServer: starting port=8080
12-17 16:03:51.444  2359  2359 V RobotCore: Getting network assistant of type: RCWIRELESSAP
12-17 16:03:51.445  2359  2359 V CoreRobotWebServer: started port=8080
12-17 16:03:51.445  2359  2359 V FTCService: RCActivity.controllerService=bound
12-17 16:03:51.446  2359  2359 V UpdateUI: Network: active, disconnected
12-17 16:03:51.447  2359  2359 V RobotCore: Robot Status: stopped
12-17 16:03:51.456  2359  2430 V TooTallWebSocketServer: Started WebSocket server on port 8081
12-17 16:03:51.460  2359  2433 V RobotCore: thread: 'RobotSetupRunnable.run()' starting...
12-17 16:03:51.461  2359  2433 V FTCService: Processing robot setup
12-17 16:03:51.461  2359  2433 V RobotCore: Robot Status: stopped, scanning for USB devices
12-17 16:03:51.462  2359  2433 I AppAliveNotifier: Telling the OS to set the RC alive notification timeout to 10 seconds
12-17 16:03:51.486  2359  2359 V WebSocketManager: Registered handler for namespace ONBOTJAVA
12-17 16:03:51.495  2359  2424 I [Gralloc]:  ion device open success! fd = 91
12-17 16:03:51.580  2359  2359 I PermissionValidatorActivity: Lifecycle onDestroy : 78c0277
12-17 16:03:51.581  2359  2359 V AppUtil : rootActivity=PermissionValidatorWrapper destroyed
12-17 16:03:51.581  2359  2359 V AppUtil : rootActivity=FtcRobotControllerActivity
12-17 16:03:51.581  2359  2359 I PermissionValidatorActivity: Lifecycle onDestroy : a5546b7
12-17 16:03:56.469  2359  2433 V RobotCore: EventLoopManager state is NOT_STARTED
12-17 16:03:56.469  2359  2433 V FTCService: Waiting for a connection to a Wi-Fi service
12-17 16:03:56.470  2359  2433 V RobotCore: Robot Status: stopped, waiting for network to become active
12-17 16:03:56.473  2359  2433 I RobotControllerAccessPointAssistant: Wi-Fi AP is enabled
12-17 16:03:56.473  2359  2433 V CoreRobotWebServer: Asked an already running WebServer to start
12-17 16:03:56.474  2359  2433 V RobotCore: Robot Status: stopped, starting robot
12-17 16:03:56.474  2359  2433 V Robocol : EventLoopManager.start()
12-17 16:03:56.474  2359  2433 V RobotCore: Getting network assistant of type: RCWIRELESSAP
12-17 16:03:56.475  2359  2433 I RobotControllerAccessPointAssistant: Wi-Fi AP is enabled
12-17 16:03:56.475  2359  2433 V Robocol : Spoofing a Network Connection event...
12-17 16:03:56.476  2359  2433 I EventLoopManager: onNetworkConnectionEvent: CONNECTION_INFO_AVAILABLE
12-17 16:03:56.476  2359  2433 I Robocol : Received network connection event
12-17 16:03:56.477  2359  2433 I RobotControllerAccessPointAssistant: Wi-Fi AP is enabled
12-17 16:03:56.477  2359  2433 I NetworkConnectionHandler: Handling new network connection infomation, connected: true setup needed: true
12-17 16:03:56.478  2359  2433 I RobotControllerAccessPointAssistant: Wi-Fi AP is enabled
12-17 16:03:59.497  2359  2441 V RobotCore: thread: 'SetupRunnable.run()' starting...
12-17 16:03:59.497  2359  2433 V RobotCore: EventLoopManager state is STOPPED
12-17 16:03:59.499  2359  2433 V Robocol : eventLoop=FtcEventLoop
12-17 16:03:59.499  2359  2433 V RobotCore: EventLoopManager state is INIT
12-17 16:03:59.501  2359  2433 V RobotCore: Robot Status: initializing, starting robot
12-17 16:03:59.501  2359  2433 I FtcEventLoop: ======= INIT START =======
12-17 16:03:59.503  2359  2433 V OpmodeRegistration: registered {DefaultOpMode} as {$Stop$Robot$}
12-17 16:03:59.510  2359  2441 D Robocol : RobocolDatagramSocket listening addr=/192.168.43.1:20884 cbRec=65520 cbSend=106496 msRecTO=300
12-17 16:03:59.511  2359  2441 V Robocol : RecvLoopRunnable created
12-17 16:03:59.514  2359  2442 V Robocol : PacketProcessor started
12-17 16:03:59.516  2359  2443 V Robocol : CommandProcessor started
12-17 16:03:59.519  2359  2444 V RobotCore: thread: 'RecvLoopRunnable.run()' starting...
12-17 16:03:59.521  2359  2441 V PeerDiscovery: Starting peer discovery remote: /192.168.43.1 local: /192.168.43.1
12-17 16:03:59.521  2359  2441 V PeerDiscovery: No need for initiating peer discovery, we are the Robot Controller
12-17 16:03:59.521  2359  2441 V RobotCore: Setup complete
12-17 16:03:59.522  2359  2441 V RobotCore: thread: ...terminating 'SetupRunnable.run()'
12-17 16:03:59.635  2359  2433 V OpmodeRegistration: registered instance as {Auto_4}
12-17 16:03:59.635  2359  2433 V OpmodeRegistration: registered instance as {Auto_5}
12-17 16:03:59.635  2359  2433 V OpmodeRegistration: registered instance as {imu}
12-17 16:03:59.636  2359  2433 V OpmodeRegistration: registered instance as {maisumtestedecamera}
12-17 16:03:59.636  2359  2433 V OpmodeRegistration: registered instance as {Mecanum_Robot}
12-17 16:03:59.636  2359  2433 V OpmodeRegistration: registered instance as {PID}
12-17 16:03:59.636  2359  2433 V OpmodeRegistration: registered instance as {Servo}
12-17 16:03:59.636  2359  2433 V OpmodeRegistration: registered instance as {TeleOp_2}
12-17 16:03:59.637  2359  2433 V OpmodeRegistration: registered instance as {teste servo}
12-17 16:03:59.637  2359  2433 V OpmodeRegistration: registered instance as {teste_auto}
12-17 16:03:59.637  2359  2433 V OpmodeRegistration: registered instance as {testes}
12-17 16:03:59.637  2359  2433 V OpmodeRegistration: registered instance as {WebcamDetection}
12-17 16:03:59.638  2359  2433 V OpmodeRegistration: registered instance as {sakdlsa}
12-17 16:03:59.639  2359  2433 V OpmodeRegistration: registered instance as {ooooooooooo}
12-17 16:03:59.644  2359  2433 E OpenFTC-OpenCV-Repackaged-Loader: libOpenCvAndroid453.so was not found, any OpenCV-enabled OpModes will crash. Please copy it to the FIRST folder on the internal storage
12-17 16:03:59.645  2359  2433 E OpenFTC-OpenCV-Repackaged-Loader: org.openftc.opencvrepackaged.OpenCvNativeLibNotFoundException
12-17 16:03:59.646  2359  2433 E OpenFTC-OpenCV-Repackaged-Loader: 	at org.openftc.opencvrepackaged.DynamicOpenCvNativeLibLoader.setupOpenCvFiles(DynamicOpenCvNativeLibLoader.java:248)
12-17 16:03:59.647  2359  2433 E OpenFTC-OpenCV-Repackaged-Loader: 	at org.openftc.opencvrepackaged.DynamicOpenCvNativeLibLoader.setupOpenCVNativeLib(DynamicOpenCvNativeLibLoader.java:140)
12-17 16:03:59.647  2359  2433 E OpenFTC-OpenCV-Repackaged-Loader: 	at org.openftc.opencvrepackaged.DynamicOpenCvNativeLibLoader.loadNativeLibOnStartRobot(DynamicOpenCvNativeLibLoader.java:107)
12-17 16:03:59.648  2359  2433 E OpenFTC-OpenCV-Repackaged-Loader: 	at java.lang.reflect.Method.invoke(Native Method)
12-17 16:03:59.649  2359  2433 E OpenFTC-OpenCV-Repackaged-Loader: 	at org.firstinspires.ftc.robotcore.internal.opmode.AnnotatedOpModeClassFilter.callOpModeRegistrarMethods(AnnotatedOpModeClassFilter.java:516)
12-17 16:03:59.650  2359  2433 E OpenFTC-OpenCV-Repackaged-Loader: 	at org.firstinspires.ftc.robotcore.internal.opmode.AnnotatedOpModeClassFilter.registerAllClasses(AnnotatedOpModeClassFilter.java:120)
12-17 16:03:59.651  2359  2433 E OpenFTC-OpenCV-Repackaged-Loader: 	at org.firstinspires.ftc.robotcore.internal.opmode.RegisteredOpModes$3.run(RegisteredOpModes.java:198)
12-17 16:03:59.651  2359  2433 E OpenFTC-OpenCV-Repackaged-Loader: 	at org.firstinspires.ftc.robotcore.internal.opmode.RegisteredOpModes.lockOpModesWhile(RegisteredOpModes.java:319)
12-17 16:03:59.652  2359  2433 E OpenFTC-OpenCV-Repackaged-Loader: 	at org.firstinspires.ftc.robotcore.internal.opmode.RegisteredOpModes.registerAllOpModes(RegisteredOpModes.java:182)
12-17 16:03:59.653  2359  2433 E OpenFTC-OpenCV-Repackaged-Loader: 	at com.qualcomm.ftccommon.FtcEventLoop.init(FtcEventLoop.java:181)
12-17 16:03:59.653  2359  2433 E OpenFTC-OpenCV-Repackaged-Loader: 	at com.qualcomm.robotcore.eventloop.EventLoopManager.startEventLoop(EventLoopManager.java:563)
12-17 16:03:59.654  2359  2433 E OpenFTC-OpenCV-Repackaged-Loader: 	at com.qualcomm.robotcore.eventloop.EventLoopManager.setEventLoop(EventLoopManager.java:537)
12-17 16:03:59.655  2359  2433 E OpenFTC-OpenCV-Repackaged-Loader: 	at com.qualcomm.robotcore.eventloop.EventLoopManager.start(EventLoopManager.java:479)
12-17 16:03:59.656  2359  2433 E OpenFTC-OpenCV-Repackaged-Loader: 	at com.qualcomm.robotcore.robot.Robot.start(Robot.java:59)
12-17 16:03:59.656  2359  2433 E OpenFTC-OpenCV-Repackaged-Loader: 	at com.qualcomm.ftccommon.FtcRobotControllerService$RobotSetupRunnable.startRobot(FtcRobotControllerService.java:281)
12-17 16:03:59.657  2359  2433 E OpenFTC-OpenCV-Repackaged-Loader: 	at com.qualcomm.ftccommon.FtcRobotControllerService$RobotSetupRunnable$1.run(FtcRobotControllerService.java:300)
12-17 16:03:59.658  2359  2433 E OpenFTC-OpenCV-Repackaged-Loader: 	at com.qualcomm.robotcore.util.ThreadPool.logThreadLifeCycle(ThreadPool.java:737)
12-17 16:03:59.659  2359  2433 E OpenFTC-OpenCV-Repackaged-Loader: 	at com.qualcomm.ftccommon.FtcRobotControllerService$RobotSetupRunnable.run(FtcRobotControllerService.java:291)
12-17 16:03:59.659  2359  2433 E OpenFTC-OpenCV-Repackaged-Loader: 	at java.util.concurrent.Executors$RunnableAdapter.call(Executors.java:428)
12-17 16:03:59.660  2359  2433 E OpenFTC-OpenCV-Repackaged-Loader: 	at java.util.concurrent.FutureTask.run(FutureTask.java:237)
12-17 16:03:59.661  2359  2433 E OpenFTC-OpenCV-Repackaged-Loader: 	at java.util.concurrent.ThreadPoolExecutor.runWorker(ThreadPoolExecutor.java:1133)
12-17 16:03:59.662  2359  2433 E OpenFTC-OpenCV-Repackaged-Loader: 	at java.util.concurrent.ThreadPoolExecutor$Worker.run(ThreadPoolExecutor.java:607)
12-17 16:03:59.662  2359  2433 E OpenFTC-OpenCV-Repackaged-Loader: 	at com.qualcomm.robotcore.util.ThreadPool$ThreadFactoryImpl$1.run(ThreadPool.java:793)
12-17 16:03:59.663  2359  2433 E OpenFTC-OpenCV-Repackaged-Loader: 	at java.lang.Thread.run(Thread.java:761)
12-17 16:03:59.666  2359  2433 V OpmodeRegistration: registered {Blue1} as {Blue-1-Storage}
12-17 16:03:59.667  2359  2433 V OpmodeRegistration: registered {Red1} as {Red-1-Storage}
12-17 16:03:59.667  2359  2433 V OpmodeRegistration: registered {Blue2} as {Blue-2-WarehouseGrab}
12-17 16:03:59.668  2359  2433 V OpmodeRegistration: registered {MasterCalibCam} as {MasterCalib Cam}
12-17 16:03:59.668  2359  2433 V OpmodeRegistration: registered {MasterOdoCam} as {Master Odo Cam}
12-17 16:03:59.669  2359  2433 V OpmodeRegistration: registered {GenericRecognitionTest} as {Rec test Thread}
12-17 16:03:59.669  2359  2433 V OpmodeRegistration: registered {Red2} as {Red-2-WarehouseGrab}
12-17 16:03:59.736  2359  2433 V FtcEventLoop: Ensuring that the embedded Control Hub module is set up correctly
12-17 16:03:59.742  2359  2433 V RobotCore: Creating REV Robotics USB Expansion Hub Portal [(embedded)]
12-17 16:03:59.743  2359  2433 V LynxUsb : creating new [(embedded)]: 0x08f27468
12-17 16:03:59.747  2359  2433 V FtDeviceManager: createDeviceInfoList(): 0 USB devices
12-17 16:03:59.747  2359  2433 V RobotUsbManagerCombining: FTDI driver failed to open USB device with serial number (embedded) (returned null device)
12-17 16:03:59.744  2359  2359 I pRunnable.run(): type=1400 audit(0.0:329): avc: denied { read } for name="ttyS1" dev="tmpfs" ino=8216 scontext=u:r:untrusted_app:s0:c512,c768 tcontext=u:object_r:serial_device:s0 tclass=chr_file permissive=1
12-17 16:03:59.744  2359  2359 I pRunnable.run(): type=1400 audit(0.0:330): avc: denied { write } for name="ttyS1" dev="tmpfs" ino=8216 scontext=u:r:untrusted_app:s0:c512,c768 tcontext=u:object_r:serial_device:s0 tclass=chr_file permissive=1
12-17 16:03:59.744  2359  2359 I pRunnable.run(): type=1400 audit(0.0:331): avc: denied { open } for path="/dev/ttyS1" dev="tmpfs" ino=8216 scontext=u:r:untrusted_app:s0:c512,c768 tcontext=u:object_r:serial_device:s0 tclass=chr_file permissive=1
12-17 16:03:59.749  2359  2433 V SerialPortNative: [SerialPort.cpp:150] opened(/dev/ttyS1): fd=89
12-17 16:03:59.750  2359  2433 V RobotUsbDeviceTTY: opening serial=(embedded) file=/dev/ttyS1
12-17 16:03:59.744  2359  2359 I pRunnable.run(): type=1400 audit(0.0:332): avc: denied { ioctl } for path="/dev/ttyS1" dev="tmpfs" ino=8216 ioctlcmd=5401 scontext=u:r:untrusted_app:s0:c512,c768 tcontext=u:object_r:serial_device:s0 tclass=chr_file permissive=1
12-17 16:03:59.751  2359  2433 V LynxUsb : armDevice() serial=(embedded)...
12-17 16:03:59.751  2359  2433 V LynxUsb : resetDevice() serial=(embedded)
12-17 16:03:59.753  2359  2433 V LynxModule: resetting embedded usb device: isPresent: was=true
12-17 16:03:59.754  2359  2433 V LynxModuleResetPin: writing aspect=/sys/class/gpio/gpio87/value value=0
12-17 16:03:59.823  2359  2444 E Robocol : exception SocketTimeoutException(Receive timed out): no packet received [java.net.PlainDatagramSocketImpl.receive0(Native Method)]
12-17 16:03:59.831  2359  2433 V LynxModuleResetPin: writing aspect=/sys/class/gpio/gpio87/value value=1
12-17 16:04:00.110  2359  2433 V LynxUsb : ...done armDevice()
12-17 16:04:00.111  2359  2446 V RobotCore: thread: 'lynx incoming datagrams' starting...
12-17 16:04:00.111  2359  2433 V LynxUsb : 0x0eb4d567 on 0x08f27468: new delegate to [(embedded)]
12-17 16:04:00.120  2359  2433 V LynxUsb : addConfiguredModule() module#=173
12-17 16:04:00.121  2359  2433 V LynxModule: pingAndQueryKnownInterfaces mod=173
12-17 16:04:00.123  2359  2446 V LynxUsb : synchronization gained: serial=(embedded)
12-17 16:04:00.143  2359  2433 V LynxModule: mod#=173 queryInterface(DEKA)=54 commands starting at 4096
12-17 16:04:00.157  2359  2433 V LynxModule: sending LynxFtdiResetControlCommand(true) wasInterrupted=false
12-17 16:04:00.163  2359  2433 V LynxModule: sendLEDPatternSteps(): steps=[Step(color=65280, msDuration=1000)]
12-17 16:04:00.168  2359  2433 V LynxModule: setAsControlHubEmbeddedModule(mod=173)
12-17 16:04:00.168  2359  2433 V EmbeddedControlHubModule: setting embedded module
12-17 16:04:00.168  2359  2433 V LynxModule: close(#173)
12-17 16:04:00.168  2359  2433 V LynxModule: sending LynxFtdiResetControlCommand(false) wasInterrupted=false
12-17 16:04:00.270  2359  2433 V LynxModule: retransmitting: mod=173 cmd=0x1031 msg#=7 ref#=0 
12-17 16:04:00.372  2359  2433 V LynxModule: retransmitting: mod=173 cmd=0x1031 msg#=7 ref#=0 
12-17 16:04:00.419  2359  2433 V LynxModule: retransmitting: mod=173 cmd=0x1031 msg#=7 ref#=0 
12-17 16:04:00.426  2359  2433 V LynxUsb : Verified that the embedded Control Hub module has the correct address
12-17 16:04:00.426  2359  2433 V HardwareFactory: createHardwareMap()
12-17 16:04:00.426  2359  2433 V EmbeddedControlHubModule: clearing embedded module
12-17 16:04:00.428  2359  2442 D RobotCore: system telemetry: key=$System$Warning$ msg="libOpenCvAndroid453.so was not found, any OpenCV-enabled OpModes will crash. Please copy it to the FIRST folder on the internal storage"
12-17 16:04:00.429  2359  2442 V PeerDiscovery: new remote peer discovered: 192.168.43.6
12-17 16:04:00.429  2359  2442 V NetworkConnectionHandler: starting sending loop
12-17 16:04:00.436  2359  2448 V Robocol : sending CMD_NOTIFY_ROBOT_STATE(7), attempt: 0
12-17 16:04:00.438  2359  2448 V Robocol : sending CMD_NOTIFY_ROBOT_STATE(8), attempt: 0
12-17 16:04:00.441  2359  2448 V Robocol : sending CMD_NOTIFY_ROBOT_STATE(9), attempt: 0
12-17 16:04:00.442  2359  2448 V Robocol : sending CMD_NOTIFY_ACTIVE_CONFIGURATION(11), attempt: 0
12-17 16:04:00.443  2359  2448 V Robocol : sending CMD_NOTIFY_USER_DEVICE_LIST(12), attempt: 0
12-17 16:04:00.450  2359  2448 V Robocol : sending CMD_NOTIFY_OP_MODE_LIST(13), attempt: 0
12-17 16:04:00.472  2359  2433 V ReadXMLFileHandler: embedded lynx USB device is already present
12-17 16:04:00.472  2359  2433 V RobotCore: Creating REV Robotics USB Expansion Hub Portal [(embedded)]
12-17 16:04:00.473  2359  2433 V LynxUsb : using existing [(embedded)]: 0x08f27468
12-17 16:04:00.473  2359  2433 V LynxUsb : 0x005dfb88 on 0x08f27468: new delegate to [(embedded)]
12-17 16:04:00.474  2359  2433 V RobotCore: Creating Lynx Module - mod=173 parent=true
12-17 16:04:00.475  2359  2433 V RobotCore: Creating Lynx Module - mod=2 parent=false
12-17 16:04:00.476  2359  2442 V UpdateUI: Network: active, connected
12-17 16:04:00.477  2359  2433 V LynxUsb : addConfiguredModule() module#=173
12-17 16:04:00.477  2359  2442 D FTCService: Sending user device types and preferences to driver station
12-17 16:04:00.477  2359  2433 V LynxModule: pingAndQueryKnownInterfaces mod=173
12-17 16:04:00.500  2359  2433 V LynxModule: mod#=173 queryInterface(DEKA)=54 commands starting at 4096
12-17 16:04:00.508  2359  2433 V LynxModule: sending LynxFtdiResetControlCommand(true) wasInterrupted=false
12-17 16:04:00.511  2359  2442 V NetDiscover_prefremrc: sendAllPreferences()
12-17 16:04:00.512  2359  2442 V NetDiscover_prefremrc: sending RC pref name=pref_wifip2p_remote_channel_change_works value=false
12-17 16:04:00.514  2359  2452 V LynxModule: received status: LynxGetModuleStatusResponse(status=0x02 alerts=0x00: Reset)
12-17 16:04:00.515  2359  2452 W HubPowerCycle: Expansion Hub 173 regained power after a complete power loss. No user Op Mode was running.
12-17 16:04:00.515  2359  2452 V LynxModule: resendCurrentPattern()
12-17 16:04:00.515  2359  2452 V LynxModule: sendLEDPatternSteps(): steps=[]
12-17 16:04:00.517  2359  2442 V NetDiscover_prefremrc: sending RC pref name=pref_device_name value=18613-RC
12-17 16:04:00.518  2359  2433 V LynxModule: sendLEDPatternSteps(): steps=[Step(color=65280, msDuration=1000)]
12-17 16:04:00.520  2359  2442 V NetDiscover_prefremrc: sending RC pref name=pref_warn_about_incorrect_clocks value=true
12-17 16:04:00.521  2359  2442 V NetDiscover_prefremrc: sending RC pref name=pref_warn_about_obsolete_software value=true
12-17 16:04:00.521  2359  2442 V NetDiscover_prefremrc: sending RC pref name=pref_has_speaker value=false
12-17 16:04:00.522  2359  2442 V NetDiscover_prefremrc: sending RC pref name=pref_warn_about_2_4_ghz_band value=true
12-17 16:04:00.523  2359  2442 V NetDiscover_prefremrc: sending RC pref name=pref_has_independent_phone_battery value=false
12-17 16:04:00.523  2359  2442 V NetDiscover_prefremrc: sending RC pref name=pref_app_theme value=red
12-17 16:04:00.524  2359  2442 V NetDiscover_prefremrc: sending RC pref name=pref_warn_about_mismatched_app_versions value=true
12-17 16:04:00.524  2359  2442 V NetDiscover_prefremrc: sending RC pref name=pref_sound_on_off value=false
12-17 16:04:00.526  2359  2433 V LynxModule: setAsControlHubEmbeddedModule(mod=173)
12-17 16:04:00.526  2359  2433 V EmbeddedControlHubModule: setting embedded module
12-17 16:04:00.528  2359  2433 V LynxUsb : addConfiguredModule() module#=2
12-17 16:04:00.528  2359  2433 V LynxModule: pingAndQueryKnownInterfaces mod=2
12-17 16:04:00.545  2359  2433 V LynxModule: mod#=2 queryInterface(DEKA)=54 commands starting at 4096
12-17 16:04:00.550  2359  2448 V Robocol : sending CMD_NOTIFY_USER_DEVICE_LIST(17), attempt: 0
12-17 16:04:00.553  2359  2448 V Robocol : sending CMD_ROBOT_CONTROLLER_PREFERENCE(18), attempt: 0
12-17 16:04:00.553  2359  2448 V Robocol : sending CMD_ROBOT_CONTROLLER_PREFERENCE(19), attempt: 0
12-17 16:04:00.555  2359  2448 V Robocol : sending CMD_ROBOT_CONTROLLER_PREFERENCE(20), attempt: 0
12-17 16:04:00.556  2359  2448 V Robocol : sending CMD_ROBOT_CONTROLLER_PREFERENCE(21), attempt: 0
12-17 16:04:00.557  2359  2448 V Robocol : sending CMD_ROBOT_CONTROLLER_PREFERENCE(22), attempt: 0
12-17 16:04:00.558  2359  2448 V Robocol : sending CMD_ROBOT_CONTROLLER_PREFERENCE(23), attempt: 0
12-17 16:04:00.558  2359  2448 V Robocol : sending CMD_ROBOT_CONTROLLER_PREFERENCE(24), attempt: 0
12-17 16:04:00.559  2359  2448 V Robocol : sending CMD_ROBOT_CONTROLLER_PREFERENCE(25), attempt: 0
12-17 16:04:00.559  2359  2433 V LynxModule: sending LynxFtdiResetControlCommand(true) wasInterrupted=false
