12-17 15:57:36.013  2110  2226 V Classifier: Time to load the image: 21
12-17 15:57:36.127  2110  2226 V Classifier: Time to run model inference: 114
12-17 15:57:36.195  2110  2226 V Classifier: Time to load the image: 23
12-17 15:57:36.303  2110  2226 V Classifier: Time to run model inference: 108
12-17 15:57:36.393  2110  2226 V Classifier: Time to load the image: 21
12-17 15:57:36.506  2110  2226 V Classifier: Time to run model inference: 113
12-17 15:57:36.584  2110  2226 V Classifier: Time to load the image: 25
12-17 15:57:36.694  2110  2226 V Classifier: Time to run model inference: 109
12-17 15:57:36.753  2110  2226 V Classifier: Time to load the image: 22
12-17 15:57:36.887  2110  2226 V Classifier: Time to run model inference: 134
12-17 15:57:36.980  2110  2226 V Classifier: Time to load the image: 22
12-17 15:57:37.099  2110  2226 V Classifier: Time to run model inference: 120
12-17 15:57:37.195  2110  2226 V Classifier: Time to load the image: 23
12-17 15:57:37.318  2110  2226 V Classifier: Time to run model inference: 123
12-17 15:57:37.401  2110  2226 V Classifier: Time to load the image: 30
12-17 15:57:37.530  2110  2226 V Classifier: Time to run model inference: 127
12-17 15:57:37.593  2110  2226 V Classifier: Time to load the image: 22
12-17 15:57:37.705  2110  2226 V Classifier: Time to run model inference: 112
12-17 15:57:37.792  2110  2226 V Classifier: Time to load the image: 21
12-17 15:57:37.898  2110  2226 V Classifier: Time to run model inference: 107
12-17 15:57:37.976  2110  2226 V Classifier: Time to load the image: 22
12-17 15:57:38.082  2110  2226 V Classifier: Time to run model inference: 106
12-17 15:57:38.176  2110  2226 V Classifier: Time to load the image: 21
12-17 15:57:38.283  2110  2226 V Classifier: Time to run model inference: 106
12-17 15:57:38.376  2110  2226 V Classifier: Time to load the image: 24
12-17 15:57:38.496  2110  2226 V Classifier: Time to run model inference: 121
12-17 15:57:38.581  2110  2226 V Classifier: Time to load the image: 28
12-17 15:57:38.696  2110  2226 V Classifier: Time to run model inference: 114
12-17 15:57:38.766  2110  2226 V Classifier: Time to load the image: 21
12-17 15:57:38.875  2110  2226 V Classifier: Time to run model inference: 109
12-17 15:57:38.937  2110  2226 V Classifier: Time to load the image: 26
12-17 15:57:39.055  2110  2226 V Classifier: Time to run model inference: 117
12-17 15:57:39.159  2110  2226 V Classifier: Time to load the image: 24
12-17 15:57:39.293  2110  2226 V Classifier: Time to run model inference: 133
12-17 15:57:39.374  2110  2226 V Classifier: Time to load the image: 23
12-17 15:57:39.492  2110  2226 V Classifier: Time to run model inference: 118
12-17 15:57:39.598  2110  2226 V Classifier: Time to load the image: 27
12-17 15:57:39.709  2110  2226 V Classifier: Time to run model inference: 110
12-17 15:57:39.780  2110  2226 V Classifier: Time to load the image: 28
12-17 15:57:39.908  2110  2226 V Classifier: Time to run model inference: 127
12-17 15:57:39.981  2110  2226 V Classifier: Time to load the image: 22
12-17 15:57:40.105  2110  2226 V Classifier: Time to run model inference: 124
12-17 15:57:40.177  2110  2226 V Classifier: Time to load the image: 21
12-17 15:57:40.290  2110  2226 V Classifier: Time to run model inference: 113
12-17 15:57:40.399  2110  2226 V Classifier: Time to load the image: 23
12-17 15:57:40.508  2110  2226 V Classifier: Time to run model inference: 109
12-17 15:57:40.599  2110  2226 V Classifier: Time to load the image: 28
12-17 15:57:40.714  2110  2226 V Classifier: Time to run model inference: 114
12-17 15:57:40.793  2110  2226 V Classifier: Time to load the image: 21
12-17 15:57:40.902  2110  2226 V Classifier: Time to run model inference: 108
12-17 15:57:41.016  2110  2226 V Classifier: Time to load the image: 43
12-17 15:57:41.129  2110  2226 V Classifier: Time to run model inference: 114
12-17 15:57:41.240  2110  2226 V Classifier: Time to load the image: 23
12-17 15:57:41.349  2110  2226 V Classifier: Time to run model inference: 108
12-17 15:57:41.435  2110  2226 V Classifier: Time to load the image: 23
12-17 15:57:41.543  2110  2226 V Classifier: Time to run model inference: 108
12-17 15:57:41.636  2110  2226 V Classifier: Time to load the image: 24
12-17 15:57:41.760  2110  2226 V Classifier: Time to run model inference: 125
12-17 15:57:41.839  2110  2226 V Classifier: Time to load the image: 28
12-17 15:57:41.956  2110  2226 V Classifier: Time to run model inference: 117
12-17 15:57:42.035  2110  2226 V Classifier: Time to load the image: 22
12-17 15:57:42.149  2110  2226 V Classifier: Time to run model inference: 114
12-17 15:57:42.241  2110  2226 V Classifier: Time to load the image: 26
12-17 15:57:42.356  2110  2226 V Classifier: Time to run model inference: 114
12-17 15:57:42.432  2110  2226 V Classifier: Time to load the image: 21
12-17 15:57:42.541  2110  2226 V Classifier: Time to run model inference: 109
12-17 15:57:42.633  2110  2226 V Classifier: Time to load the image: 20
12-17 15:57:42.756  2110  2226 V Classifier: Time to run model inference: 123
12-17 15:57:42.833  2110  2226 V Classifier: Time to load the image: 23
12-17 15:57:42.956  2110  2226 V Classifier: Time to run model inference: 122
12-17 15:57:43.034  2110  2226 V Classifier: Time to load the image: 23
12-17 15:57:43.152  2110  2226 V Classifier: Time to run model inference: 118
12-17 15:57:43.236  2110  2226 V Classifier: Time to load the image: 23
12-17 15:57:43.360  2110  2226 V Classifier: Time to run model inference: 123
12-17 15:57:43.440  2110  2226 V Classifier: Time to load the image: 29
12-17 15:57:43.555  2110  2226 V Classifier: Time to run model inference: 115
12-17 15:57:43.638  2110  2226 V Classifier: Time to load the image: 26
12-17 15:57:43.756  2110  2226 V Classifier: Time to run model inference: 118
12-17 15:57:43.836  2110  2226 V Classifier: Time to load the image: 22
12-17 15:57:43.960  2110  2226 V Classifier: Time to run model inference: 124
12-17 15:57:44.035  2110  2226 V Classifier: Time to load the image: 22
12-17 15:57:44.159  2110  2226 V Classifier: Time to run model inference: 123
12-17 15:57:44.257  2110  2226 V Classifier: Time to load the image: 26
12-17 15:57:44.370  2110  2226 V Classifier: Time to run model inference: 113
12-17 15:57:44.459  2110  2226 V Classifier: Time to load the image: 22
12-17 15:57:44.575  2110  2226 V Classifier: Time to run model inference: 116
12-17 15:57:44.658  2110  2226 V Classifier: Time to load the image: 26
12-17 15:57:44.787  2110  2226 V Classifier: Time to run model inference: 128
12-17 15:57:44.893  2110  2226 V Classifier: Time to load the image: 22
12-17 15:57:45.002  2110  2226 V Classifier: Time to run model inference: 110
12-17 15:57:45.098  2110  2226 V Classifier: Time to load the image: 22
12-17 15:57:45.205  2110  2226 V Classifier: Time to run model inference: 107
12-17 15:57:45.302  2110  2226 V Classifier: Time to load the image: 28
12-17 15:57:45.432  2110  2226 V Classifier: Time to run model inference: 131
12-17 15:57:45.532  2110  2226 V Classifier: Time to load the image: 21
12-17 15:57:45.640  2110  2226 V Classifier: Time to run model inference: 108
12-17 15:57:45.740  2110  2226 V Classifier: Time to load the image: 23
12-17 15:57:45.850  2110  2226 V Classifier: Time to run model inference: 109
12-17 15:57:45.915  2110  2226 V Classifier: Time to load the image: 23
12-17 15:57:46.026  2110  2226 V Classifier: Time to run model inference: 111
12-17 15:57:46.092  2110  2226 V Classifier: Time to load the image: 21
12-17 15:57:46.207  2110  2226 V Classifier: Time to run model inference: 114
12-17 15:57:46.293  2110  2226 V Classifier: Time to load the image: 21
12-17 15:57:46.402  2110  2226 V Classifier: Time to run model inference: 109
12-17 15:57:46.501  2110  2226 V Classifier: Time to load the image: 23
12-17 15:57:46.612  2110  2226 V Classifier: Time to run model inference: 112
12-17 15:57:46.699  2110  2226 V Classifier: Time to load the image: 21
12-17 15:57:46.806  2110  2226 V Classifier: Time to run model inference: 107
12-17 15:57:46.896  2110  2226 V Classifier: Time to load the image: 25
12-17 15:57:47.020  2110  2226 V Classifier: Time to run model inference: 123
12-17 15:57:47.092  2110  2226 V Classifier: Time to load the image: 21
12-17 15:57:47.200  2110  2226 V Classifier: Time to run model inference: 109
12-17 15:57:47.278  2110  2226 V Classifier: Time to load the image: 24
12-17 15:57:47.398  2110  2226 V Classifier: Time to run model inference: 119
12-17 15:57:47.480  2110  2226 V Classifier: Time to load the image: 24
12-17 15:57:47.604  2110  2226 V Classifier: Time to run model inference: 124
12-17 15:57:47.688  2110  2226 V Classifier: Time to load the image: 31
12-17 15:57:47.808  2110  2226 V Classifier: Time to run model inference: 121
12-17 15:57:47.913  2110  2226 V Classifier: Time to load the image: 21
12-17 15:57:48.043  2110  2226 V Classifier: Time to run model inference: 130
12-17 15:57:48.136  2110  2226 V Classifier: Time to load the image: 25
12-17 15:57:48.261  2110  2226 V Classifier: Time to run model inference: 126
12-17 15:57:48.339  2110  2226 V Classifier: Time to load the image: 24
12-17 15:57:48.457  2110  2226 V Classifier: Time to run model inference: 118
12-17 15:57:48.535  2110  2226 V Classifier: Time to load the image: 22
12-17 15:57:48.652  2110  2226 V Classifier: Time to run model inference: 116
12-17 15:57:48.762  2110  2226 V Classifier: Time to load the image: 24
12-17 15:57:48.882  2110  2226 V Classifier: Time to run model inference: 121
12-17 15:57:48.952  2110  2226 V Classifier: Time to load the image: 21
12-17 15:57:49.059  2110  2226 V Classifier: Time to run model inference: 106
12-17 15:57:49.155  2110  2226 V Classifier: Time to load the image: 24
12-17 15:57:49.274  2110  2226 V Classifier: Time to run model inference: 119
12-17 15:57:49.359  2110  2226 V Classifier: Time to load the image: 27
12-17 15:57:49.467  2110  2226 V Classifier: Time to run model inference: 109
12-17 15:57:49.556  2110  2226 V Classifier: Time to load the image: 23
12-17 15:57:49.666  2110  2226 V Classifier: Time to run model inference: 111
12-17 15:57:49.743  2110  2226 V Classifier: Time to load the image: 24
12-17 15:57:49.867  2110  2226 V Classifier: Time to run model inference: 124
12-17 15:57:49.944  2110  2226 V Classifier: Time to load the image: 24
12-17 15:57:50.061  2110  2226 V Classifier: Time to run model inference: 118
12-17 15:57:50.152  2110  2226 V Classifier: Time to load the image: 21
12-17 15:57:50.257  2110  2226 V Classifier: Time to run model inference: 104
12-17 15:57:50.316  2110  2226 V Classifier: Time to load the image: 21
12-17 15:57:50.423  2110  2226 V Classifier: Time to run model inference: 107
12-17 15:57:50.487  2110  2226 V Classifier: Time to load the image: 27
12-17 15:57:50.595  2110  2226 V Classifier: Time to run model inference: 107
12-17 15:57:50.653  2110  2226 V Classifier: Time to load the image: 21
12-17 15:57:50.758  2110  2226 V Classifier: Time to run model inference: 106
12-17 15:57:50.835  2110  2226 V Classifier: Time to load the image: 25
12-17 15:57:50.963  2110  2226 V Classifier: Time to run model inference: 127
12-17 15:57:51.054  2110  2226 V Classifier: Time to load the image: 21
12-17 15:57:51.165  2110  2226 V Classifier: Time to run model inference: 110
12-17 15:57:51.283  2110  2226 V Classifier: Time to load the image: 27
12-17 15:57:51.419  2110  2226 V Classifier: Time to run model inference: 137
12-17 15:57:51.499  2110  2226 V Classifier: Time to load the image: 23
12-17 15:57:51.608  2110  2226 V Classifier: Time to run model inference: 109
12-17 15:57:51.698  2110  2226 V Classifier: Time to load the image: 27
12-17 15:57:51.831  2110  2226 V Classifier: Time to run model inference: 133
12-17 15:57:51.892  2110  2226 V Classifier: Time to load the image: 21
12-17 15:57:52.000  2110  2226 V Classifier: Time to run model inference: 108
12-17 15:57:52.072  2110  2226 V Classifier: Time to load the image: 21
12-17 15:57:52.178  2110  2226 V Classifier: Time to run model inference: 106
12-17 15:57:52.276  2110  2226 V Classifier: Time to load the image: 25
12-17 15:57:52.387  2110  2226 V Classifier: Time to run model inference: 111
12-17 15:57:52.484  2110  2226 V Classifier: Time to load the image: 33
12-17 15:57:52.618  2110  2226 V Classifier: Time to run model inference: 134
12-17 15:57:52.716  2110  2226 V Classifier: Time to load the image: 25
12-17 15:57:52.827  2110  2226 V Classifier: Time to run model inference: 111
12-17 15:57:52.919  2110  2226 V Classifier: Time to load the image: 27
12-17 15:57:53.044  2110  2226 V Classifier: Time to run model inference: 125
12-17 15:57:53.120  2110  2226 V Classifier: Time to load the image: 23
12-17 15:57:53.233  2110  2226 V Classifier: Time to run model inference: 114
12-17 15:57:53.311  2110  2226 V Classifier: Time to load the image: 20
12-17 15:57:53.418  2110  2226 V Classifier: Time to run model inference: 106
12-17 15:57:53.492  2110  2226 V Classifier: Time to load the image: 21
12-17 15:57:53.597  2110  2226 V Classifier: Time to run model inference: 106
12-17 15:57:53.704  2110  2226 V Classifier: Time to load the image: 29
12-17 15:57:53.763  2110  2185 V Robocol : received command: CMD_INIT_OP_MODE(11291) $Stop$Robot$
12-17 15:57:53.774  2110  2186 I RobotCore: ******************** STOP - OPMODE /storage/emulated/0/FIRST/matchlogs/Match-0-Rec_test_Thread.txt ********************
12-17 15:57:53.782  2110  2263 I RobotCore: saving match logcat to /storage/emulated/0/FIRST/matchlogs/Match-0-Rec_test_Thread.txt
12-17 15:57:53.782  2110  2263 I RobotCore: logging command line: exec logcat -d -T '12-17 15:56:32.000' -f '/storage/emulated/0/FIRST/matchlogs/Match-0-Rec_test_Thread.txt' -n4 -v threadtime UsbRequestJNI:S UsbRequest:S art:W ThreadPool:W System:W ExtendedExtractor:W OMXClient:W MediaPlayer:W dalvikvm:W  *:V
12-17 15:57:53.790  2110  2225 E Detector: Unable to stop processing
12-17 15:57:53.790  2110  2225 E Detector: java.lang.InterruptedException
12-17 15:57:53.790  2110  2225 E Detector: 	at java.lang.Object.wait(Native Method)
12-17 15:57:53.790  2110  2225 E Detector: 	at java.lang.Object.wait(Object.java:407)
12-17 15:57:53.790  2110  2225 E Detector: 	at java.lang.Thread.join(Thread.java:1290)
12-17 15:57:53.790  2110  2225 E Detector: 	at java.lang.Thread.join(Thread.java:1366)
12-17 15:57:53.790  2110  2225 E Detector: 	at org.firstinspires.ftc.teamcode.tfrec.Detector.stopProcessing(Detector.java:126)
12-17 15:57:53.790  2110  2225 E Detector: 	at org.firstinspires.ftc.teamcode.skills.GenericDetector.stopDetection(GenericDetector.java:103)
12-17 15:57:53.790  2110  2225 E Detector: 	at org.firstinspires.ftc.teamcode.OpModes.GenericRecognitionTest.runOpMode(GenericRecognitionTest.java:58)
12-17 15:57:53.790  2110  2225 E Detector: 	at com.qualcomm.robotcore.eventloop.opmode.LinearOpMode$LinearOpModeHelper$1.run(LinearOpMode.java:279)
12-17 15:57:53.790  2110  2225 E Detector: 	at com.qualcomm.robotcore.util.ThreadPool.logThreadLifeCycle(ThreadPool.java:737)
12-17 15:57:53.790  2110  2225 E Detector: 	at com.qualcomm.robotcore.eventloop.opmode.LinearOpMode$LinearOpModeHelper.run(LinearOpMode.java:273)
12-17 15:57:53.790  2110  2225 E Detector: 	at java.util.concurrent.ThreadPoolExecutor.runWorker(ThreadPoolExecutor.java:1133)
12-17 15:57:53.790  2110  2225 E Detector: 	at java.util.concurrent.ThreadPoolExecutor$Worker.run(ThreadPoolExecutor.java:607)
12-17 15:57:53.790  2110  2225 E Detector: 	at com.qualcomm.robotcore.util.ThreadPool$ThreadFactoryImpl$1.run(ThreadPool.java:793)
12-17 15:57:53.790  2110  2225 E Detector: 	at java.lang.Thread.run(Thread.java:761)
12-17 15:57:53.791  2110  2225 D LinearOpModeHelper: User runOpModeMethod exited
12-17 15:57:53.792  2110  2225 V RobotCore: thread: ...terminating 'LinearOpMode main'
12-17 15:57:53.793  2110  2211 I RobotCore: Attempting to switch to op mode $Stop$Robot$
12-17 15:57:53.791  2264  2264 I sh      : type=1400 audit(0.0:306): avc: denied { read } for name="/" dev="rootfs" ino=1 scontext=u:r:untrusted_app:s0:c512,c768 tcontext=u:object_r:rootfs:s0 tclass=dir permissive=1
12-17 15:57:53.791  2264  2264 I sh      : type=1400 audit(0.0:307): avc: denied { open } for path="/" dev="rootfs" ino=1 scontext=u:r:untrusted_app:s0:c512,c768 tcontext=u:object_r:rootfs:s0 tclass=dir permissive=1
12-17 15:57:53.826  2110  2226 V Classifier: Time to run model inference: 122
12-17 15:57:53.834  2110  2189 V Robocol : sending CMD_NOTIFY_INIT_OP_MODE(1337), attempt: 0
12-17 15:57:53.885  2110  2185 V Robocol : received command: CMD_RUN_OP_MODE(11299) $Stop$Robot$
12-17 15:57:53.900  2110  2263 I RobotCore: Done running exec logcat -d -T '12-17 15:56:32.000' -f '/storage/emulated/0/FIRST/matchlogs/Match-0-Rec_test_Thread.txt' -n4 -v threadtime UsbRequestJNI:S UsbRequest:S art:W ThreadPool:W System:W ExtendedExtractor:W OMXClient:W MediaPlayer:W dalvikvm:W  *:V
12-17 15:57:53.900  2110  2263 I RobotCore: exiting match logcat for /storage/emulated/0/FIRST/matchlogs/Match-0-Rec_test_Thread.txt
12-17 15:57:53.914  2110  2189 V Robocol : sending CMD_NOTIFY_RUN_OP_MODE(1342), attempt: 0
12-17 15:57:53.933  2110  2110 W MessageQueue: Handler (android.os.Handler) {ae3d19a} sending message to a Handler on a dead thread
12-17 15:57:53.933  2110  2110 W MessageQueue: java.lang.IllegalStateException: Handler (android.os.Handler) {ae3d19a} sending message to a Handler on a dead thread
12-17 15:57:53.933  2110  2110 W MessageQueue: 	at android.os.MessageQueue.enqueueMessage(MessageQueue.java:543)
12-17 15:57:53.933  2110  2110 W MessageQueue: 	at android.os.Handler.enqueueMessage(Handler.java:647)
12-17 15:57:53.933  2110  2110 W MessageQueue: 	at android.os.Handler.sendMessageAtTime(Handler.java:616)
12-17 15:57:53.933  2110  2110 W MessageQueue: 	at android.os.Handler.sendMessageDelayed(Handler.java:586)
12-17 15:57:53.933  2110  2110 W MessageQueue: 	at android.os.Handler.post(Handler.java:338)
12-17 15:57:53.933  2110  2110 W MessageQueue: 	at org.firstinspires.ftc.teamcode.tfrec.Detector.runInBackground(Detector.java:272)
12-17 15:57:53.933  2110  2110 W MessageQueue: 	at org.firstinspires.ftc.teamcode.tfrec.Detector.processImage(Detector.java:352)
12-17 15:57:53.933  2110  2110 W MessageQueue: 	at org.firstinspires.ftc.teamcode.tfrec.Detector.onPreviewFrame(Detector.java:322)
12-17 15:57:53.933  2110  2110 W MessageQueue: 	at android.hardware.Camera$EventHandler.handleMessage(Camera.java:1115)
12-17 15:57:53.933  2110  2110 W MessageQueue: 	at android.os.Handler.dispatchMessage(Handler.java:102)
12-17 15:57:53.933  2110  2110 W MessageQueue: 	at android.os.Looper.loop(Looper.java:154)
12-17 15:57:53.933  2110  2110 W MessageQueue: 	at android.app.ActivityThread.main(ActivityThread.java:6121)
12-17 15:57:53.933  2110  2110 W MessageQueue: 	at java.lang.reflect.Method.invoke(Native Method)
12-17 15:57:53.933  2110  2110 W MessageQueue: 	at com.android.internal.os.ZygoteInit$MethodAndArgsCaller.run(ZygoteInit.java:905)
12-17 15:57:53.933  2110  2110 W MessageQueue: 	at com.android.internal.os.ZygoteInit.main(ZygoteInit.java:795)
12-17 15:57:58.846  2110  2185 V Robocol : received command: CMD_INIT_OP_MODE(11370) $Stop$Robot$
12-17 15:57:58.857  2110  2211 I RobotCore: Attempting to switch to op mode $Stop$Robot$
12-17 15:57:58.914  2110  2189 V Robocol : sending CMD_NOTIFY_INIT_OP_MODE(1416), attempt: 0
12-17 15:57:59.004  2110  2185 V Robocol : received command: CMD_RUN_OP_MODE(11377) $Stop$Robot$
12-17 15:57:59.034  2110  2189 V Robocol : sending CMD_NOTIFY_RUN_OP_MODE(1422), attempt: 0
12-17 15:58:09.925  2110  2185 V Robocol : received command: CMD_INIT_OP_MODE(11529) $Stop$Robot$
12-17 15:58:09.936  2110  2211 I RobotCore: Attempting to switch to op mode $Stop$Robot$
12-17 15:58:09.994  2110  2189 V Robocol : sending CMD_NOTIFY_INIT_OP_MODE(1576), attempt: 0
12-17 15:58:10.045  2110  2185 V Robocol : received command: CMD_RUN_OP_MODE(11535) $Stop$Robot$
12-17 15:58:10.075  2110  2189 V Robocol : sending CMD_NOTIFY_RUN_OP_MODE(1582), attempt: 0
12-17 15:58:17.887  2110  2185 V Robocol : received command: CMD_RESTART_ROBOT(11646) 
12-17 15:58:17.899  2110  2186 D FtcEventLoopHandler: restarting robot...
12-17 15:58:17.904  2110  2110 V Robocol : EventLoopManager.shutdown()
12-17 15:58:17.905  2110  2211 W System.err: java.lang.InterruptedException
12-17 15:58:17.906  2110  2211 W System.err: 	at java.util.concurrent.locks.AbstractQueuedSynchronizer.acquireSharedInterruptibly(AbstractQueuedSynchronizer.java:1301)
12-17 15:58:17.906  2110  2211 W System.err: 	at java.util.concurrent.CountDownLatch.await(CountDownLatch.java:203)
12-17 15:58:17.906  2110  2211 W System.err: 	at org.firstinspires.ftc.robotcore.internal.opmode.OpModeManagerImpl.detectStuck(OpModeManagerImpl.java:483)
12-17 15:58:17.906  2110  2211 W System.err: 	at org.firstinspires.ftc.robotcore.internal.opmode.OpModeManagerImpl.detectStuck(OpModeManagerImpl.java:468)
12-17 15:58:17.906  2110  2211 W System.err: 	at org.firstinspires.ftc.robotcore.internal.opmode.OpModeManagerImpl.callActiveOpModeLoop(OpModeManagerImpl.java:746)
12-17 15:58:17.906  2110  2211 W System.err: 	at org.firstinspires.ftc.robotcore.internal.opmode.OpModeManagerImpl.runActiveOpMode(OpModeManagerImpl.java:399)
12-17 15:58:17.906  2110  2211 W System.err: 	at com.qualcomm.ftccommon.FtcEventLoop.loop(FtcEventLoop.java:230)
12-17 15:58:17.906  2110  2211 W System.err: 	at com.qualcomm.robotcore.eventloop.EventLoopManager$EventLoopRunnable$1.run(EventLoopManager.java:303)
12-17 15:58:17.906  2110  2211 W System.err: 	at com.qualcomm.robotcore.util.ThreadPool.logThreadLifeCycle(ThreadPool.java:737)
12-17 15:58:17.906  2110  2211 W System.err: 	at com.qualcomm.robotcore.eventloop.EventLoopManager$EventLoopRunnable.run(EventLoopManager.java:246)
12-17 15:58:17.907  2110  2211 W System.err: 	at com.qualcomm.robotcore.eventloop.EventLoopManager$1.run(EventLoopManager.java:585)
12-17 15:58:17.907  2110  2211 W System.err: 	at java.util.concurrent.ThreadPoolExecutor.runWorker(ThreadPoolExecutor.java:1133)
12-17 15:58:17.907  2110  2211 W System.err: 	at java.util.concurrent.ThreadPoolExecutor$Worker.run(ThreadPoolExecutor.java:607)
12-17 15:58:17.907  2110  2211 W System.err: 	at com.qualcomm.robotcore.util.ThreadPool$ThreadFactoryImpl$1.run(ThreadPool.java:793)
12-17 15:58:17.907  2110  2211 W System.err: 	at java.lang.Thread.run(Thread.java:761)
12-17 15:58:17.907  2110  2211 I FtcEventLoop: ======= TEARDOWN =======
12-17 15:58:17.915  2110  2189 V Robocol : sending CMD_SHOW_TOAST(1693), attempt: 0
12-17 15:58:17.926  2110  2211 V LynxUsb : 0x0d98cdbe on 0x0aff82d8: releasing delegate to [(embedded)]
12-17 15:58:17.928  2110  2211 V LynxModule: close(#2)
12-17 15:58:17.928  2110  2211 V LynxModule: sending LynxFtdiResetControlCommand(false) wasInterrupted=true
12-17 15:58:17.933  2110  2211 V LynxModule: close(#173)
12-17 15:58:17.933  2110  2211 V LynxModule: sending LynxFtdiResetControlCommand(false) wasInterrupted=true
12-17 15:58:17.937  2110  2211 V LynxUsb : disarmDevice() serial=(embedded)...
12-17 15:58:17.937  2110  2211 V LynxUsb : shutting down incoming datagrams
12-17 15:58:18.034  2110  2201 V RobotCore: thread: ...terminating 'lynx incoming datagrams'
12-17 15:58:18.039  2110  2211 V RobotUsbDeviceTTY: closing serial=(embedded) file=/dev/ttyS1
12-17 15:58:18.039  2110  2211 V SerialPortNative: [SerialPort.cpp:254] close(osfd = 89)
12-17 15:58:18.040  2110  2211 V LynxUsb : ...done disarmDevice()
12-17 15:58:18.046  2110  2211 I FtcEventLoop: ======= TEARDOWN COMPLETE =======
12-17 15:58:18.047  2110  2211 V RobotCore: thread: ...terminating 'opmode loop()'
12-17 15:58:18.047  2110  2211 V EventLoopManager: switching to idleEventLoop
12-17 15:58:18.047  2110  2211 I FtcEventLoopIdle: ------- idle init --------
12-17 15:58:18.048  2110  2211 V RobotCore: thread: 'opmode loop()' starting...
12-17 15:58:20.406  2110  2110 E RobotCore: thread id=93 tid=2211 name="opmode loop()" 
12-17 15:58:20.407  2110  2110 E RobotCore:     at java.lang.Thread.sleep(Native Method)
12-17 15:58:20.408  2110  2110 E RobotCore:     at java.lang.Thread.sleep(Thread.java:371)
12-17 15:58:20.408  2110  2110 E RobotCore:     at java.lang.Thread.sleep(Thread.java:313)
12-17 15:58:20.408  2110  2110 E RobotCore:     at com.qualcomm.robotcore.eventloop.EventLoopManager$EventLoopRunnable$1.run(EventLoopManager.java:257)
12-17 15:58:20.409  2110  2110 E RobotCore:     at com.qualcomm.robotcore.util.ThreadPool.logThreadLifeCycle(ThreadPool.java:737)
12-17 15:58:20.409  2110  2110 E RobotCore:     at com.qualcomm.robotcore.eventloop.EventLoopManager$EventLoopRunnable.run(EventLoopManager.java:246)
12-17 15:58:20.409  2110  2110 E RobotCore:     at com.qualcomm.robotcore.eventloop.EventLoopManager$1.run(EventLoopManager.java:603)
12-17 15:58:20.409  2110  2110 E RobotCore:     at java.util.concurrent.ThreadPoolExecutor.runWorker(ThreadPoolExecutor.java:1133)
12-17 15:58:20.410  2110  2110 E RobotCore:     at java.util.concurrent.ThreadPoolExecutor$Worker.run(ThreadPoolExecutor.java:607)
12-17 15:58:20.410  2110  2110 E RobotCore:     at com.qualcomm.robotcore.util.ThreadPool$ThreadFactoryImpl$1.run(ThreadPool.java:793)
12-17 15:58:20.410  2110  2110 E RobotCore:     at java.lang.Thread.run(Thread.java:761)
12-17 15:58:20.410  2110  2211 I FtcEventLoopIdle: ------- idle teardown ----
12-17 15:58:20.411  2110  2211 V RobotCore: thread: ...terminating 'opmode loop()'
12-17 15:58:20.412  2110  2110 V RobotCore: EventLoopManager state is STOPPED
12-17 15:58:20.413  2110  2110 V RobotCore: Robot Status: stopped
12-17 15:58:20.432  2110  2269 V RobotCore: thread: 'RobotSetupRunnable.run()' starting...
12-17 15:58:20.432  2110  2269 V FTCService: Processing robot setup
12-17 15:58:20.433  2110  2269 V RobotCore: Robot Status: stopped, scanning for USB devices
12-17 15:58:20.434  2110  2189 V Robocol : sending CMD_NOTIFY_ROBOT_STATE(1719), attempt: 0
12-17 15:58:25.438  2110  2269 V FTCService: Waiting for a connection to a Wi-Fi service
12-17 15:58:25.439  2110  2269 V RobotCore: Robot Status: stopped, waiting for network to become active
12-17 15:58:25.441  2110  2269 I RobotControllerAccessPointAssistant: Wi-Fi AP is enabled
12-17 15:58:25.441  2110  2269 V CoreRobotWebServer: Asked an already running WebServer to start
12-17 15:58:25.442  2110  2269 V RobotCore: Robot Status: stopped, starting robot
12-17 15:58:25.443  2110  2269 D FTCService: Sending user device types and preferences to driver station
12-17 15:58:25.530  2110  2269 V NetDiscover_prefremrc: sendAllPreferences()
12-17 15:58:25.530  2110  2269 V NetDiscover_prefremrc: sending RC pref name=pref_wifip2p_remote_channel_change_works value=false
12-17 15:58:25.531  2110  2269 V NetDiscover_prefremrc: sending RC pref name=pref_device_name value=18613-RC
12-17 15:58:25.532  2110  2269 V NetDiscover_prefremrc: sending RC pref name=pref_warn_about_incorrect_clocks value=true
12-17 15:58:25.533  2110  2269 V NetDiscover_prefremrc: sending RC pref name=pref_warn_about_obsolete_software value=true
12-17 15:58:25.535  2110  2269 V NetDiscover_prefremrc: sending RC pref name=pref_has_speaker value=false
12-17 15:58:25.536  2110  2269 V NetDiscover_prefremrc: sending RC pref name=pref_warn_about_2_4_ghz_band value=true
12-17 15:58:25.536  2110  2269 V NetDiscover_prefremrc: sending RC pref name=pref_has_independent_phone_battery value=false
12-17 15:58:25.537  2110  2269 V NetDiscover_prefremrc: sending RC pref name=pref_app_theme value=red
12-17 15:58:25.538  2110  2269 V NetDiscover_prefremrc: sending RC pref name=pref_warn_about_mismatched_app_versions value=true
12-17 15:58:25.539  2110  2269 V NetDiscover_prefremrc: sending RC pref name=pref_sound_on_off value=false
12-17 15:58:25.539  2110  2269 V Robocol : EventLoopManager.start()
12-17 15:58:25.540  2110  2269 I RobotControllerAccessPointAssistant: Wi-Fi AP is enabled
12-17 15:58:25.540  2110  2269 V Robocol : Spoofing a Network Connection event...
12-17 15:58:25.540  2110  2269 I EventLoopManager: onNetworkConnectionEvent: CONNECTION_INFO_AVAILABLE
12-17 15:58:25.541  2110  2269 I Robocol : Received network connection event
12-17 15:58:25.541  2110  2269 I RobotControllerAccessPointAssistant: Wi-Fi AP is enabled
12-17 15:58:25.541  2110  2269 I NetworkConnectionHandler: Handling new network connection infomation, connected: true setup needed: false
12-17 15:58:25.542  2110  2269 I RobotControllerAccessPointAssistant: Wi-Fi AP is enabled
12-17 15:58:25.543  2110  2269 V RobotCore: EventLoopManager state is STOPPED
12-17 15:58:25.544  2110  2269 V Robocol : eventLoop=FtcEventLoop
12-17 15:58:25.544  2110  2269 V RobotCore: EventLoopManager state is INIT
12-17 15:58:25.545  2110  2269 V RobotCore: Robot Status: initializing, starting robot
12-17 15:58:25.545  2110  2269 I FtcEventLoop: ======= INIT START =======
12-17 15:58:25.545  2110  2269 V OpmodeRegistration: registered {DefaultOpMode} as {$Stop$Robot$}
12-17 15:58:25.554  2110  2189 V Robocol : sending CMD_NOTIFY_USER_DEVICE_LIST(1770), attempt: 0
12-17 15:58:25.556  2110  2189 V Robocol : sending CMD_ROBOT_CONTROLLER_PREFERENCE(1771), attempt: 0
12-17 15:58:25.557  2110  2189 V Robocol : sending CMD_ROBOT_CONTROLLER_PREFERENCE(1772), attempt: 0
12-17 15:58:25.558  2110  2189 V Robocol : sending CMD_ROBOT_CONTROLLER_PREFERENCE(1773), attempt: 0
12-17 15:58:25.558  2110  2189 V Robocol : sending CMD_ROBOT_CONTROLLER_PREFERENCE(1774), attempt: 0
12-17 15:58:25.559  2110  2189 V Robocol : sending CMD_ROBOT_CONTROLLER_PREFERENCE(1775), attempt: 0
12-17 15:58:25.560  2110  2189 V Robocol : sending CMD_ROBOT_CONTROLLER_PREFERENCE(1776), attempt: 0
12-17 15:58:25.561  2110  2189 V Robocol : sending CMD_ROBOT_CONTROLLER_PREFERENCE(1777), attempt: 0
12-17 15:58:25.562  2110  2189 V Robocol : sending CMD_ROBOT_CONTROLLER_PREFERENCE(1778), attempt: 0
12-17 15:58:25.562  2110  2189 V Robocol : sending CMD_ROBOT_CONTROLLER_PREFERENCE(1779), attempt: 0
12-17 15:58:25.563  2110  2189 V Robocol : sending CMD_ROBOT_CONTROLLER_PREFERENCE(1780), attempt: 0
12-17 15:58:25.564  2110  2189 V Robocol : sending CMD_NOTIFY_ROBOT_STATE(1781), attempt: 0
12-17 15:58:25.565  2110  2189 V Robocol : sending CMD_NOTIFY_ROBOT_STATE(1782), attempt: 0
12-17 15:58:25.661  2110  2269 V OpmodeRegistration: registered instance as {Auto_4}
12-17 15:58:25.661  2110  2269 V OpmodeRegistration: registered instance as {Auto_5}
12-17 15:58:25.662  2110  2269 V OpmodeRegistration: registered instance as {imu}
12-17 15:58:25.662  2110  2269 V OpmodeRegistration: registered instance as {maisumtestedecamera}
12-17 15:58:25.662  2110  2269 V OpmodeRegistration: registered instance as {Mecanum_Robot}
12-17 15:58:25.663  2110  2269 V OpmodeRegistration: registered instance as {PID}
12-17 15:58:25.664  2110  2269 V OpmodeRegistration: registered instance as {Servo}
12-17 15:58:25.665  2110  2269 V OpmodeRegistration: registered instance as {TeleOp_2}
12-17 15:58:25.665  2110  2269 V OpmodeRegistration: registered instance as {teste servo}
12-17 15:58:25.665  2110  2269 V OpmodeRegistration: registered instance as {teste_auto}
12-17 15:58:25.666  2110  2269 V OpmodeRegistration: registered instance as {testes}
12-17 15:58:25.666  2110  2269 V OpmodeRegistration: registered instance as {WebcamDetection}
12-17 15:58:25.667  2110  2269 V OpmodeRegistration: registered instance as {sakdlsa}
12-17 15:58:25.667  2110  2269 V OpmodeRegistration: registered instance as {ooooooooooo}
12-17 15:58:25.673  2110  2269 E OpenFTC-OpenCV-Repackaged-Loader: libOpenCvAndroid453.so was not found, any OpenCV-enabled OpModes will crash. Please copy it to the FIRST folder on the internal storage
12-17 15:58:25.677  2110  2269 E OpenFTC-OpenCV-Repackaged-Loader: org.openftc.opencvrepackaged.OpenCvNativeLibNotFoundException
12-17 15:58:25.682  2110  2269 E OpenFTC-OpenCV-Repackaged-Loader: 	at org.openftc.opencvrepackaged.DynamicOpenCvNativeLibLoader.setupOpenCvFiles(DynamicOpenCvNativeLibLoader.java:248)
12-17 15:58:25.686  2110  2269 E OpenFTC-OpenCV-Repackaged-Loader: 	at org.openftc.opencvrepackaged.DynamicOpenCvNativeLibLoader.setupOpenCVNativeLib(DynamicOpenCvNativeLibLoader.java:140)
12-17 15:58:25.690  2110  2269 E OpenFTC-OpenCV-Repackaged-Loader: 	at org.openftc.opencvrepackaged.DynamicOpenCvNativeLibLoader.loadNativeLibOnStartRobot(DynamicOpenCvNativeLibLoader.java:107)
12-17 15:58:25.692  2110  2269 E OpenFTC-OpenCV-Repackaged-Loader: 	at java.lang.reflect.Method.invoke(Native Method)
12-17 15:58:25.696  2110  2269 E OpenFTC-OpenCV-Repackaged-Loader: 	at org.firstinspires.ftc.robotcore.internal.opmode.AnnotatedOpModeClassFilter.callOpModeRegistrarMethods(AnnotatedOpModeClassFilter.java:516)
12-17 15:58:25.702  2110  2269 E OpenFTC-OpenCV-Repackaged-Loader: 	at org.firstinspires.ftc.robotcore.internal.opmode.AnnotatedOpModeClassFilter.registerAllClasses(AnnotatedOpModeClassFilter.java:120)
12-17 15:58:25.705  2110  2269 E OpenFTC-OpenCV-Repackaged-Loader: 	at org.firstinspires.ftc.robotcore.internal.opmode.RegisteredOpModes$3.run(RegisteredOpModes.java:198)
12-17 15:58:25.708  2110  2269 E OpenFTC-OpenCV-Repackaged-Loader: 	at org.firstinspires.ftc.robotcore.internal.opmode.RegisteredOpModes.lockOpModesWhile(RegisteredOpModes.java:319)
12-17 15:58:25.709  2110  2269 E OpenFTC-OpenCV-Repackaged-Loader: 	at org.firstinspires.ftc.robotcore.internal.opmode.RegisteredOpModes.registerAllOpModes(RegisteredOpModes.java:182)
12-17 15:58:25.710  2110  2269 E OpenFTC-OpenCV-Repackaged-Loader: 	at com.qualcomm.ftccommon.FtcEventLoop.init(FtcEventLoop.java:181)
12-17 15:58:25.712  2110  2269 E OpenFTC-OpenCV-Repackaged-Loader: 	at com.qualcomm.robotcore.eventloop.EventLoopManager.startEventLoop(EventLoopManager.java:563)
12-17 15:58:25.713  2110  2269 E OpenFTC-OpenCV-Repackaged-Loader: 	at com.qualcomm.robotcore.eventloop.EventLoopManager.setEventLoop(EventLoopManager.java:537)
12-17 15:58:25.714  2110  2269 E OpenFTC-OpenCV-Repackaged-Loader: 	at com.qualcomm.robotcore.eventloop.EventLoopManager.start(EventLoopManager.java:479)
12-17 15:58:25.715  2110  2269 E OpenFTC-OpenCV-Repackaged-Loader: 	at com.qualcomm.robotcore.robot.Robot.start(Robot.java:59)
12-17 15:58:25.716  2110  2269 E OpenFTC-OpenCV-Repackaged-Loader: 	at com.qualcomm.ftccommon.FtcRobotControllerService$RobotSetupRunnable.startRobot(FtcRobotControllerService.java:281)
12-17 15:58:25.717  2110  2269 E OpenFTC-OpenCV-Repackaged-Loader: 	at com.qualcomm.ftccommon.FtcRobotControllerService$RobotSetupRunnable$1.run(FtcRobotControllerService.java:300)
12-17 15:58:25.718  2110  2269 E OpenFTC-OpenCV-Repackaged-Loader: 	at com.qualcomm.robotcore.util.ThreadPool.logThreadLifeCycle(ThreadPool.java:737)
12-17 15:58:25.719  2110  2269 E OpenFTC-OpenCV-Repackaged-Loader: 	at com.qualcomm.ftccommon.FtcRobotControllerService$RobotSetupRunnable.run(FtcRobotControllerService.java:291)
12-17 15:58:25.719  2110  2269 E OpenFTC-OpenCV-Repackaged-Loader: 	at java.util.concurrent.Executors$RunnableAdapter.call(Executors.java:428)
12-17 15:58:25.720  2110  2269 E OpenFTC-OpenCV-Repackaged-Loader: 	at java.util.concurrent.FutureTask.run(FutureTask.java:237)
12-17 15:58:25.720  2110  2269 E OpenFTC-OpenCV-Repackaged-Loader: 	at java.util.concurrent.ThreadPoolExecutor.runWorker(ThreadPoolExecutor.java:1133)
12-17 15:58:25.721  2110  2269 E OpenFTC-OpenCV-Repackaged-Loader: 	at java.util.concurrent.ThreadPoolExecutor$Worker.run(ThreadPoolExecutor.java:607)
12-17 15:58:25.726  2110  2269 E OpenFTC-OpenCV-Repackaged-Loader: 	at com.qualcomm.robotcore.util.ThreadPool$ThreadFactoryImpl$1.run(ThreadPool.java:793)
12-17 15:58:25.726  2110  2269 E OpenFTC-OpenCV-Repackaged-Loader: 	at java.lang.Thread.run(Thread.java:761)
12-17 15:58:25.765  2110  2187 D RobotCore: system telemetry: key=$System$Warning$ msg="libOpenCvAndroid453.so was not found, any OpenCV-enabled OpModes will crash. Please copy it to the FIRST folder on the internal storage"
12-17 15:58:25.774  2110  2269 V OpmodeRegistration: registered {Red2} as {Red-2-WarehouseGrab}
12-17 15:58:25.774  2110  2269 V OpmodeRegistration: registered {GenericRecognitionTest} as {Rec test Thread}
12-17 15:58:25.775  2110  2269 V OpmodeRegistration: registered {Blue2} as {Blue-2-WarehouseGrab}
12-17 15:58:25.775  2110  2269 V OpmodeRegistration: registered {Blue1} as {Blue-1-Storage}
12-17 15:58:25.776  2110  2269 V OpmodeRegistration: registered {MasterCalibCam} as {MasterCalib Cam}
12-17 15:58:25.776  2110  2269 V OpmodeRegistration: registered {Red1} as {Red-1-Storage}
12-17 15:58:25.777  2110  2269 V OpmodeRegistration: registered {MasterOdoCam} as {Master Odo Cam}
12-17 15:58:25.794  2110  2189 V Robocol : sending CMD_SHOW_DIALOG(1799), attempt: 0
12-17 15:58:25.794  2110  2189 V Robocol : sending CMD_NOTIFY_ACTIVE_CONFIGURATION(1800), attempt: 0
12-17 15:58:25.819  2110  2110 V AppUtil : dialog shown: uuid=23ce3b13-9325-41b0-b98e-c0192ccf4e26
12-17 15:58:25.823  2110  2269 V FtcEventLoop: Ensuring that the embedded Control Hub module is set up correctly
12-17 15:58:25.824  2110  2269 V RobotCore: Creating REV Robotics USB Expansion Hub Portal [(embedded)]
12-17 15:58:25.824  2110  2269 V LynxUsb : creating new [(embedded)]: 0x0869c3a2
12-17 15:58:25.830  2110  2269 V FtDeviceManager: createDeviceInfoList(): 0 USB devices
12-17 15:58:25.830  2110  2269 V RobotUsbManagerCombining: FTDI driver failed to open USB device with serial number (embedded) (returned null device)
12-17 15:58:25.832  2110  2269 V SerialPortNative: [SerialPort.cpp:150] opened(/dev/ttyS1): fd=97
12-17 15:58:25.833  2110  2269 V RobotUsbDeviceTTY: opening serial=(embedded) file=/dev/ttyS1
12-17 15:58:25.834  2110  2269 V LynxUsb : armDevice() serial=(embedded)...
12-17 15:58:25.834  2110  2269 V LynxUsb : resetDevice() serial=(embedded)
12-17 15:58:25.834  2110  2189 V Robocol : sending CMD_NOTIFY_USER_DEVICE_LIST(1802), attempt: 0
12-17 15:58:25.836  2110  2269 V LynxModule: resetting embedded usb device: isPresent: was=true
12-17 15:58:25.841  2110  2269 V LynxModuleResetPin: writing aspect=/sys/class/gpio/gpio87/value value=0
12-17 15:58:25.837  2110  2110 I pRunnable.run(): type=1400 audit(0.0:309): avc: denied { write } for name="value" dev="sysfs" ino=16644 scontext=u:r:untrusted_app:s0:c512,c768 tcontext=u:object_r:sysfs:s0 tclass=file permissive=1
12-17 15:58:25.849  2110  2189 V Robocol : sending CMD_NOTIFY_OP_MODE_LIST(1803), attempt: 0
12-17 15:58:25.918  2110  2269 V LynxModuleResetPin: writing aspect=/sys/class/gpio/gpio87/value value=1
12-17 15:58:26.196  2110  2269 V LynxUsb : ...done armDevice()
12-17 15:58:26.197  2110  2271 V RobotCore: thread: 'lynx incoming datagrams' starting...
12-17 15:58:26.197  2110  2269 V LynxUsb : 0x0f4477ee on 0x0869c3a2: new delegate to [(embedded)]
12-17 15:58:26.200  2110  2269 V LynxUsb : addConfiguredModule() module#=173
12-17 15:58:26.200  2110  2269 V LynxModule: pingAndQueryKnownInterfaces mod=173
12-17 15:58:26.204  2110  2271 V LynxUsb : synchronization gained: serial=(embedded)
12-17 15:58:26.232  2110  2269 V LynxModule: mod#=173 queryInterface(DEKA)=54 commands starting at 4096
12-17 15:58:26.248  2110  2269 V LynxModule: sending LynxFtdiResetControlCommand(true) wasInterrupted=false
12-17 15:58:26.252  2110  2269 V LynxModule: sendLEDPatternSteps(): steps=[Step(color=65280, msDuration=1000)]
12-17 15:58:26.257  2110  2269 V LynxModule: setAsControlHubEmbeddedModule(mod=173)
12-17 15:58:26.257  2110  2269 V EmbeddedControlHubModule: setting embedded module
12-17 15:58:26.257  2110  2269 V LynxModule: close(#173)
12-17 15:58:26.258  2110  2269 V LynxModule: sending LynxFtdiResetControlCommand(false) wasInterrupted=false
12-17 15:58:26.360  2110  2269 V LynxModule: retransmitting: mod=173 cmd=0x1031 msg#=7 ref#=0 
12-17 15:58:26.461  2110  2269 V LynxModule: retransmitting: mod=173 cmd=0x1031 msg#=7 ref#=0 
12-17 15:58:26.509  2110  2269 V LynxModule: retransmitting: mod=173 cmd=0x1031 msg#=7 ref#=0 
12-17 15:58:26.515  2110  2269 V LynxUsb : Verified that the embedded Control Hub module has the correct address
12-17 15:58:26.515  2110  2269 V HardwareFactory: createHardwareMap()
12-17 15:58:26.515  2110  2269 V EmbeddedControlHubModule: clearing embedded module
12-17 15:58:26.542  2110  2269 V ReadXMLFileHandler: embedded lynx USB device is already present
12-17 15:58:26.544  2110  2269 V RobotCore: Creating REV Robotics USB Expansion Hub Portal [(embedded)]
12-17 15:58:26.544  2110  2269 V LynxUsb : using existing [(embedded)]: 0x0869c3a2
12-17 15:58:26.545  2110  2269 V LynxUsb : 0x050424fa on 0x0869c3a2: new delegate to [(embedded)]
12-17 15:58:26.545  2110  2269 V RobotCore: Creating Lynx Module - mod=173 parent=true
12-17 15:58:26.549  2110  2269 V RobotCore: Creating Lynx Module - mod=2 parent=false
12-17 15:58:26.551  2110  2269 V LynxUsb : addConfiguredModule() module#=173
12-17 15:58:26.551  2110  2269 V LynxModule: pingAndQueryKnownInterfaces mod=173
12-17 15:58:26.566  2110  2269 V LynxModule: mod#=173 queryInterface(DEKA)=54 commands starting at 4096
12-17 15:58:26.576  2110  2269 V LynxModule: sending LynxFtdiResetControlCommand(true) wasInterrupted=false
12-17 15:58:26.580  2110  2273 V LynxModule: received status: LynxGetModuleStatusResponse(status=0x02 alerts=0x00: Reset)
12-17 15:58:26.581  2110  2273 W HubPowerCycle: Expansion Hub 173 regained power after a complete power loss. No user Op Mode was running.
12-17 15:58:26.581  2110  2273 V LynxModule: resendCurrentPattern()
12-17 15:58:26.581  2110  2273 V LynxModule: sendLEDPatternSteps(): steps=[]
12-17 15:58:26.582  2110  2269 V LynxModule: sendLEDPatternSteps(): steps=[Step(color=65280, msDuration=1000)]
12-17 15:58:26.590  2110  2269 V LynxModule: setAsControlHubEmbeddedModule(mod=173)
12-17 15:58:26.590  2110  2269 V EmbeddedControlHubModule: setting embedded module
12-17 15:58:26.591  2110  2269 V LynxUsb : addConfiguredModule() module#=2
12-17 15:58:26.593  2110  2269 V LynxModule: pingAndQueryKnownInterfaces mod=2
12-17 15:58:26.612  2110  2269 V LynxModule: mod#=2 queryInterface(DEKA)=54 commands starting at 4096
12-17 15:58:26.620  2110  2269 V LynxModule: sending LynxFtdiResetControlCommand(true) wasInterrupted=false
12-17 15:58:26.626  2110  2274 V LynxModule: received status: LynxGetModuleStatusResponse(status=0x05 alerts=0x00: KeepAliveTimeout|FailSafe)
12-17 15:58:26.626  2110  2274 V LynxModule: resendCurrentPattern()
12-17 15:58:26.626  2110  2274 V LynxModule: sendLEDPatternSteps(): steps=[]
12-17 15:58:26.629  2110  2269 V LynxModule: sendLEDPatternSteps(): steps=[Step(color=65280, msDuration=4500), Step(color=0, msDuration=500), Step(color=255, msDuration=500), Step(color=0, msDuration=500), Step(color=255, msDuration=500), Step(color=0, msDuration=500)]
12-17 15:58:26.640  2110  2269 V LynxMotor: initializeHardware() mod#=173
12-17 15:58:26.674  2110  2269 V RobotCore: DcMotorImpl(type=RevRobotics20HDHexMotor)
12-17 15:58:26.674  2110  2269 V RobotCore: DcMotorImpl(type=RevRobotics20HDHexMotor)
12-17 15:58:26.675  2110  2269 V RobotCore: DcMotorImpl(type=RevRobotics20HDHexMotor)
12-17 15:58:26.675  2110  2269 V RobotCore: DcMotorImpl(type=RevRobotics20HDHexMotor)
12-17 15:58:26.675  2110  2269 V LynxServoController: initializeHardware() mod#=173
12-17 15:58:26.694  2110  2269 V LynxVoltageSensor: initializeHardware() mod#=173
12-17 15:58:26.694  2110  2269 V LynxAnalogInputController: initializeHardware() mod#=173
12-17 15:58:26.695  2110  2269 V LynxDigitalChannelController: initializeHardware() mod#=173
12-17 15:58:26.708  2110  2269 V RobotCore: Creating user sensor REV Expansion Hub IMU - on Lynx module=173 bus=0
12-17 15:58:26.708  2110  2269 V RobotCore: Creating I2cDeviceSynch (Lynx) - mod=173 bus=0
12-17 15:58:26.709  2110  2269 I RobotCore: LynxFirmwareVersionManager: LynxI2cDeviceSynchV2
12-17 15:58:26.709  2110  2269 V LynxI2cDeviceSynch: initializeHardware() mod#=173
12-17 15:58:26.711  2110  2269 V LynxMotor: initializeHardware() mod#=2
12-17 15:58:26.761  2110  2269 V RobotCore: DcMotorImpl(type=RevRobotics40HDHexMotor)
12-17 15:58:26.762  2110  2269 V RobotCore: DcMotorImpl(type=Motor)
12-17 15:58:26.762  2110  2269 V LynxServoController: initializeHardware() mod#=2
12-17 15:58:26.794  2110  2269 V LynxVoltageSensor: initializeHardware() mod#=2
12-17 15:58:26.795  2110  2269 V LynxAnalogInputController: initializeHardware() mod#=2
12-17 15:58:26.796  2110  2269 V LynxDigitalChannelController: initializeHardware() mod#=2
12-17 15:58:26.820  2110  2269 V RobotCore: Creating Webcam [C4896350]
12-17 15:58:26.830  2110  2269 I RobotCore: ========= Device Information ===================================================
12-17 15:58:26.830  2110  2269 I RobotCore: Type                                               Name                           Connection
12-17 15:58:26.831  2110  2269 I RobotCore: Expansion Hub DC Motor Controller                  Expansion Hub 2                USB (embedded); module 2
12-17 15:58:26.834  2110  2269 I RobotCore: Expansion Hub Servo Controller                     Expansion Hub 2                USB (embedded); module 2
12-17 15:58:26.835  2110  2269 I RobotCore: Expansion Hub Voltage Sensor                       Expansion Hub 2                USB (embedded); module 2
12-17 15:58:26.836  2110  2269 I RobotCore: Expansion Hub Analog Input Controller              Expansion Hub 2                USB (embedded); module 2
12-17 15:58:26.838  2110  2269 I RobotCore: Expansion Hub Digital Channel Controller           Expansion Hub 2                USB (embedded); module 2
12-17 15:58:26.847  2110  2269 I RobotCore: Expansion Hub (HW: 20, Maj: 1, Min: 8, Eng: 2)     Expansion Hub 2                USB (embedded); module 2
12-17 15:58:26.848  2110  2269 I RobotCore: Motor                                              TracaoFrenteE                  USB (embedded); module 173; port 0
12-17 15:58:26.849  2110  2269 I RobotCore: Motor                                              Carrossel                      USB (embedded); module 2; port 1
12-17 15:58:26.850  2110  2269 I RobotCore: Motor                                              TracaoTrasD                    USB (embedded); module 173; port 3
12-17 15:58:26.852  2110  2269 I RobotCore: REV Expansion Hub IMU                              imu                            USB (embedded); module 173; bus 0; addr7=0x00
12-17 15:58:26.863  2110  2269 I RobotCore: Logitech Webcam                                    Webcam 1                       USB (C4896350)
12-17 15:58:26.865  2110  2269 I RobotCore: Expansion Hub DC Motor Controller                  Control Hub                    USB (embedded); module 173
12-17 15:58:26.865  2110  2269 I RobotCore: Expansion Hub Servo Controller                     Control Hub                    USB (embedded); module 173
12-17 15:58:26.866  2110  2269 I RobotCore: Expansion Hub Voltage Sensor                       Control Hub                    USB (embedded); module 173
12-17 15:58:26.867  2110  2269 I RobotCore: Expansion Hub Analog Input Controller              Control Hub                    USB (embedded); module 173
12-17 15:58:26.867  2110  2269 I RobotCore: Expansion Hub Digital Channel Controller           Control Hub                    USB (embedded); module 173
12-17 15:58:26.871  2110  2269 I RobotCore: Expansion Hub (HW: 20, Maj: 1, Min: 8, Eng: 2)     Control Hub                    USB (embedded); module 173
12-17 15:58:26.872  2110  2269 I RobotCore: Servo                                              Garra                          USB (embedded); module 2; port 0
12-17 15:58:26.872  2110  2269 I RobotCore: Motor                                              Braço                          USB (embedded); module 2; port 0
12-17 15:58:26.873  2110  2269 I RobotCore: Motor                                              TracaoTrasE                    USB (embedded); module 173; port 2
12-17 15:58:26.874  2110  2269 I RobotCore: REV Robotics USB Expansion Hub Portal              Control Hub Portal             USB (embedded)
12-17 15:58:26.874  2110  2269 I RobotCore: Motor                                              TracaoFrenteD                  USB (embedded); module 173; port 1
12-17 15:58:26.892  2110  2269 V LynxUsb : 0x0f4477ee on 0x0869c3a2: releasing delegate to [(embedded)]
12-17 15:58:26.892  2110  2269 I FtcEventLoop: ======= INIT FINISH =======
12-17 15:58:26.892  2110  2269 V RobotCore: EventLoopManager state is RUNNING
12-17 15:58:26.893  2110  2269 V RobotCore: Robot Status: running, starting robot
12-17 15:58:26.896  2110  2269 V RobotCore: Robot Status: running
12-17 15:58:26.897  2110  2192 D SoundPlayer: playing volume=0.000000 samp=2|ms=4506
12-17 15:58:26.899  2110  2269 V RobotCore: thread: ...terminating 'RobotSetupRunnable.run()'
12-17 15:58:26.900  2110  2275 V RobotCore: thread: 'opmode loop()' starting...
12-17 15:58:26.914  2110  2189 V Robocol : sending CMD_NOTIFY_ROBOT_STATE(1818), attempt: 0
12-17 15:58:26.915  2110  2189 V Robocol : sending CMD_PLAY_SOUND(1819), attempt: 0
12-17 15:58:26.915  2110  2189 V Robocol : sending CMD_SHOW_TOAST(1820), attempt: 0
12-17 15:58:27.418  2110  2275 I RobotCore: Attempting to switch to op mode $Stop$Robot$
12-17 15:58:27.474  2110  2189 V Robocol : sending CMD_NOTIFY_INIT_OP_MODE(1832), attempt: 0
12-17 15:58:27.526  2110  2185 V Robocol : received command: CMD_RUN_OP_MODE(11766) $Stop$Robot$
12-17 15:58:27.555  2110  2189 V Robocol : sending CMD_NOTIFY_RUN_OP_MODE(1837), attempt: 0
12-17 16:02:44.845  2110  2185 V Robocol : received command: CMD_DISMISS_DIALOG(15228) {"uuidString":"23ce3b13-9325-41b0-b98e-c0192ccf4e26"}
12-17 16:02:44.889  2110  2110 V AppUtil : dialog dismissed: uuid=23ce3b13-9325-41b0-b98e-c0192ccf4e26
--------- beginning of main
12-17 16:03:47.127  2359  2359 D Uvc     : [jni.cpp:72] JNI_OnLoad()...
